Component: Arm Compiler for Embedded 6.19 Tool: armlink [5e73cb00]

==============================================================================

Section Cross References

    hal_entry.o(.text.tts_queue_is_empty) refers to hal_entry.o(.bss.tts_queue) for tts_queue
    hal_entry.o(.ARM.exidx.text.tts_queue_is_empty) refers to hal_entry.o(.text.tts_queue_is_empty) for [Anonymous Symbol]
    hal_entry.o(.text.tts_queue_is_full) refers to hal_entry.o(.bss.tts_queue) for tts_queue
    hal_entry.o(.ARM.exidx.text.tts_queue_is_full) refers to hal_entry.o(.text.tts_queue_is_full) for [Anonymous Symbol]
    hal_entry.o(.text.tts_queue_enqueue) refers to hal_entry.o(.text.tts_queue_is_full) for tts_queue_is_full
    hal_entry.o(.text.tts_queue_enqueue) refers to hal_entry.o(.rodata.str1.1) for .L.str
    hal_entry.o(.text.tts_queue_enqueue) refers to printfa.o(i.__0printf) for printf
    hal_entry.o(.text.tts_queue_enqueue) refers to hal_entry.o(.bss.incoming_tts_message) for incoming_tts_message
    hal_entry.o(.text.tts_queue_enqueue) refers to hal_entry.o(.bss.tts_segment_counter) for tts_segment_counter
    hal_entry.o(.text.tts_queue_enqueue) refers to hal_entry.o(.bss.tts_queue) for tts_queue
    hal_entry.o(.text.tts_queue_enqueue) refers to memseta.o(.text) for __aeabi_memclr
    hal_entry.o(.text.tts_queue_enqueue) refers to memcpya.o(.text) for __aeabi_memcpy
    hal_entry.o(.ARM.exidx.text.tts_queue_enqueue) refers to hal_entry.o(.text.tts_queue_enqueue) for [Anonymous Symbol]
    hal_entry.o(.text.tts_queue_dequeue) refers to hal_entry.o(.text.tts_queue_is_empty) for tts_queue_is_empty
    hal_entry.o(.text.tts_queue_dequeue) refers to hal_entry.o(.bss.tts_queue) for tts_queue
    hal_entry.o(.text.tts_queue_dequeue) refers to memcpya.o(.text) for __aeabi_memcpy
    hal_entry.o(.text.tts_queue_dequeue) refers to hal_entry.o(.rodata.str1.1) for .L.str.3
    hal_entry.o(.text.tts_queue_dequeue) refers to printfa.o(i.__0printf) for printf
    hal_entry.o(.ARM.exidx.text.tts_queue_dequeue) refers to hal_entry.o(.text.tts_queue_dequeue) for [Anonymous Symbol]
    hal_entry.o(.text.process_tts_queue) refers to hal_entry.o(.bss.tts_playing) for tts_playing
    hal_entry.o(.text.process_tts_queue) refers to hal_entry.o(.text.tts_queue_is_empty) for tts_queue_is_empty
    hal_entry.o(.text.process_tts_queue) refers to hal_entry.o(.text.tts_queue_dequeue) for tts_queue_dequeue
    hal_entry.o(.text.process_tts_queue) refers to hal_entry.o(.rodata.str1.1) for .L.str.4
    hal_entry.o(.text.process_tts_queue) refers to printfa.o(i.__0printf) for printf
    hal_entry.o(.text.process_tts_queue) refers to asr_audio.o(.bss.label_reply_id) for label_reply_id
    hal_entry.o(.text.process_tts_queue) refers to zf_device_ips200pro.o(.text.ips200pro_label_show_string) for ips200pro_label_show_string
    hal_entry.o(.text.process_tts_queue) refers to hal_entry.o(.text.send_utf8_text_to_tts) for send_utf8_text_to_tts
    hal_entry.o(.ARM.exidx.text.process_tts_queue) refers to hal_entry.o(.text.process_tts_queue) for [Anonymous Symbol]
    hal_entry.o(.text.send_utf8_text_to_tts) refers to utf8togbk.o(.text.SwitchToGbk) for SwitchToGbk
    hal_entry.o(.text.send_utf8_text_to_tts) refers to zf_driver_uart.o(.text.uart3_write_buffer) for uart3_write_buffer
    hal_entry.o(.text.send_utf8_text_to_tts) refers to hal_entry.o(.rodata.str1.1) for .L.str.8
    hal_entry.o(.text.send_utf8_text_to_tts) refers to printfa.o(i.__0printf) for printf
    hal_entry.o(.text.send_utf8_text_to_tts) refers to hal_entry.o(.bss.tts_playing) for tts_playing
    hal_entry.o(.text.send_utf8_text_to_tts) refers to hal_entry.o(.bss.tts_response_count) for tts_response_count
    hal_entry.o(.ARM.exidx.text.send_utf8_text_to_tts) refers to hal_entry.o(.text.send_utf8_text_to_tts) for [Anonymous Symbol]
    hal_entry.o(.ARM.exidx.text.starts_with) refers to hal_entry.o(.text.starts_with) for [Anonymous Symbol]
    hal_entry.o(.text.send_text_to_tts) refers to zf_driver_uart.o(.text.uart3_write_buffer) for uart3_write_buffer
    hal_entry.o(.text.send_text_to_tts) refers to hal_entry.o(.rodata.str1.1) for .L.str.5
    hal_entry.o(.text.send_text_to_tts) refers to printfa.o(i.__0printf) for printf
    hal_entry.o(.text.send_text_to_tts) refers to hal_entry.o(.bss.tts_playing) for tts_playing
    hal_entry.o(.text.send_text_to_tts) refers to hal_entry.o(.bss.tts_response_count) for tts_response_count
    hal_entry.o(.ARM.exidx.text.send_text_to_tts) refers to hal_entry.o(.text.send_text_to_tts) for [Anonymous Symbol]
    hal_entry.o(.text.parse_segmented_message) refers to hal_entry.o(.rodata.str1.1) for .L.str.11
    hal_entry.o(.text.parse_segmented_message) refers to printfa.o(i.__0printf) for printf
    hal_entry.o(.text.parse_segmented_message) refers to atoi.o(.text) for atoi
    hal_entry.o(.text.parse_segmented_message) refers to memcpya.o(.text) for __aeabi_memcpy
[...]
    0x02002178   0x02002178   0x0000001a   Code   RO         1116    .text.R_FSP_IsrContextGet  r_adc.o
    0x02002192   0x02002192   0x00000006   PAD
    0x02002198   0x02002198   0x0000001a   Code   RO         1198    .text.R_FSP_IsrContextGet  r_agt.o
    0x020021b2   0x020021b2   0x00000006   PAD
    0x020021b8   0x020021b8   0x0000001a   Code   RO         1241    .text.R_FSP_IsrContextGet  r_ceu.o
    0x020021d2   0x020021d2   0x00000006   PAD
    0x020021d8   0x020021d8   0x0000001a   Code   RO         1517    .text.R_FSP_IsrContextGet  r_sci_b_spi.o
    0x020021f2   0x020021f2   0x00000006   PAD
    0x020021f8   0x020021f8   0x0000001a   Code   RO         1590    .text.R_FSP_IsrContextGet  r_sci_b_uart.o
    0x02002212   0x02002212   0x00000006   PAD
    0x02002218   0x02002218   0x0000001a   Code   RO         1688    .text.R_FSP_IsrContextGet  r_sdhi.o
    0x02002232   0x02002232   0x00000006   PAD
    0x02002238   0x02002238   0x0000001a   Code   RO         1776    .text.R_FSP_IsrContextGet  r_spi_b.o
    0x02002252   0x02002252   0x00000006   PAD
    0x02002258   0x02002258   0x0000001e   Code   RO         1136    .text.R_FSP_IsrContextSet  r_adc.o
    0x02002276   0x02002276   0x00000002   PAD
    0x02002278   0x02002278   0x0000001e   Code   RO         1190    .text.R_FSP_IsrContextSet  r_agt.o
    0x02002296   0x02002296   0x00000002   PAD
    0x02002298   0x02002298   0x0000001e   Code   RO         1535    .text.R_FSP_IsrContextSet  r_sci_b_spi.o
    0x020022b6   0x020022b6   0x00000002   PAD
    0x020022b8   0x020022b8   0x0000001e   Code   RO         1612    .text.R_FSP_IsrContextSet  r_sci_b_uart.o
    0x020022d6   0x020022d6   0x00000002   PAD
    0x020022d8   0x020022d8   0x00000040   Code   RO         1582    .text.R_FSP_SciClockHzGet  r_sci_b_uart.o
    0x02002318   0x02002318   0x000000da   Code   RO         1126    .text.R_FSP_SystemClockHzGet  r_adc.o
    0x020023f2   0x020023f2   0x00000006   PAD
    0x020023f8   0x020023f8   0x000000da   Code   RO         1210    .text.R_FSP_SystemClockHzGet  r_agt.o
    0x020024d2   0x020024d2   0x00000006   PAD
    0x020024d8   0x020024d8   0x00000012   Code   RO         1436    .text.R_IOPORT_Close  r_ioport.o
    0x020024ea   0x020024ea   0x00000006   PAD
    0x020024f0   0x020024f0   0x00000024   Code   RO         1434    .text.R_IOPORT_Open  r_ioport.o
    0x02002514   0x02002514   0x00000004   PAD
    0x02002518   0x02002518   0x00000040   Code   RO         1440    .text.R_IOPORT_PinCfg  r_ioport.o
    0x02002558   0x02002558   0x00000060   Code   RO         1442    .text.R_IOPORT_PinEventInputRead  r_ioport.o
    0x020025b8   0x020025b8   0x00000026   Code   RO         1444    .text.R_IOPORT_PinEventOutputWrite  r_ioport.o
    0x020025de   0x020025de   0x00000002   PAD
    0x020025e0   0x020025e0   0x0000001e   Code   RO         1446    .text.R_IOPORT_PinRead  r_ioport.o
    0x020025fe   0x020025fe   0x00000002   PAD
    0x02002600   0x02002600   0x00000080   Code   RO         1448    .text.R_IOPORT_PinWrite  r_ioport.o
    0x02002680   0x02002680   0x00000014   Code   RO         1438    .text.R_IOPORT_PinsCfg  r_ioport.o
    0x02002694   0x02002694   0x00000004   PAD
    0x02002698   0x02002698   0x00000068   Code   RO         1450    .text.R_IOPORT_PortDirectionSet  r_ioport.o
    0x02002700   0x02002700   0x00000034   Code   RO         1452    .text.R_IOPORT_PortEventInputRead  r_ioport.o
    0x02002734   0x02002734   0x00000004   PAD
    0x02002738   0x02002738   0x0000005c   Code   RO         1454    .text.R_IOPORT_PortEventOutputWrite  r_ioport.o
    0x02002794   0x02002794   0x00000004   PAD
    0x02002798   0x02002798   0x00000032   Code   RO         1456    .text.R_IOPORT_PortRead  r_ioport.o
    0x020027ca   0x020027ca   0x00000006   PAD
    0x020027d0   0x020027d0   0x0000005c   Code   RO         1458    .text.R_IOPORT_PortWrite  r_ioport.o
    0x0200282c   0x0200282c   0x00000004   PAD
    0x02002830   0x02002830   0x00000026   Code   RO         1491    .text.R_SCI_B_SPI_CallbackSet  r_sci_b_spi.o
    0x02002856   0x02002856   0x00000002   PAD
    0x02002858   0x02002858   0x000000c8   Code   RO         1493    .text.R_SCI_B_SPI_Close  r_sci_b_spi.o
    0x02002920   0x02002920   0x000000aa   Code   RO         1483    .text.R_SCI_B_SPI_Open  r_sci_b_spi.o
    0x020029ca   0x020029ca   0x00000006   PAD
    0x020029d0   0x020029d0   0x00000022   Code   RO         1485    .text.R_SCI_B_SPI_Read  r_sci_b_spi.o
    0x020029f2   0x020029f2   0x00000006   PAD
    0x020029f8   0x020029f8   0x00000022   Code   RO         1487    .text.R_SCI_B_SPI_Write  r_sci_b_spi.o
    0x02002a1a   0x02002a1a   0x00000006   PAD
    0x02002a20   0x02002a20   0x0000002a   Code   RO         1489    .text.R_SCI_B_SPI_WriteRead  r_sci_b_spi.o
    0x02002a4a   0x02002a4a   0x00000006   PAD
    0x02002a50   0x02002a50   0x00000092   Code   RO         1564    .text.R_SCI_B_UART_Abort  r_sci_b_uart.o
    0x02002ae2   0x02002ae2   0x00000006   PAD
    0x02002ae8   0x02002ae8   0x00000240   Code   RO         1580    .text.R_SCI_B_UART_BaudCalculate  r_sci_b_uart.o
    0x02002d28   0x02002d28   0x00000044   Code   RO         1560    .text.R_SCI_B_UART_BaudSet  r_sci_b_uart.o
    0x02002d6c   0x02002d6c   0x00000004   PAD
    0x02002d70   0x02002d70   0x00000026   Code   RO         1566    .text.R_SCI_B_UART_CallbackSet  r_sci_b_uart.o
    0x02002d96   0x02002d96   0x00000002   PAD
    0x02002d98   0x02002d98   0x000000e2   Code   RO         1568    .text.R_SCI_B_UART_Close  r_sci_b_uart.o
    0x02002e7a   0x02002e7a   0x00000006   PAD
    0x02002e80   0x02002e80   0x00000018   Code   RO         1562    .text.R_SCI_B_UART_InfoGet  r_sci_b_uart.o
    0x02002e98   0x02002e98   0x00000164   Code   RO         1554    .text.R_SCI_B_UART_Open  r_sci_b_uart.o
    0x02002ffc   0x02002ffc   0x00000004   PAD
    0x02003000   0x02003000   0x00000022   Code   RO         1556    .text.R_SCI_B_UART_Read  r_sci_b_uart.o
    0x02003022   0x02003022   0x00000006   PAD
    0x02003028   0x02003028   0x0000001c   Code   RO         1570    .text.R_SCI_B_UART_ReadStop  r_sci_b_uart.o
    0x02003044   0x02003044   0x00000004   PAD
    0x02003048   0x02003048   0x00000066   Code   RO         1558    .text.R_SCI_B_UART_Write  r_sci_b_uart.o
    0x020030ae   0x020030ae   0x00000002   PAD
    0x020030b0   0x020030b0   0x0000000e   Code   RO          850  * .text.Reset_Handler  startup.o
    0x020030be   0x020030be   0x00000002   PAD
    0x020030c0   0x020030c0   0x00000108   Code   RO          128    .text.SwitchToGbk   utf8togbk.o
    0x020031c8   0x020031c8   0x0000011a   Code   RO          890    .text.SystemCoreClockUpdate  bsp_clocks.o
    0x020032e2   0x020032e2   0x00000006   PAD
    0x020032e8   0x020032e8   0x0000022c   Code   RO          864    .text.SystemInit    system.o
    0x02003514   0x02003514   0x00000004   PAD
    0x02003518   0x02003518   0x00000038   Code   RO         1188    .text.__NVIC_DisableIRQ  r_agt.o
    0x02003550   0x02003550   0x00000042   Code   RO         1134    .text.__NVIC_SetPriority  r_adc.o
    0x02003592   0x02003592   0x00000006   PAD
    0x02003598   0x02003598   0x00000042   Code   RO         1204    .text.__NVIC_SetPriority  r_agt.o
    0x020035da   0x020035da   0x00000006   PAD
    0x020035e0   0x020035e0   0x00000042   Code   RO         1533    .text.__NVIC_SetPriority  r_sci_b_spi.o
    0x02003622   0x02003622   0x00000006   PAD
    0x02003628   0x02003628   0x00000042   Code   RO         1610    .text.__NVIC_SetPriority  r_sci_b_uart.o
    0x0200366a   0x0200366a   0x00000006   PAD
    0x02003670   0x02003670   0x00000026   Code   RO          328    .text.adc_callback  zf_driver_adc.o
    0x02003696   0x02003696   0x00000002   PAD
    0x02003698   0x02003698   0x00000058   Code   RO          332    .text.adc_get_mic   zf_driver_adc.o
    0x020036f0   0x020036f0   0x00000058   Code   RO          334    .text.adc_get_random  zf_driver_adc.o
    0x02003748   0x02003748   0x00000028   Code   RO          336    .text.adc_init      zf_driver_adc.o
    0x02003770   0x02003770   0x0000000a   Code   RO         1106    .text.adc_scan_end_isr  r_adc.o
    0x0200377a   0x0200377a   0x00000006   PAD
    0x02003780   0x02003780   0x00000012   Code   RO          404    .text.agt0_callback  zf_driver_pit.o
    0x02003792   0x02003792   0x00000006   PAD
    0x02003798   0x02003798   0x00000018   Code   RO           92    .text.agt1_callback  hal_entry.o
    0x020037b0   0x020037b0   0x000000e6   Code   RO         1192    .text.agt_int_isr   r_agt.o
    0x02003896   0x02003896   0x00000002   PAD
    0x02003898   0x02003898   0x000001dc   Code   RO          706    .text.audio_callback  asr_audio.o
    0x02003a74   0x02003a74   0x00000004   PAD
    0x02003a78   0x02003a78   0x000000ea   Code   RO          708    .text.audio_data_send  asr_audio.o
    0x02003b62   0x02003b62   0x00000006   PAD
    0x02003b68   0x02003b68   0x0000021a   Code   RO          710    .text.audio_init    asr_audio.o
    0x02003d82   0x02003d82   0x00000006   PAD
    0x02003d88   0x02003d88   0x0000025e   Code   RO          714    .text.audio_loop    asr_audio.o
    0x02003fe6   0x02003fe6   0x00000002   PAD
    0x02003fe8   0x02003fe8   0x00000138   Code   RO          773    .text.base64_encode  base64.o
    0x02004120   0x02004120   0x0000004a   Code   RO          908    .text.bsp_clock_freq_var_init  bsp_clocks.o
    0x0200416a   0x0200416a   0x00000006   PAD
    0x02004170   0x02004170   0x0000014a   Code   RO          904    .text.bsp_clock_init  bsp_clocks.o
    0x020042ba   0x020042ba   0x00000006   PAD
    0x020042c0   0x020042c0   0x00000034   Code   RO          965    .text.bsp_group_irq_call  bsp_group_irq.o
    0x020042f4   0x020042f4   0x00000004   PAD
    0x020042f8   0x020042f8   0x0000005c   Code   RO          870    .text.bsp_init_dtcm  system.o
    0x02004354   0x02004354   0x00000004   PAD
    0x02004358   0x02004358   0x00000008   Code   RO          934    .text.bsp_init_internal  bsp_common.o
    0x02004360   0x02004360   0x00000034   Code   RO          868    .text.bsp_init_itcm  system.o
    0x02004394   0x02004394   0x00000004   PAD
    0x02004398   0x02004398   0x0000004c   Code   RO          982    .text.bsp_irq_cfg   bsp_irq.o
    0x020043e4   0x020043e4   0x00000004   PAD
    0x020043e8   0x020043e8   0x0000005e   Code   RO          914    .text.bsp_peripheral_clock_set  bsp_clocks.o
    0x02004446   0x02004446   0x00000002   PAD
    0x02004448   0x02004448   0x000000a2   Code   RO          912    .text.bsp_prv_clock_set_hard_reset  bsp_clocks.o
    0x020044ea   0x020044ea   0x00000006   PAD
    0x020044f0   0x020044f0   0x00000008   Code   RO          952    .text.bsp_prv_software_delay_loop  bsp_delay.o
    0x020044f8   0x020044f8   0x0000007a   Code   RO          910    .text.bsp_prv_sosc_init  bsp_clocks.o
    0x02004572   0x02004572   0x00000006   PAD
    0x02004578   0x02004578   0x0000017e   Code   RO         1462    .text.bsp_vbatt_init  r_ioport.o
    0x020046f6   0x020046f6   0x00000002   PAD
    0x020046f8   0x020046f8   0x00000060   Code   RO         1243    .text.ceu_call_callback  r_ceu.o
    0x02004758   0x02004758   0x0000005c   Code   RO         1235    .text.ceu_isr       r_ceu.o
    0x020047b4   0x020047b4   0x00000004   PAD
    0x020047b8   0x020047b8   0x000000c2   Code   RO          686    .text.check_and_restore_wifi  asr_audio.o
    0x0200487a   0x0200487a   0x00000006   PAD
    0x02004880   0x02004880   0x000005e2   Code   RO          696    .text.check_bafa_reply  asr_audio.o
    0x02004e62   0x02004e62   0x00000006   PAD
    0x02004e68   0x02004e68   0x00000264   Code   RO          690    .text.connect_bafa_cloud  asr_audio.o
    0x020050cc   0x020050cc   0x00000004   PAD
    0x020050d0   0x020050d0   0x00000032   Code   RO          827    .text.create_handshake_request  websocket_client.o
    0x02005102   0x02005102   0x00000006   PAD
    0x02005108   0x02005108   0x00000016   Code   RO          171    .text.debug_init    zf_common_debug.o
    0x0200511e   0x0200511e   0x00000002   PAD
    0x02005120   0x02005120   0x00000038   Code   RO          688    .text.disconnect_bafa_temporarily  asr_audio.o
    0x02005158   0x02005158   0x0000010c   Code   RO          702    .text.extract_content_fields  asr_audio.o
    0x02005264   0x02005264   0x00000004   PAD
    0x02005268   0x02005268   0x00000092   Code   RO          138    .text.fifo_clear    zf_common_fifo.o
    0x020052fa   0x020052fa   0x00000006   PAD
    0x02005300   0x02005300   0x0000002e   Code   RO          150    .text.fifo_end_offset  zf_common_fifo.o
    0x0200532e   0x0200532e   0x00000002   PAD
    0x02005330   0x02005330   0x0000002e   Code   RO          144    .text.fifo_head_offset  zf_common_fifo.o
    0x0200535e   0x0200535e   0x00000002   PAD
    0x02005360   0x02005360   0x00000054   Code   RO          156    .text.fifo_init     zf_common_fifo.o
    0x020053b4   0x020053b4   0x00000004   PAD
    0x020053b8   0x020053b8   0x000001c4   Code   RO          152    .text.fifo_read_buffer  zf_common_fifo.o
    0x0200557c   0x0200557c   0x00000004   PAD
    0x02005580   0x02005580   0x000001fe   Code   RO          154    .text.fifo_read_tail_buffer  zf_common_fifo.o
    0x0200577e   0x0200577e   0x00000002   PAD
    0x02005780   0x02005780   0x00000010   Code   RO          140    .text.fifo_used     zf_common_fifo.o
    0x02005790   0x02005790   0x000001e4   Code   RO          146    .text.fifo_write_buffer  zf_common_fifo.o
    0x02005974   0x02005974   0x00000004   PAD
    0x02005978   0x02005978   0x00000042   Code   RO          167    .text.fputc         zf_common_debug.o
    0x020059ba   0x020059ba   0x00000006   PAD
    0x020059c0   0x020059c0   0x000000da   Code   RO          189    .text.func_int_to_str  zf_common_function.o
    0x02005a9a   0x02005a9a   0x00000006   PAD
    0x02005aa0   0x02005aa0   0x00000016   Code   RO          185    .text.func_soft_delay  zf_common_function.o
    0x02005ab6   0x02005ab6   0x00000002   PAD
    0x02005ab8   0x02005ab8   0x00000012   Code   RO          684    .text.get_system_time_ms  asr_audio.o
    0x02005aca   0x02005aca   0x00000006   PAD
    0x02005ad0   0x02005ad0   0x0000003a   Code   RO          223    .text.gpio_get_level  zf_driver_gpio.o
    0x02005b0a   0x02005b0a   0x00000006   PAD
    0x02005b10   0x02005b10   0x0000003e   Code   RO          221    .text.gpio_set_level  zf_driver_gpio.o
    0x02005b4e   0x02005b4e   0x00000002   PAD
    0x02005b50   0x02005b50   0x000000ce   Code   RO           90    .text.hal_entry     hal_entry.o
    0x02005c1e   0x02005c1e   0x00000002   PAD
    0x02005c20   0x02005c20   0x0000016e   Code   RO          716    .text.handle_button_press  asr_audio.o
    0x02005d8e   0x02005d8e   0x00000002   PAD
    0x02005d90   0x02005d90   0x00000118   Code   RO          712    .text.handle_end_of_recognition  asr_audio.o
    0x02005ea8   0x02005ea8   0x00000032   Code   RO          796    .text.hmac_sha256   hmac_sha256.o
    0x02005eda   0x02005eda   0x00000006   PAD
    0x02005ee0   0x02005ee0   0x000000aa   Code   RO          794    .text.hmac_sha256_final  hmac_sha256.o
    0x02005f8a   0x02005f8a   0x00000006   PAD
    0x02005f90   0x02005f90   0x0000012c   Code   RO          790    .text.hmac_sha256_init  hmac_sha256.o
    0x020060bc   0x020060bc   0x00000004   PAD
    0x020060c0   0x020060c0   0x0000001a   Code   RO          792    .text.hmac_sha256_update  hmac_sha256.o
    0x020060da   0x020060da   0x00000006   PAD
    0x020060e0   0x020060e0   0x0000019c   Code   RO          357    .text.init_sdram    ra_driver_sdram.o
    0x0200627c   0x0200627c   0x00000004   PAD
    0x02006280   0x02006280   0x00000084   Code   RO          574    .text.ips200pro_create_widgets  zf_device_ips200pro.o
    0x02006304   0x02006304   0x00000004   PAD
    0x02006308   0x02006308   0x00000084   Code   RO          648    .text.ips200pro_init  zf_device_ips200pro.o
    0x0200638c   0x0200638c   0x00000004   PAD
    0x02006390   0x02006390   0x000000a2   Code   RO          596    .text.ips200pro_label_create  zf_device_ips200pro.o
    0x02006432   0x02006432   0x00000006   PAD
    0x02006438   0x02006438   0x0000003a   Code   RO          602    .text.ips200pro_label_mode  zf_device_ips200pro.o
    0x02006472   0x02006472   0x00000006   PAD
    0x02006478   0x02006478   0x00000070   Code   RO          598    .text.ips200pro_label_printf  zf_device_ips200pro.o
    0x020064e8   0x020064e8   0x0000003a   Code   RO          600    .text.ips200pro_label_show_string  zf_device_ips200pro.o
    0x02006522   0x02006522   0x00000006   PAD
    0x02006528   0x02006528   0x000000b4   Code   RO          586    .text.ips200pro_page_create  zf_device_ips200pro.o
    0x020065dc   0x020065dc   0x00000004   PAD
    0x020065e0   0x020065e0   0x0000003e   Code   RO          588    .text.ips200pro_page_set_title_name  zf_device_ips200pro.o
    0x0200661e   0x0200661e   0x00000002   PAD
    0x02006620   0x02006620   0x00000040   Code   RO          594    .text.ips200pro_page_set_title_position_width  zf_device_ips200pro.o
    0x02006660   0x02006660   0x0000003a   Code   RO          590    .text.ips200pro_page_switch  zf_device_ips200pro.o
    0x0200669a   0x0200669a   0x00000006   PAD
    0x020066a0   0x020066a0   0x0000008e   Code   RO          536    .text.ips200pro_send_buffer  zf_device_ips200pro.o
    0x0200672e   0x0200672e   0x00000002   PAD
    0x02006730   0x02006730   0x00000048   Code   RO          580    .text.ips200pro_set_color  zf_device_ips200pro.o
    0x02006778   0x02006778   0x00000032   Code   RO          562    .text.ips200pro_set_default_font  zf_device_ips200pro.o
    0x020067aa   0x020067aa   0x00000006   PAD
    0x020067b0   0x020067b0   0x00000032   Code   RO          558    .text.ips200pro_set_direction  zf_device_ips200pro.o
    0x020067e2   0x020067e2   0x00000006   PAD
    0x020067e8   0x020067e8   0x00000032   Code   RO          554    .text.ips200pro_set_format  zf_device_ips200pro.o
    0x0200681a   0x0200681a   0x00000006   PAD
    0x02006820   0x02006820   0x00000032   Code   RO          564    .text.ips200pro_set_optimize  zf_device_ips200pro.o
    0x02006852   0x02006852   0x00000006   PAD
    0x02006858   0x02006858   0x00000052   Code   RO          538    .text.ips200pro_wait_idle  zf_device_ips200pro.o
    0x020068aa   0x020068aa   0x00000006   PAD
    0x020068b0   0x020068b0   0x00000098   Code   RO          544    .text.ips200pro_write_packet  zf_device_ips200pro.o
    0x02006948   0x02006948   0x00000014   Code   RO         1950    .text.main          main.o
    0x0200695c   0x0200695c   0x00000004   PAD
    0x02006960   0x02006960   0x00000034   Code   RO          872    .text.memcpy_64     system.o
    0x02006994   0x02006994   0x00000004   PAD
    0x02006998   0x02006998   0x0000002e   Code   RO          874    .text.memset_64     system.o
    0x020069c6   0x020069c6   0x00000002   PAD
    0x020069c8   0x020069c8   0x00000084   Code   RO          829    .text.parse_handshake_response  websocket_client.o
    0x02006a4c   0x02006a4c   0x00000004   PAD
    0x02006a50   0x02006a50   0x0000028a   Code   RO           74    .text.parse_segmented_message  hal_entry.o
    0x02006cda   0x02006cda   0x00000006   PAD
    0x02006ce0   0x02006ce0   0x00000014   Code   RO          412    .text.pit_disable   zf_driver_pit.o
    0x02006cf4   0x02006cf4   0x00000004   PAD
    0x02006cf8   0x02006cf8   0x00000014   Code   RO          410    .text.pit_enable    zf_driver_pit.o
    0x02006d0c   0x02006d0c   0x00000004   PAD
    0x02006d10   0x02006d10   0x00000044   Code   RO          408    .text.pit_init      zf_driver_pit.o
    0x02006d54   0x02006d54   0x00000004   PAD
    0x02006d58   0x02006d58   0x0000025c   Code   RO           76    .text.process_cloud_response  hal_entry.o
    0x02006fb4   0x02006fb4   0x00000004   PAD
    0x02006fb8   0x02006fb8   0x0000033a   Code   RO          718    .text.process_idle_state  asr_audio.o
    0x020072f2   0x020072f2   0x00000006   PAD
    0x020072f8   0x020072f8   0x000001ba   Code   RO          720    .text.process_recording_state  asr_audio.o
    0x020074b2   0x020074b2   0x00000006   PAD
    0x020074b8   0x020074b8   0x0000004e   Code   RO           82    .text.process_tts_message  hal_entry.o
    0x02007506   0x02007506   0x00000002   PAD
    0x02007508   0x02007508   0x0000005c   Code   RO           66    .text.process_tts_queue  hal_entry.o
    0x02007564   0x02007564   0x00000004   PAD
    0x02007568   0x02007568   0x0000015c   Code   RO           84    .text.process_tts_response  hal_entry.o
    0x020076c4   0x020076c4   0x00000004   PAD
    0x020076c8   0x020076c8   0x000000bc   Code   RO         1118    .text.r_adc_call_callback  r_adc.o
    0x02007784   0x02007784   0x00000004   PAD
    0x02007788   0x02007788   0x0000002a   Code   RO         1104    .text.r_adc_irq_disable  r_adc.o
    0x020077b2   0x020077b2   0x00000006   PAD
    0x020077b8   0x020077b8   0x0000002c   Code   RO         1096    .text.r_adc_irq_enable  r_adc.o
    0x020077e4   0x020077e4   0x00000004   PAD
    0x020077e8   0x020077e8   0x00000030   Code   RO         1102    .text.r_adc_lowest_channel_get  r_adc.o
    0x02007818   0x02007818   0x00000144   Code   RO         1094    .text.r_adc_open_sub  r_adc.o
    0x0200795c   0x0200795c   0x00000004   PAD
    0x02007960   0x02007960   0x000001d2   Code   RO         1098    .text.r_adc_scan_cfg  r_adc.o
    0x02007b32   0x02007b32   0x00000006   PAD
    0x02007b38   0x02007b38   0x0000004e   Code   RO         1108    .text.r_adc_scan_end_common_isr  r_adc.o
    0x02007b86   0x02007b86   0x00000002   PAD
    0x02007b88   0x02007b88   0x00000110   Code   RO         1122    .text.r_adc_sensor_cfg  r_adc.o
    0x02007c98   0x02007c98   0x00000050   Code   RO         1124    .text.r_adc_sensor_sample_state_calculation  r_adc.o
    0x02007ce8   0x02007ce8   0x00000094   Code   RO         1186    .text.r_agt_clock_frequency_get  r_agt.o
    0x02007d7c   0x02007d7c   0x00000004   PAD
    0x02007d80   0x02007d80   0x0000004a   Code   RO         1184    .text.r_agt_common_preamble  r_agt.o
    0x02007dca   0x02007dca   0x00000006   PAD
    0x02007dd0   0x02007dd0   0x000000b8   Code   RO         1178    .text.r_agt_hardware_cfg  r_agt.o
    0x02007e88   0x02007e88   0x00000068   Code   RO         1180    .text.r_agt_period_register_set  r_agt.o
    0x02007ef0   0x02007ef0   0x0000005e   Code   RO         1319    .text.r_dtc_block_repeat_initialize  r_dtc.o
    0x02007f4e   0x02007f4e   0x00000002   PAD
    0x02007f50   0x02007f50   0x00000022   Code   RO         1313    .text.r_dtc_disable_transfer  r_dtc.o
    0x02007f72   0x02007f72   0x00000006   PAD
    0x02007f78   0x02007f78   0x00000024   Code   RO         1317    .text.r_dtc_prv_enable  r_dtc.o
    0x02007f9c   0x02007f9c   0x00000004   PAD
    0x02007fa0   0x02007fa0   0x00000036   Code   RO         1311    .text.r_dtc_set_info  r_dtc.o
    0x02007fd6   0x02007fd6   0x00000002   PAD
    0x02007fd8   0x02007fd8   0x0000008a   Code   RO         1309    .text.r_dtc_state_initialize  r_dtc.o
    0x02008062   0x02008062   0x00000006   PAD
    0x02008068   0x02008068   0x0000002a   Code   RO         1315    .text.r_dtc_wait_for_transfer_complete  r_dtc.o
    0x02008092   0x02008092   0x00000006   PAD
    0x02008098   0x02008098   0x00000074   Code   RO         1472    .text.r_ioport_hw_pin_event_output_data_write  r_ioport.o
    0x0200810c   0x0200810c   0x00000004   PAD
    0x02008110   0x02008110   0x0000006e   Code   RO         1466    .text.r_ioport_pfs_write  r_ioport.o
    0x0200817e   0x0200817e   0x00000002   PAD
    0x02008180   0x02008180   0x00000056   Code   RO         1460    .text.r_ioport_pins_config  r_ioport.o
    0x020081d6   0x020081d6   0x00000002   PAD
    0x020081d8   0x020081d8   0x00000030   Code   RO         1606    .text.r_sci_b_irq_cfg  r_sci_b_uart.o
    0x02008208   0x02008208   0x00000044   Code   RO         1572    .text.r_sci_b_irqs_cfg  r_sci_b_uart.o
    0x0200824c   0x0200824c   0x00000004   PAD
    0x02008250   0x02008250   0x0000006c   Code   RO         1525    .text.r_sci_b_spi_call_callback  r_sci_b_spi.o
    0x020082bc   0x020082bc   0x00000004   PAD
    0x020082c0   0x020082c0   0x0000016c   Code   RO         1497    .text.r_sci_b_spi_hw_config  r_sci_b_spi.o
    0x0200842c   0x0200842c   0x00000004   PAD
    0x02008430   0x02008430   0x000000ac   Code   RO         1543    .text.r_sci_b_spi_start_transfer  r_sci_b_spi.o
    0x020084dc   0x020084dc   0x00000004   PAD
    0x020084e0   0x020084e0   0x000000ba   Code   RO         1495    .text.r_sci_b_spi_transfer_config  r_sci_b_spi.o
    0x0200859a   0x0200859a   0x00000006   PAD
    0x020085a0   0x020085a0   0x00000044   Code   RO         1519    .text.r_sci_b_spi_transmit  r_sci_b_spi.o
    0x020085e4   0x020085e4   0x00000004   PAD
    0x020085e8   0x020085e8   0x00000118   Code   RO         1501    .text.r_sci_b_spi_write_read_common  r_sci_b_spi.o
    0x02008700   0x02008700   0x00000080   Code   RO         1592    .text.r_sci_b_uart_call_callback  r_sci_b_uart.o
    0x02008780   0x02008780   0x00000164   Code   RO         1574    .text.r_sci_b_uart_config_set  r_sci_b_uart.o
    0x020088e4   0x020088e4   0x00000004   PAD
    0x020088e8   0x020088e8   0x0000015a   Code   RO         1690    .text.r_sdhi_access_irq_process  r_sdhi.o
    0x02008a42   0x02008a42   0x00000006   PAD
    0x02008a48   0x02008a48   0x0000007e   Code   RO         1682    .text.r_sdhi_call_callback  r_sdhi.o
    0x02008ac6   0x02008ac6   0x00000002   PAD
    0x02008ac8   0x02008ac8   0x000000a8   Code   RO         1678    .text.r_sdhi_transfer_callback  r_sdhi.o
    0x02008b70   0x02008b70   0x0000003c   Code   RO         1680    .text.r_sdhi_transfer_end  r_sdhi.o
    0x02008bac   0x02008bac   0x00000004   PAD
    0x02008bb0   0x02008bb0   0x0000006c   Code   RO         1790    .text.r_spi_b_call_callback  r_spi_b.o
    0x02008c1c   0x02008c1c   0x00000004   PAD
    0x02008c20   0x02008c20   0x00000090   Code   RO         1778    .text.r_spi_b_receive  r_spi_b.o
    0x02008cb0   0x02008cb0   0x0000008c   Code   RO         1780    .text.r_spi_b_transmit  r_spi_b.o
    0x02008d3c   0x02008d3c   0x00000004   PAD
    0x02008d40   0x02008d40   0x00000040   Code   RO         1527    .text.sci_b_spi_eri_isr  r_sci_b_spi.o
    0x02008d80   0x02008d80   0x0000007e   Code   RO         1521    .text.sci_b_spi_rxi_isr  r_sci_b_spi.o
    0x02008dfe   0x02008dfe   0x00000002   PAD
    0x02008e00   0x02008e00   0x00000048   Code   RO         1523    .text.sci_b_spi_tei_isr  r_sci_b_spi.o
    0x02008e48   0x02008e48   0x0000005e   Code   RO         1511    .text.sci_b_spi_txi_isr  r_sci_b_spi.o
    0x02008ea6   0x02008ea6   0x00000002   PAD
    0x02008ea8   0x02008ea8   0x000000b2   Code   RO         1598    .text.sci_b_uart_eri_isr  r_sci_b_uart.o
    0x02008f5a   0x02008f5a   0x00000006   PAD
    0x02008f60   0x02008f60   0x000000b2   Code   RO         1594    .text.sci_b_uart_rxi_isr  r_sci_b_uart.o
    0x02009012   0x02009012   0x00000006   PAD
    0x02009018   0x02009018   0x00000048   Code   RO         1596    .text.sci_b_uart_tei_isr  r_sci_b_uart.o
    0x02009060   0x02009060   0x000000c0   Code   RO         1584    .text.sci_b_uart_txi_isr  r_sci_b_uart.o
    0x02009120   0x02009120   0x0000004e   Code   RO         1684    .text.sdhimmc_accs_isr  r_sdhi.o
    0x0200916e   0x0200916e   0x00000002   PAD
    0x02009170   0x02009170   0x00000096   Code   RO         1694    .text.sdhimmc_card_isr  r_sdhi.o
    0x02009206   0x02009206   0x00000002   PAD
    0x02009208   0x02009208   0x00000028   Code   RO         1696    .text.sdhimmc_dma_req_isr  r_sdhi.o
    0x02009230   0x02009230   0x0000005a   Code   RO          692    .text.send_heartbeat  asr_audio.o
    0x0200928a   0x0200928a   0x00000006   PAD
    0x02009290   0x02009290   0x000002d0   Code   RO          694    .text.send_message_to_bafa  asr_audio.o
    0x02009560   0x02009560   0x000000d0   Code   RO           68    .text.send_utf8_text_to_tts  hal_entry.o
    0x02009630   0x02009630   0x000000ae   Code   RO          812    .text.sha1_final    sha1.o
    0x020096de   0x020096de   0x00000002   PAD
    0x020096e0   0x020096e0   0x00000028   Code   RO          814    .text.sha1_hash     sha1.o
    0x02009708   0x02009708   0x0000004e   Code   RO          806    .text.sha1_init     sha1.o
    0x02009756   0x02009756   0x00000002   PAD
    0x02009758   0x02009758   0x000001cc   Code   RO          810    .text.sha1_process_block  sha1.o
    0x02009924   0x02009924   0x00000004   PAD
    0x02009928   0x02009928   0x000000be   Code   RO          808    .text.sha1_update   sha1.o
    0x020099e6   0x020099e6   0x00000002   PAD
    0x020099e8   0x020099e8   0x0000011c   Code   RO          784    .text.sha256_final  hmac_sha256.o
    0x02009b04   0x02009b04   0x00000004   PAD
    0x02009b08   0x02009b08   0x00000070   Code   RO          782    .text.sha256_init   hmac_sha256.o
    0x02009b78   0x02009b78   0x000001a6   Code   RO          786    .text.sha256_transform  hmac_sha256.o
    0x02009d1e   0x02009d1e   0x00000002   PAD
    0x02009d20   0x02009d20   0x000000b4   Code   RO          788    .text.sha256_update  hmac_sha256.o
    0x02009dd4   0x02009dd4   0x00000004   PAD
    0x02009dd8   0x02009dd8   0x00000020   Code   RO          534    .text.spi2_callback  zf_device_ips200pro.o
    0x02009df8   0x02009df8   0x00000014   Code   RO          540    .text.spi2_time_out  zf_device_ips200pro.o
    0x02009e0c   0x02009e0c   0x00000004   PAD
    0x02009e10   0x02009e10   0x000000a8   Code   RO         1792    .text.spi_b_eri_isr  r_spi_b.o
    0x02009eb8   0x02009eb8   0x00000048   Code   RO         1770    .text.spi_b_rxi_isr  r_spi_b.o
    0x02009f00   0x02009f00   0x00000072   Code   RO         1786    .text.spi_b_tei_isr  r_spi_b.o
    0x02009f72   0x02009f72   0x00000006   PAD
    0x02009f78   0x02009f78   0x00000018   Code   RO         1784    .text.spi_b_txi_isr  r_spi_b.o
    0x02009f90   0x02009f90   0x0000004a   Code   RO           70    .text.starts_with   hal_entry.o
    0x02009fda   0x02009fda   0x00000006   PAD
    0x02009fe0   0x02009fe0   0x00000014   Code   RO          232    .text.system_delay_ms  zf_driver_delay.o
    0x02009ff4   0x02009ff4   0x00000004   PAD
    0x02009ff8   0x02009ff8   0x00000138   Code   RO          700    .text.time_get_data  asr_audio.o
    0x0200a130   0x0200a130   0x0000005c   Code   RO          698    .text.time_parse_data  asr_audio.o
    0x0200a18c   0x0200a18c   0x00000004   PAD
    0x0200a190   0x0200a190   0x00000096   Code   RO           64    .text.tts_queue_dequeue  hal_entry.o
    0x0200a226   0x0200a226   0x00000002   PAD
    0x0200a228   0x0200a228   0x00000126   Code   RO           62    .text.tts_queue_enqueue  hal_entry.o
    0x0200a34e   0x0200a34e   0x00000002   PAD
    0x0200a350   0x0200a350   0x00000016   Code   RO           58    .text.tts_queue_is_empty  hal_entry.o
    0x0200a366   0x0200a366   0x00000002   PAD
    0x0200a368   0x0200a368   0x00000016   Code   RO           60    .text.tts_queue_is_full  hal_entry.o
    0x0200a37e   0x0200a37e   0x00000002   PAD
    0x0200a380   0x0200a380   0x00000076   Code   RO          367    .text.uart3_callback  zf_driver_uart.o
    0x0200a3f6   0x0200a3f6   0x00000002   PAD
    0x0200a3f8   0x0200a3f8   0x00000016   Code   RO          375    .text.uart3_init    zf_driver_uart.o
    0x0200a40e   0x0200a40e   0x00000002   PAD
    0x0200a410   0x0200a410   0x0000007e   Code   RO           86    .text.uart3_read_data  hal_entry.o
    0x0200a48e   0x0200a48e   0x00000002   PAD
    0x0200a490   0x0200a490   0x00000040   Code   RO          371    .text.uart3_write_buffer  zf_driver_uart.o
    0x0200a4d0   0x0200a4d0   0x00000046   Code   RO          454    .text.uart4_callback  zf_device_wifi_uart.o
    0x0200a516   0x0200a516   0x00000002   PAD
    0x0200a518   0x0200a518   0x00000048   Code   RO          165    .text.uart9_callback  zf_common_debug.o
    0x0200a560   0x0200a560   0x0000003c   Code   RO          496    .text.uart_write_buffer  zf_device_wifi_uart.o
    0x0200a59c   0x0200a59c   0x00000004   PAD
    0x0200a5a0   0x0200a5a0   0x0000003a   Code   RO          486    .text.uart_write_byte  zf_device_wifi_uart.o
    0x0200a5da   0x0200a5da   0x00000006   PAD
    0x0200a5e0   0x0200a5e0   0x0000004a   Code   RO          460    .text.uart_write_string  zf_device_wifi_uart.o
    0x0200a62a   0x0200a62a   0x00000006   PAD
    0x0200a630   0x0200a630   0x00000108   Code   RO          823    .text.url_encode    websocket_client.o
    0x0200a738   0x0200a738   0x00000008   Code   RO          837    .text.websocket_client_close  websocket_client.o
    0x0200a740   0x0200a740   0x000002b0   Code   RO          825    .text.websocket_client_connect  websocket_client.o
    0x0200a9f0   0x0200a9f0   0x0000008c   Code   RO          835    .text.websocket_client_receive  websocket_client.o
    0x0200aa7c   0x0200aa7c   0x00000004   PAD
    0x0200aa80   0x0200aa80   0x00000048   Code   RO          831    .text.websocket_client_send  websocket_client.o
    0x0200aac8   0x0200aac8   0x000001c8   Code   RO          833    .text.websocket_create_frame  websocket_client.o
    0x0200ac90   0x0200ac90   0x000001f2   Code   RO          704    .text.websocket_get_url  asr_audio.o
    0x0200ae82   0x0200ae82   0x00000006   PAD
    0x0200ae88   0x0200ae88   0x0000006c   Code   RO          520    .text.wifi_data_parse  zf_device_wifi_uart.o
    0x0200aef4   0x0200aef4   0x00000004   PAD
    0x0200aef8   0x0200aef8   0x0000005c   Code   RO          508    .text.wifi_uart_auto_connect_wifi  zf_device_wifi_uart.o
    0x0200af54   0x0200af54   0x00000004   PAD
    0x0200af58   0x0200af58   0x00000010   Code   RO          458    .text.wifi_uart_clear_receive_buffer  zf_device_wifi_uart.o
    0x0200af68   0x0200af68   0x000001ba   Code   RO          474    .text.wifi_uart_connect_tcp_servers  zf_device_wifi_uart.o
    0x0200b122   0x0200b122   0x00000006   PAD
    0x0200b128   0x0200b128   0x00000086   Code   RO          482    .text.wifi_uart_disconnect_link  zf_device_wifi_uart.o
    0x0200b1ae   0x0200b1ae   0x00000002   PAD
    0x0200b1b0   0x0200b1b0   0x000000ae   Code   RO          506    .text.wifi_uart_echo_set  zf_device_wifi_uart.o
    0x0200b25e   0x0200b25e   0x00000002   PAD
    0x0200b260   0x0200b260   0x00000042   Code   RO          470    .text.wifi_uart_entry_serianet  zf_device_wifi_uart.o
    0x0200b2a2   0x0200b2a2   0x00000006   PAD
    0x0200b2a8   0x0200b2a8   0x00000064   Code   RO          512    .text.wifi_uart_get_information  zf_device_wifi_uart.o
    0x0200b30c   0x0200b30c   0x00000004   PAD
    0x0200b310   0x0200b310   0x000000c4   Code   RO          516    .text.wifi_uart_get_ip  zf_device_wifi_uart.o
    0x0200b3d4   0x0200b3d4   0x00000004   PAD
    0x0200b3d8   0x0200b3d8   0x00000088   Code   RO          518    .text.wifi_uart_get_mac  zf_device_wifi_uart.o
    0x0200b460   0x0200b460   0x00000096   Code   RO          514    .text.wifi_uart_get_version  zf_device_wifi_uart.o
    0x0200b4f6   0x0200b4f6   0x00000002   PAD
    0x0200b4f8   0x0200b4f8   0x00000178   Code   RO          502    .text.wifi_uart_init  zf_device_wifi_uart.o
    0x0200b670   0x0200b670   0x00000024   Code   RO          500    .text.wifi_uart_read_buffer  zf_device_wifi_uart.o
    0x0200b694   0x0200b694   0x00000004   PAD
    0x0200b698   0x0200b698   0x00000058   Code   RO          464    .text.wifi_uart_reset  zf_device_wifi_uart.o
    0x0200b6f0   0x0200b6f0   0x0000017e   Code   RO          494    .text.wifi_uart_send_buffer  zf_device_wifi_uart.o
    0x0200b86e   0x0200b86e   0x00000002   PAD
    0x0200b870   0x0200b870   0x0000005c   Code   RO          476    .text.wifi_uart_set_connect_model  zf_device_wifi_uart.o
    0x0200b8cc   0x0200b8cc   0x00000004   PAD
    0x0200b8d0   0x0200b8d0   0x00000078   Code   RO          466    .text.wifi_uart_set_model  zf_device_wifi_uart.o
    0x0200b948   0x0200b948   0x0000005c   Code   RO          478    .text.wifi_uart_set_transfer_model  zf_device_wifi_uart.o
    0x0200b9a4   0x0200b9a4   0x00000004   PAD
    0x0200b9a8   0x0200b9a8   0x000000cc   Code   RO          510    .text.wifi_uart_set_wifi  zf_device_wifi_uart.o
    0x0200ba74   0x0200ba74   0x00000004   PAD
    0x0200ba78   0x0200ba78   0x00000100   Code   RO          504    .text.wifi_uart_uart_config_set  zf_device_wifi_uart.o
    0x0200bb78   0x0200bb78   0x00000092   Code   RO          462    .text.wifi_uart_wait_ack  zf_device_wifi_uart.o
    0x0200bc0a   0x0200bc0a   0x00000002   PAD
    0x0200bc0c   0x0200bc0c   0x0000001c   Code   RO         2053    i.__0fprintf        mc_w.l(printfa.o)
    0x0200bc28   0x0200bc28   0x00000020   Code   RO         2054    i.__0printf         mc_w.l(printfa.o)
    0x0200bc48   0x0200bc48   0x00000034   Code   RO         2055    i.__0snprintf       mc_w.l(printfa.o)
    0x0200bc7c   0x0200bc7c   0x00000028   Code   RO         2056    i.__0sprintf        mc_w.l(printfa.o)
    0x0200bca4   0x0200bca4   0x00000034   Code   RO         2059    i.__0vsnprintf      mc_w.l(printfa.o)
    0x0200bcd8   0x0200bcd8   0x00000008   Code   RO         2124    i.__aeabi_errno_addr  mc_w.l(errno.o)
    0x0200bce0   0x0200bce0   0x00000184   Code   RO         2061    i._fp_digits        mc_w.l(printfa.o)
    0x0200be64   0x0200be64   0x000006dc   Code   RO         2062    i._printf_core      mc_w.l(printfa.o)
    0x0200c540   0x0200c540   0x00000024   Code   RO         2063    i._printf_post_padding  mc_w.l(printfa.o)
    0x0200c564   0x0200c564   0x0000002e   Code   RO         2064    i._printf_pre_padding  mc_w.l(printfa.o)
    0x0200c592   0x0200c592   0x00000016   Code   RO         2065    i._snputc           mc_w.l(printfa.o)
    0x0200c5a8   0x0200c5a8   0x0000000a   Code   RO         2066    i._sputc            mc_w.l(printfa.o)
    0x0200c5b2   0x0200c5b2   0x00000081   Data   RO         2157    .constdata          mc_w.l(ctype_o.o)
    0x0200c633   0x0200c633   0x00000001   PAD
    0x0200c634   0x0200c634   0x00000004   Data   RO         2158    .constdata          mc_w.l(ctype_o.o)
    0x0200c638   0x0200c638   0x00000100   Data   RO          798    .rodata.K           hmac_sha256.o
    0x0200c738   0x0200c738   0x00000041   Data   RO          775    .rodata.base64_encode.base64_table  base64.o
    0x0200c779   0x0200c779   0x00000020   Data   RO          840    .rodata.cst32       websocket_client.o
    0x0200c799   0x0200c799   0x00000003   PAD
    0x0200c79c   0x0200c79c   0x00000010   Data   RO         1884    .rodata.g_adc0      hal_data.o
    0x0200c7ac   0x0200c7ac   0x00000018   Data   RO         1881    .rodata.g_adc0_cfg  hal_data.o
    0x0200c7c4   0x0200c7c4   0x0000000b   Data   RO         1880    .rodata.g_adc0_cfg_extend  hal_data.o
    0x0200c7cf   0x0200c7cf   0x00000001   PAD
    0x0200c7d0   0x0200c7d0   0x00000014   Data   RO         1882    .rodata.g_adc0_channel_cfg  hal_data.o
    0x0200c7e4   0x0200c7e4   0x00000034   Data   RO         1144    .rodata.g_adc_on_adc  r_adc.o
    0x0200c818   0x0200c818   0x0000000d   Data   RO         1615    .rodata.g_async_baud  r_sci_b_uart.o
    0x0200c825   0x0200c825   0x00000003   PAD
    0x0200c828   0x0200c828   0x0000000c   Data   RO         1960    .rodata.g_bsp_pin_cfg  pin_data.o
    0x0200c834   0x0200c834   0x00000390   Data   RO         1959    .rodata.g_bsp_pin_cfg_data  pin_data.o
    0x0200cbc4   0x0200cbc4   0x0000001a   Data   RO         1616    .rodata.g_div_coefficient  r_sci_b_uart.o
    0x0200cbde   0x0200cbde   0x000000c0   Data   RO         1967    .rodata.g_interrupt_event_link_select  vector_data.o
    0x0200cc9e   0x0200cc9e   0x00000002   PAD
    0x0200cca0   0x0200cca0   0x0000000c   Data   RO         1823    .rodata.g_ioport    common_data.o
    0x0200ccac   0x0200ccac   0x00000034   Data   RO         1474    .rodata.g_ioport_on_ioport  r_ioport.o
    0x0200cce0   0x0200cce0   0x00000008   Data   RO          998    .rodata.g_prcr_masks  bsp_register_protection.o
    0x0200cce8   0x0200cce8   0x0000000c   Data   RO         1866    .rodata.g_sci_spi2  hal_data.o
    0x0200ccf4   0x0200ccf4   0x00000024   Data   RO         1864    .rodata.g_sci_spi2_cfg  hal_data.o
    0x0200cd18   0x0200cd18   0x00000003   Data   RO         1863    .rodata.g_sci_spi2_cfg_extend  hal_data.o
    0x0200cd1b   0x0200cd1b   0x00000001   PAD
    0x0200cd1c   0x0200cd1c   0x00000018   Data   RO         1545    .rodata.g_spi_on_sci_b  r_sci_b_spi.o
    0x0200cd34   0x0200cd34   0x0000000c   Data   RO         1852    .rodata.g_timer0    hal_data.o
    0x0200cd40   0x0200cd40   0x00000020   Data   RO         1850    .rodata.g_timer0_cfg  hal_data.o
    0x0200cd60   0x0200cd60   0x00000008   Data   RO         1849    .rodata.g_timer0_extend  hal_data.o
    0x0200cd68   0x0200cd68   0x0000000c   Data   RO         1835    .rodata.g_timer1    hal_data.o
    0x0200cd74   0x0200cd74   0x00000020   Data   RO         1833    .rodata.g_timer1_cfg  hal_data.o
    0x0200cd94   0x0200cd94   0x00000008   Data   RO         1832    .rodata.g_timer1_extend  hal_data.o
    0x0200cd9c   0x0200cd9c   0x00000034   Data   RO         1212    .rodata.g_timer_on_agt  r_agt.o
    0x0200cdd0   0x0200cdd0   0x0000000c   Data   RO         1862    .rodata.g_transfer0  hal_data.o
    0x0200cddc   0x0200cddc   0x00000008   Data   RO         1860    .rodata.g_transfer0_cfg  hal_data.o
    0x0200cde4   0x0200cde4   0x00000001   Data   RO         1859    .rodata.g_transfer0_cfg_extend  hal_data.o
    0x0200cde5   0x0200cde5   0x00000003   PAD
    0x0200cde8   0x0200cde8   0x0000000c   Data   RO         1857    .rodata.g_transfer1  hal_data.o
    0x0200cdf4   0x0200cdf4   0x00000008   Data   RO         1855    .rodata.g_transfer1_cfg  hal_data.o
    0x0200cdfc   0x0200cdfc   0x00000001   Data   RO         1854    .rodata.g_transfer1_cfg_extend  hal_data.o
    0x0200cdfd   0x0200cdfd   0x00000003   PAD
    0x0200ce00   0x0200ce00   0x0000002c   Data   RO         1321    .rodata.g_transfer_on_dtc  r_dtc.o
    0x0200ce2c   0x0200ce2c   0x0000000c   Data   RO         1848    .rodata.g_uart3     hal_data.o
    0x0200ce38   0x0200ce38   0x00000020   Data   RO         1846    .rodata.g_uart3_cfg  hal_data.o
    0x0200ce58   0x0200ce58   0x00000014   Data   RO         1845    .rodata.g_uart3_cfg_extend  hal_data.o
    0x0200ce6c   0x0200ce6c   0x0000000c   Data   RO         1943    .rodata.g_uart9     hal_data.o
    0x0200ce78   0x0200ce78   0x00000020   Data   RO         1941    .rodata.g_uart9_cfg  hal_data.o
    0x0200ce98   0x0200ce98   0x00000014   Data   RO         1940    .rodata.g_uart9_cfg_extend  hal_data.o
    0x0200ceac   0x0200ceac   0x00000024   Data   RO         1614    .rodata.g_uart_on_sci_b  r_sci_b_uart.o
    0x0200ced0   0x0200ced0   0x00000006   Data   RO         1475    .rodata.g_vbatt_pins_input  r_ioport.o
    0x0200ced6   0x0200ced6   0x00000002   PAD
    0x0200ced8   0x0200ced8   0x00000004   Data   RO         1056    .rodata.gp_start_of_nonsecure_callable_flash  bsp_security.o
    0x0200cedc   0x0200cedc   0x00000004   Data   RO         1059    .rodata.gp_start_of_nonsecure_callable_ram  bsp_security.o
    0x0200cee0   0x0200cee0   0x00000004   Data   RO         1061    .rodata.gp_start_of_nonsecure_data_flash  bsp_security.o
    0x0200cee4   0x0200cee4   0x00000004   Data   RO         1053    .rodata.gp_start_of_nonsecure_dtcm  bsp_security.o
    0x0200cee8   0x0200cee8   0x00000004   Data   RO         1055    .rodata.gp_start_of_nonsecure_flash  bsp_security.o
    0x0200ceec   0x0200ceec   0x00000004   Data   RO         1051    .rodata.gp_start_of_nonsecure_itcm  bsp_security.o
    0x0200cef0   0x0200cef0   0x00000004   Data   RO         1058    .rodata.gp_start_of_nonsecure_ram  bsp_security.o
    0x0200cef4   0x0200cef4   0x00000004   Data   RO         1062    .rodata.gp_start_of_secure_data_flash  bsp_security.o
    0x0200cef8   0x0200cef8   0x00000004   Data   RO         1054    .rodata.gp_start_of_secure_dtcm  bsp_security.o
    0x0200cefc   0x0200cefc   0x00000004   Data   RO         1057    .rodata.gp_start_of_secure_flash  bsp_security.o
    0x0200cf00   0x0200cf00   0x00000004   Data   RO         1052    .rodata.gp_start_of_secure_itcm  bsp_security.o
    0x0200cf04   0x0200cf04   0x00000004   Data   RO         1060    .rodata.gp_start_of_secure_ram  bsp_security.o
    0x0200cf08   0x0200cf08   0x0000a34c   Data   RO          130    .rodata.mb_uni2gb_table  utf8togbk.o
    0x02017254   0x02017254   0x0000068c   Data   RO          104    .rodata.str1.1      hal_entry.o
    0x020178e0   0x020178e0   0x00000010   Data   RO          131    .rodata.str1.1      utf8togbk.o
    0x020178f0   0x020178f0   0x00000129   Data   RO          524    .rodata.str1.1      zf_device_wifi_uart.o
    0x02017a19   0x02017a19   0x00000e97   Data   RO          743    .rodata.str1.1      asr_audio.o
    0x020188b0   0x020188b0   0x0000010b   Data   RO          839    .rodata.str1.1      websocket_client.o
    0x020189bb   0x020189bb   0x00000001   PAD
    0x020189bc   0x020189bc   0x0000000c   Data   RO         1879    .rodata.wifi_uart4  hal_data.o
    0x020189c8   0x020189c8   0x00000020   Data   RO         1877    .rodata.wifi_uart4_cfg  hal_data.o
    0x020189e8   0x020189e8   0x00000014   Data   RO         1876    .rodata.wifi_uart4_cfg_extend  hal_data.o
    0x020189fc   0x020189fc   0x00000004   Data   RO          940    .version            bsp_common.o
    0x02018a00   0x02018a00   0x00000006   Data   RO          941    .version            bsp_common.o
    0x02018a06   0x02018a06   0x00000044   Data   RO          942    .version            bsp_common.o


    Execution Region __tz_DTCM_S (Exec base: 0x20000000, Load base: 0x02019180, Size: 0x00000000, Max: 0x00000000, ABSOLUTE)

    Exec Addr    Load Addr    Size         Type   Attr      Idx    E Section Name        Object

    0x20000000        -       0x00000000   Zero   RW           12    __tz_DTCM_S.bss     anon$$obj.o


    Execution Region DTCM_DATA (Exec base: 0x20000000, Load base: 0x02019180, Size: 0x00000000, Max: 0x00010000, ABSOLUTE)

    **** No section assigned to this execution region ****


    Execution Region DTCM_PAD (Exec base: 0x20000000, Load base: 0x02019180, Size: 0x00000000, Max: 0x00000000, ABSOLUTE)

    Exec Addr    Load Addr    Size         Type   Attr      Idx    E Section Name        Object

    0x20000000        -       0x00000000   Zero   RW           13    DTCM_PAD.bss        anon$$obj.o


    Execution Region DTCM_BSS (Exec base: 0x20000000, Load base: 0x02019180, Size: 0x00000000, Max: 0x00010000, ABSOLUTE, UNINIT)

    **** No section assigned to this execution region ****


    Execution Region DTCM_BSS_PAD (Exec base: 0x20000000, Load base: 0x02019180, Size: 0x00000000, Max: 0x00000000, ABSOLUTE)

    Exec Addr    Load Addr    Size         Type   Attr      Idx    E Section Name        Object

    0x20000000        -       0x00000000   Zero   RW           14    DTCM_BSS_PAD.bss    anon$$obj.o


    Execution Region __tz_DTCM_N (Exec base: 0x20000000, Load base: 0x02019180, Size: 0x00000000, Max: 0x00000000, ABSOLUTE)

    Exec Addr    Load Addr    Size         Type   Attr      Idx    E Section Name        Object

    0x20000000        -       0x00000000   Zero   RW           15    __tz_DTCM_N.bss     anon$$obj.o


    Execution Region __tz_RAM_S (Exec base: 0x22000000, Load base: 0x02018a4c, Size: 0x00000000, Max: 0x00000000, ABSOLUTE)

    Exec Addr    Load Addr    Size         Type   Attr      Idx    E Section Name        Object

    0x22000000        -       0x00000000   Zero   RW            2    __tz_RAM_S.bss      anon$$obj.o


    Execution Region DTC_VECTOR_TABLE (Exec base: 0x22000000, Load base: 0x02018a4c, Size: 0x00000000, Max: 0x000e0000, ABSOLUTE, UNINIT)

    **** No section assigned to this execution region ****


    Execution Region DATA (Exec base: 0x22000000, Load base: 0x02018c00, Size: 0x00000580, Max: 0xffffffff, ABSOLUTE)

    Exec Addr    Load Addr    Size         Type   Attr      Idx    E Section Name        Object

    0x22000000   0x02018c00   0x00000004   Data   RW         2017    .data               mc_w.l(stderr.o)
    0x22000004   0x02018c04   0x00000004   Data   RW         2023    .data               mc_w.l(rand.o)
    0x22000008   0x02018c08   0x00000004   Data   RW         2108    .data               mc_w.l(stdout.o)
    0x2200000c   0x02018c0c   0x00000004   Data   RW         2127    .data               mc_w.l(errno.o)
    0x22000010   0x02018c10   0x00000004   Data   RW          722    .data.audio_get_count  asr_audio.o
    0x22000014   0x02018c14   0x00000010   Data   RW         1858    .data.g_transfer0_info  hal_data.o
    0x22000024   0x02018c24   0x00000010   Data   RW         1853    .data.g_transfer1_info  hal_data.o
    0x22000034   0x02018c34   0x00000004   Data   RW         1844    .data.g_uart3_baud_setting  hal_data.o
    0x22000038   0x02018c38   0x00000004   Data   RW         1939    .data.g_uart9_baud_setting  hal_data.o
    0x2200003c   0x02018c3c   0x00000001   Data   RW          765    .data.process_idle_state.heartbeat_response_received  asr_audio.o
    0x2200003d   0x02018c3d   0x00000003   PAD
    0x22000040   0x02018c40   0x00000004   Data   RW         1875    .data.wifi_uart4_baud_setting  hal_data.o
    0x22000044   0x02018c44   0x000003bc   PAD
    0x22000400   0x02019000   0x00000180   Data   RW         1322    .fsp_dtc_vector_table  r_dtc.o


    Execution Region BSS (Exec base: 0x22000580, Load base: 0x02019180, Size: 0x00011208, Max: 0xffffffff, ABSOLUTE)

    Exec Addr    Load Addr    Size         Type   Attr      Idx    E Section Name        Object

    0x22000580        -       0x00000004   Zero   RW          876    .bss.SystemCoreClock  system.o
    0x22000584        -       0x00000001   Zero   RW          338    .bss.adc_complete_flag  zf_driver_adc.o
    0x22000585   0x02019180   0x00000003   PAD
    0x22000588        -       0x00000018   Zero   RW          751    .bss.adc_data_fifo  asr_audio.o
    0x220005a0        -       0x00003e80   Zero   RW          758    .bss.adc_get_data   asr_audio.o
    0x22004420        -       0x00000002   Zero   RW          750    .bss.adc_get_one_data  asr_audio.o
    0x22004422   0x02019180   0x00000002   PAD
    0x22004424        -       0x00000004   Zero   RW          729    .bss.asr_max_time   asr_audio.o
    0x22004428        -       0x00000800   Zero   RW          724    .bss.asr_result_buffer  asr_audio.o
    0x22004c28        -       0x00000400   Zero   RW          723    .bss.asr_textout    asr_audio.o
    0x22005028        -       0x00000200   Zero   RW          757    .bss.asr_url_out    asr_audio.o
    0x22005228        -       0x00000001   Zero   RW          726    .bss.audio_need_net_flag  asr_audio.o
    0x22005229        -       0x00000001   Zero   RW          728    .bss.audio_send_data_flag  asr_audio.o
    0x2200522a        -       0x00000001   Zero   RW          727    .bss.audio_server_link_flag  asr_audio.o
    0x2200522b        -       0x00000001   Zero   RW          725    .bss.audio_start_flag  asr_audio.o
    0x2200522c        -       0x00000001   Zero   RW          742    .bss.auto_end_flag  asr_audio.o
    0x2200522d        -       0x00000400   Zero   RW          737    .bss.bafa_cloud_reply  asr_audio.o
    0x2200562d        -       0x00000001   Zero   RW          733    .bss.bafa_connected  asr_audio.o
    0x2200562e        -       0x00000001   Zero   RW          734    .bss.bafa_reconnect_count  asr_audio.o
    0x2200562f        -       0x00000001   Zero   RW          738    .bss.bafa_reply_available  asr_audio.o
    0x22005630        -       0x00000001   Zero   RW          741    .bss.button_pressed  asr_audio.o
    0x22005631        -       0x00000001   Zero   RW          744    .bss.connect_bafa_cloud.retry_count  asr_audio.o
    0x22005632        -       0x00000001   Zero   RW          740    .bss.current_state  asr_audio.o
    0x22005633   0x02019180   0x00000001   PAD
    0x22005634        -       0x00000004   Zero   RW          753    .bss.fifo_data_count  asr_audio.o
    0x22005638        -       0x00001f40   Zero   RW          754    .bss.fifo_get_data  asr_audio.o
    0x22007578        -       0x00000024   Zero   RW         1883    .bss.g_adc0_ctrl    hal_data.o
    0x2200759c        -       0x00000040   Zero   RW          967    .bss.g_bsp_group_irq_sources  bsp_group_irq.o
    0x220075dc        -       0x00000008   Zero   RW         1822    .bss.g_ioport_ctrl  common_data.o
    0x220075e4        -       0x00000008   Zero   RW          997    .bss.g_protect_counters  bsp_register_protection.o
    0x220075ec        -       0x00000004   Zero   RW          976    .bss.g_protect_pfswe_counter  bsp_io.o
    0x220075f0        -       0x0000002c   Zero   RW         1865    .bss.g_sci_spi2_ctrl  hal_data.o
    0x2200761c        -       0x00000020   Zero   RW         1851    .bss.g_timer0_ctrl  hal_data.o
    0x2200763c        -       0x00000020   Zero   RW         1834    .bss.g_timer1_ctrl  hal_data.o
    0x2200765c        -       0x00000008   Zero   RW         1861    .bss.g_transfer0_ctrl  hal_data.o
    0x22007664        -       0x00000008   Zero   RW         1856    .bss.g_transfer1_ctrl  hal_data.o
    0x2200766c        -       0x00000030   Zero   RW         1847    .bss.g_uart3_ctrl   hal_data.o
    0x2200769c        -       0x00000030   Zero   RW         1942    .bss.g_uart9_ctrl   hal_data.o
    0x220076cc        -       0x00000008   Zero   RW         1213    .bss.gp_prv_agt_periods  r_agt.o
    0x220076d4        -       0x00000180   Zero   RW          985    .bss.gp_renesas_isr_context  bsp_irq.o
    0x22007854        -       0x00000400   Zero   RW          747    .bss.http_request   asr_audio.o
    0x22007c54        -       0x000001fa   Zero   RW          102    .bss.incoming_tts_message  hal_entry.o
    0x22007e4e        -       0x00000001   Zero   RW          652    .bss.ips200pro_label_create.lebel_num  zf_device_ips200pro.o
    0x22007e4f        -       0x00000001   Zero   RW          651    .bss.ips200pro_page_num  zf_device_ips200pro.o
    0x22007e50        -       0x00000033   Zero   RW          653    .bss.ips200pro_printf_buffer  zf_device_ips200pro.o
    0x22007e83        -       0x00000001   Zero   RW          731    .bss.is_speaking    asr_audio.o
    0x22007e84        -       0x00002ee0   Zero   RW          756    .bss.json_data      asr_audio.o
    0x2200ad64        -       0x00000002   Zero   RW          749    .bss.label_out_id   asr_audio.o
    0x2200ad66        -       0x00000002   Zero   RW          746    .bss.label_reply_id  asr_audio.o
    0x2200ad68        -       0x00000002   Zero   RW          752    .bss.label_text_id  asr_audio.o
    0x2200ad6a   0x02019180   0x00000002   PAD
    0x2200ad6c        -       0x00000004   Zero   RW          735    .bss.last_heartbeat_time  asr_audio.o
    0x2200ad70        -       0x00000001   Zero   RW          732    .bss.new_result_available  asr_audio.o
    0x2200ad71        -       0x00000001   Zero   RW          764    .bss.process_idle_state.consecutive_empty_responses  asr_audio.o
    0x2200ad72   0x02019180   0x00000002   PAD
    0x2200ad74        -       0x00000004   Zero   RW          761    .bss.process_idle_state.last_check_time  asr_audio.o
    0x2200ad78        -       0x00000004   Zero   RW          762    .bss.process_idle_state.last_message_time  asr_audio.o
    0x2200ad7c        -       0x00000004   Zero   RW          760    .bss.process_idle_state.last_reconnect_time  asr_audio.o
    0x2200ad80        -       0x00000004   Zero   RW          763    .bss.process_idle_state.last_subscription_refresh  asr_audio.o
    0x2200ad84        -       0x00000001   Zero   RW         1323    .bss.r_dtc_state_initialize.g_dtc_state_initialized  r_dtc.o
    0x2200ad85        -       0x00000001   Zero   RW         1546    .bss.r_sci_b_spi_write_read_common.tx_dummy  r_sci_b_spi.o
    0x2200ad86        -       0x00000002   Zero   RW          730    .bss.silence_counter  asr_audio.o
    0x2200ad88        -       0x00000004   Zero   RW          736    .bss.system_time_ms  asr_audio.o
    0x2200ad8c        -       0x000036b0   Zero   RW          755    .bss.temp_data      asr_audio.o
    0x2200e43c        -       0x00000020   Zero   RW          748    .bss.time_now_data  asr_audio.o
    0x2200e45c        -       0x00000001   Zero   RW           98    .bss.tts_playing    hal_entry.o
    0x2200e45d   0x02019180   0x00000001   PAD
    0x2200e45e        -       0x0000142c   Zero   RW          101    .bss.tts_queue      hal_entry.o
    0x2200f88a        -       0x00000100   Zero   RW          105    .bss.tts_response_buffer  hal_entry.o
    0x2200f98a   0x02019180   0x00000002   PAD
    0x2200f98c        -       0x00000004   Zero   RW           99    .bss.tts_response_count  hal_entry.o
    0x2200f990        -       0x00000002   Zero   RW           96    .bss.tts_response_len  hal_entry.o
    0x2200f992        -       0x00000001   Zero   RW           97    .bss.tts_response_ready  hal_entry.o
    0x2200f993        -       0x00000001   Zero   RW          100    .bss.tts_segment_counter  hal_entry.o
    0x2200f994        -       0x00000100   Zero   RW          106    .bss.uart3_rx_buf   hal_entry.o
    0x2200fa94        -       0x00000002   Zero   RW           94    .bss.uart3_rx_head  hal_entry.o
    0x2200fa96        -       0x00000002   Zero   RW           95    .bss.uart3_rx_tail  hal_entry.o
    0x2200fa98        -       0x00000001   Zero   RW          173    .bss.uart_send_complete_flag  zf_common_debug.o
    0x2200fa99        -       0x00000001   Zero   RW          377    .bss.uart_send_complete_flag  zf_driver_uart.o
    0x2200fa9a        -       0x00000001   Zero   RW          523    .bss.uart_send_complete_flag  zf_device_wifi_uart.o
    0x2200fa9b   0x02019180   0x00000001   PAD
    0x2200fa9c        -       0x00000004   Zero   RW          841    .bss.websocket_client_receive.bytes_count  websocket_client.o
    0x2200faa0        -       0x00000004   Zero   RW          842    .bss.websocket_create_frame.mask_key  websocket_client.o
    0x2200faa4        -       0x00001000   Zero   RW          759    .bss.websocket_receive_buffer  asr_audio.o
    0x22010aa4        -       0x00000004   Zero   RW          650    .bss.wifi_spi_flag  zf_device_ips200pro.o
    0x22010aa8        -       0x00000001   Zero   RW          739    .bss.wifi_status    asr_audio.o
    0x22010aa9   0x02019180   0x00000003   PAD
    0x22010aac        -       0x00000030   Zero   RW         1878    .bss.wifi_uart4_ctrl  hal_data.o
    0x22010adc        -       0x00000800   Zero   RW          526    .bss.wifi_uart_buffer  zf_device_wifi_uart.o
    0x220112dc        -       0x00000018   Zero   RW          522    .bss.wifi_uart_fifo  zf_device_wifi_uart.o
    0x220112f4        -       0x00000400   Zero   RW          745    .bss.wifi_uart_get_data_buffer  asr_audio.o
    0x220116f4        -       0x00000094   Zero   RW          525    .bss.wifi_uart_information  zf_device_wifi_uart.o


    Execution Region NOINIT (Exec base: 0x22011788, Load base: 0x02019180, Size: 0x0000002c, Max: 0xffffffff, ABSOLUTE, UNINIT)

    Exec Addr    Load Addr    Size         Type   Attr      Idx    E Section Name        Object

    0x22011788        -       0x0000002c   Zero   RW          926    .bss.noinit         bsp_clocks.o


    Execution Region NOCACHE (Exec base: 0x220117c0, Load base: 0x02019180, Size: 0x00000000, Max: 0xffffffff, ABSOLUTE, UNINIT)

    **** No section assigned to this execution region ****


    Execution Region NOCACHE_PAD (Exec base: 0x220117c0, Load base: 0x02019180, Size: 0x00000000, Max: 0x00000000, ABSOLUTE)

    Exec Addr    Load Addr    Size         Type   Attr      Idx    E Section Name        Object

    0x220117c0        -       0x00000000   Zero   RW            3    NOCACHE_PAD.bss     anon$$obj.o


    Execution Region ARM_LIB_HEAP (Exec base: 0x220117c0, Load base: 0x02019180, Size: 0x00002000, Max: 0xffffffff, ABSOLUTE, UNINIT)

    Exec Addr    Load Addr    Size         Type   Attr      Idx    E Section Name        Object

    0x220117c0        -       0x00002000   Zero   RW          856    .bss.heap           startup.o


    Execution Region ARM_LIB_STACK (Exec base: 0x220137c0, Load base: 0x02019180, Size: 0x00000000, Max: 0x00000000, ABSOLUTE, UNINIT)

    Exec Addr    Load Addr    Size         Type   Attr      Idx    E Section Name        Object

    0x220137c0        -       0x00000000   Zero   RW            4    ARM_LIB_STACK.bss   anon$$obj.o


    Execution Region STACK (Exec base: 0x220137c0, Load base: 0x02019180, Size: 0x00010000, Max: 0xffffffff, ABSOLUTE, UNINIT)

    Exec Addr    Load Addr    Size         Type   Attr      Idx    E Section Name        Object

    0x220137c0        -       0x00010000   Zero   RW          854    .bss.stack          startup.o


    Execution Region RAM_END (Exec base: 0x220237c0, Load base: 0x02019180, Size: 0x00000004, Max: 0x00000004, ABSOLUTE)

    Exec Addr    Load Addr    Size         Type   Attr      Idx    E Section Name        Object

    0x220237c0        -       0x00000004   Zero   RW            5    RAM_END.bss         anon$$obj.o


    Execution Region __RAM_NSC_START (Exec base: 0x220e0000, Load base: 0x02019180, Size: 0x00000000, Max: 0x00000000, ABSOLUTE)

    Exec Addr    Load Addr    Size         Type   Attr      Idx    E Section Name        Object

    0x220e0000        -       0x00000000   Zero   RW            6    __RAM_NSC_START.bss  anon$$obj.o


    Execution Region __tz_RAM_N (Exec base: 0x220e0000, Load base: 0x02019180, Size: 0x00000000, Max: 0x00000000, ABSOLUTE)

    Exec Addr    Load Addr    Size         Type   Attr      Idx    E Section Name        Object

    0x220e0000        -       0x00000000   Zero   RW            7    __tz_RAM_N.bss      anon$$obj.o


    Execution Region RAM_LIMIT (Exec base: 0x220e0000, Load base: 0x02019180, Size: 0x00000004, Max: 0x00000004, ABSOLUTE)

    Exec Addr    Load Addr    Size         Type   Attr      Idx    E Section Name        Object

    0x220e0000        -       0x00000004   Zero   RW            8    RAM_LIMIT.bss       anon$$obj.o


    Execution Region OSPI_DEVICE_0_NO_LOAD (Exec base: 0x80000000, Load base: 0x02019180, Size: 0x00000000, Max: 0xffffffff, ABSOLUTE, UNINIT)

    **** No section assigned to this execution region ****


    Execution Region OSPI_DEVICE_1_NO_LOAD (Exec base: 0x90000000, Load base: 0x02019180, Size: 0x00000000, Max: 0xffffffff, ABSOLUTE, UNINIT)

    **** No section assigned to this execution region ****



  Load Region LOAD_REGION_NSC_FLASH (Base: 0x0203c400, Size: 0x00000000, Max: 0xffffffff, ABSOLUTE)

    Execution Region __FLASH_NSC_START (Exec base: 0x0203c400, Load base: 0x0203c400, Size: 0x00000000, Max: 0x00000000, ABSOLUTE)

    Exec Addr    Load Addr    Size         Type   Attr      Idx    E Section Name        Object

    0x0203c400        -       0x00000000   Zero   RW           16    __FLASH_NSC_START.bss  anon$$obj.o


    Execution Region EXEC_NSCR (Exec base: 0x0203c400, Load base: 0x0203c400, Size: 0x00000000, Max: 0xffffffff, ABSOLUTE, FIXED)

    **** No section assigned to this execution region ****


    Execution Region __tz_FLASH_N (Exec base: 0x02040000, Load base: 0x0203c400, Size: 0x00000000, Max: 0x00000000, ABSOLUTE)

    Exec Addr    Load Addr    Size         Type   Attr      Idx    E Section Name        Object

    0x02040000        -       0x00000000   Zero   RW           17    __tz_FLASH_N.bss    anon$$obj.o



  Load Region LOAD_REGION_ID_CODE (Base: 0x00000000, Size: 0x00000000, Max: 0x00000004, ABSOLUTE)

    Execution Region __tz_ID_CODE_S (Exec base: 0x00000000, Load base: 0x00000000, Size: 0x00000000, Max: 0x00000000, ABSOLUTE)

    Exec Addr    Load Addr    Size         Type   Attr      Idx    E Section Name        Object

    0x00000000        -       0x00000000   Zero   RW           18    __tz_ID_CODE_S.bss  anon$$obj.o


    Execution Region __tz_ID_CODE_N (Exec base: 0x00000000, Load base: 0x00000000, Size: 0x00000000, Max: 0x00000000, ABSOLUTE)

    Exec Addr    Load Addr    Size         Type   Attr      Idx    E Section Name        Object

    0x00000000        -       0x00000000   Zero   RW           19    __tz_ID_CODE_N.bss  anon$$obj.o



  Load Region LOAD_REGION_OPTION_SETTING (Base: 0x0300a100, Size: 0x00000080, Max: 0x00000100, ABSOLUTE)

    Execution Region __tz_OPTION_SETTING_S (Exec base: 0x0300a100, Load base: 0x0300a100, Size: 0x00000000, Max: 0x00000000, ABSOLUTE)

    Exec Addr    Load Addr    Size         Type   Attr      Idx    E Section Name        Object

    0x0300a100        -       0x00000000   Zero   RW           20    __tz_OPTION_SETTING_S.bss  anon$$obj.o


    Execution Region OFS0 (Exec base: 0x0300a100, Load base: 0x0300a100, Size: 0x00000004, Max: 0xffffffff, ABSOLUTE, FIXED)

    Exec Addr    Load Addr    Size         Type   Attr      Idx    E Section Name        Object

    0x0300a100   0x0300a100   0x00000004   Data   RO         1006    .option_setting_ofs0  bsp_rom_registers.o


    Execution Region UNUSED_0 (Exec base: 0x0300a104, Load base: 0x0300a104, Size: 0x00000000, Max: 0x00000000, ABSOLUTE, FIXED)

    Exec Addr    Load Addr    Size         Type   Attr      Idx    E Section Name        Object

    0x0300a104        -       0x00000000   Zero   RW           21    UNUSED_0.bss        anon$$obj.o


    Execution Region OFS2 (Exec base: 0x0300a104, Load base: 0x0300a104, Size: 0x00000004, Max: 0xffffffff, ABSOLUTE, FIXED)

    Exec Addr    Load Addr    Size         Type   Attr      Idx    E Section Name        Object

    0x0300a104   0x0300a104   0x00000004   Data   RO         1007    .option_setting_ofs2  bsp_rom_registers.o


    Execution Region UNUSED_1 (Exec base: 0x0300a108, Load base: 0x0300a108, Size: 0x00000008, Max: 0x00000008, ABSOLUTE, FIXED)

    Exec Addr    Load Addr    Size         Type   Attr      Idx    E Section Name        Object

    0x0300a108        -       0x00000008   Zero   RW           22    UNUSED_1.bss        anon$$obj.o


    Execution Region DUALSEL (Exec base: 0x0300a110, Load base: 0x0300a110, Size: 0x00000004, Max: 0xffffffff, ABSOLUTE, FIXED)

    Exec Addr    Load Addr    Size         Type   Attr      Idx    E Section Name        Object

    0x0300a110   0x0300a110   0x00000004   Data   RO         1008    .option_setting_dualsel  bsp_rom_registers.o


    Execution Region UNUSED_2 (Exec base: 0x0300a114, Load base: 0x0300a114, Size: 0x00000020, Max: 0x00000020, ABSOLUTE, FIXED)

    Exec Addr    Load Addr    Size         Type   Attr      Idx    E Section Name        Object

    0x0300a114        -       0x00000020   Zero   RW           23    UNUSED_2.bss        anon$$obj.o


    Execution Region SAS (Exec base: 0x0300a134, Load base: 0x0300a134, Size: 0x00000004, Max: 0xffffffff, ABSOLUTE, FIXED)

    Exec Addr    Load Addr    Size         Type   Attr      Idx    E Section Name        Object

    0x0300a134   0x0300a134   0x00000004   Data   RO         1009    .option_setting_sas  bsp_rom_registers.o


    Execution Region UNUSED_3 (Exec base: 0x0300a138, Load base: 0x0300a138, Size: 0x00000048, Max: 0x00000048, ABSOLUTE, FIXED)

    Exec Addr    Load Addr    Size         Type   Attr      Idx    E Section Name        Object

    0x0300a138        -       0x00000048   Zero   RW           24    UNUSED_3.bss        anon$$obj.o


    Execution Region __tz_OPTION_SETTING_N (Exec base: 0x0300a180, Load base: 0x0300a180, Size: 0x00000000, Max: 0x00000000, ABSOLUTE)

    Exec Addr    Load Addr    Size         Type   Attr      Idx    E Section Name        Object

    0x0300a180        -       0x00000000   Zero   RW           25    __tz_OPTION_SETTING_N.bss  anon$$obj.o



  Load Region LOAD_REGION_OPTION_SETTING_S (Base: 0x0300a200, Size: 0x00000100, Max: 0x00000100, ABSOLUTE)

    Execution Region __tz_OPTION_SETTING_S_S (Exec base: 0x0300a200, Load base: 0x0300a200, Size: 0x00000000, Max: 0x00000000, ABSOLUTE)

    Exec Addr    Load Addr    Size         Type   Attr      Idx    E Section Name        Object

    0x0300a200        -       0x00000000   Zero   RW           26    __tz_OPTION_SETTING_S_S.bss  anon$$obj.o


    Execution Region OFS1_SEC (Exec base: 0x0300a200, Load base: 0x0300a200, Size: 0x00000004, Max: 0xffffffff, ABSOLUTE, FIXED)

    Exec Addr    Load Addr    Size         Type   Attr      Idx    E Section Name        Object

    0x0300a200   0x0300a200   0x00000004   Data   RO         1010    .option_setting_ofs1_sec  bsp_rom_registers.o


    Execution Region UNUSED_7 (Exec base: 0x0300a204, Load base: 0x0300a204, Size: 0x00000000, Max: 0x00000000, ABSOLUTE, FIXED)

    Exec Addr    Load Addr    Size         Type   Attr      Idx    E Section Name        Object

    0x0300a204        -       0x00000000   Zero   RW           27    UNUSED_7.bss        anon$$obj.o


    Execution Region OFS3_SEC (Exec base: 0x0300a204, Load base: 0x0300a204, Size: 0x00000000, Max: 0xffffffff, ABSOLUTE, FIXED)

    **** No section assigned to this execution region ****


    Execution Region UNUSED_8 (Exec base: 0x0300a204, Load base: 0x0300a204, Size: 0x0000000c, Max: 0x0000000c, ABSOLUTE, FIXED)

    Exec Addr    Load Addr    Size         Type   Attr      Idx    E Section Name        Object

    0x0300a204        -       0x0000000c   Zero   RW           28    UNUSED_8.bss        anon$$obj.o


    Execution Region BANKSEL_SEC (Exec base: 0x0300a210, Load base: 0x0300a210, Size: 0x00000004, Max: 0xffffffff, ABSOLUTE, FIXED)

    Exec Addr    Load Addr    Size         Type   Attr      Idx    E Section Name        Object

    0x0300a210   0x0300a210   0x00000004   Data   RO         1011    .option_setting_banksel_sec  bsp_rom_registers.o


    Execution Region UNUSED_9 (Exec base: 0x0300a214, Load base: 0x0300a214, Size: 0x0000002c, Max: 0x0000002c, ABSOLUTE, FIXED)

    Exec Addr    Load Addr    Size         Type   Attr      Idx    E Section Name        Object

    0x0300a214        -       0x0000002c   Zero   RW           29    UNUSED_9.bss        anon$$obj.o


    Execution Region BPS_SEC (Exec base: 0x0300a240, Load base: 0x0300a240, Size: 0x00000010, Max: 0xffffffff, ABSOLUTE, FIXED)

    Exec Addr    Load Addr    Size         Type   Attr      Idx    E Section Name        Object

    0x0300a240   0x0300a240   0x00000004   Data   RO         1012    .option_setting_bps_sec0  bsp_rom_registers.o
    0x0300a244   0x0300a244   0x00000004   Data   RO         1013    .option_setting_bps_sec1  bsp_rom_registers.o
    0x0300a248   0x0300a248   0x00000004   Data   RO         1014    .option_setting_bps_sec2  bsp_rom_registers.o
    0x0300a24c   0x0300a24c   0x00000004   Data   RO         1015    .option_setting_bps_sec3  bsp_rom_registers.o


    Execution Region UNUSED_10 (Exec base: 0x0300a250, Load base: 0x0300a250, Size: 0x00000010, Max: 0x00000010, ABSOLUTE, FIXED)

    Exec Addr    Load Addr    Size         Type   Attr      Idx    E Section Name        Object

    0x0300a250        -       0x00000010   Zero   RW           30    UNUSED_10.bss       anon$$obj.o


    Execution Region PBPS_SEC (Exec base: 0x0300a260, Load base: 0x0300a260, Size: 0x00000010, Max: 0xffffffff, ABSOLUTE, FIXED)

    Exec Addr    Load Addr    Size         Type   Attr      Idx    E Section Name        Object

    0x0300a260   0x0300a260   0x00000004   Data   RO         1016    .option_setting_pbps_sec0  bsp_rom_registers.o
    0x0300a264   0x0300a264   0x00000004   Data   RO         1017    .option_setting_pbps_sec1  bsp_rom_registers.o
    0x0300a268   0x0300a268   0x00000004   Data   RO         1018    .option_setting_pbps_sec2  bsp_rom_registers.o
    0x0300a26c   0x0300a26c   0x00000004   Data   RO         1019    .option_setting_pbps_sec3  bsp_rom_registers.o


    Execution Region UNUSED_11 (Exec base: 0x0300a270, Load base: 0x0300a270, Size: 0x00000010, Max: 0x00000010, ABSOLUTE, FIXED)

    Exec Addr    Load Addr    Size         Type   Attr      Idx    E Section Name        Object

    0x0300a270        -       0x00000010   Zero   RW           31    UNUSED_11.bss       anon$$obj.o


    Execution Region OFS1_SEL (Exec base: 0x0300a280, Load base: 0x0300a280, Size: 0x00000004, Max: 0xffffffff, ABSOLUTE, FIXED)

    Exec Addr    Load Addr    Size         Type   Attr      Idx    E Section Name        Object

    0x0300a280   0x0300a280   0x00000004   Data   RO         1020    .option_setting_ofs1_sel  bsp_rom_registers.o


    Execution Region UNUSED_12 (Exec base: 0x0300a284, Load base: 0x0300a284, Size: 0x00000000, Max: 0x00000000, ABSOLUTE, FIXED)

    Exec Addr    Load Addr    Size         Type   Attr      Idx    E Section Name        Object

    0x0300a284        -       0x00000000   Zero   RW           32    UNUSED_12.bss       anon$$obj.o


    Execution Region OFS3_SEL (Exec base: 0x0300a284, Load base: 0x0300a284, Size: 0x00000000, Max: 0xffffffff, ABSOLUTE, FIXED)

    **** No section assigned to this execution region ****


    Execution Region UNUSED_13 (Exec base: 0x0300a284, Load base: 0x0300a284, Size: 0x0000000c, Max: 0x0000000c, ABSOLUTE, FIXED)

    Exec Addr    Load Addr    Size         Type   Attr      Idx    E Section Name        Object

    0x0300a284        -       0x0000000c   Zero   RW           33    UNUSED_13.bss       anon$$obj.o


    Execution Region BANKSEL_SEL (Exec base: 0x0300a290, Load base: 0x0300a290, Size: 0x00000004, Max: 0xffffffff, ABSOLUTE, FIXED)

    Exec Addr    Load Addr    Size         Type   Attr      Idx    E Section Name        Object

    0x0300a290   0x0300a290   0x00000004   Data   RO         1021    .option_setting_banksel_sel  bsp_rom_registers.o


    Execution Region UNUSED_14 (Exec base: 0x0300a294, Load base: 0x0300a294, Size: 0x0000002c, Max: 0x0000002c, ABSOLUTE, FIXED)

    Exec Addr    Load Addr    Size         Type   Attr      Idx    E Section Name        Object

    0x0300a294        -       0x0000002c   Zero   RW           34    UNUSED_14.bss       anon$$obj.o


    Execution Region BPS_SEL (Exec base: 0x0300a2c0, Load base: 0x0300a2c0, Size: 0x00000010, Max: 0xffffffff, ABSOLUTE, FIXED)

    Exec Addr    Load Addr    Size         Type   Attr      Idx    E Section Name        Object

    0x0300a2c0   0x0300a2c0   0x00000004   Data   RO         1022    .option_setting_bps_sel0  bsp_rom_registers.o
    0x0300a2c4   0x0300a2c4   0x00000004   Data   RO         1023    .option_setting_bps_sel1  bsp_rom_registers.o
    0x0300a2c8   0x0300a2c8   0x00000004   Data   RO         1024    .option_setting_bps_sel2  bsp_rom_registers.o
    0x0300a2cc   0x0300a2cc   0x00000004   Data   RO         1025    .option_setting_bps_sel3  bsp_rom_registers.o


    Execution Region UNUSED_15 (Exec base: 0x0300a2d0, Load base: 0x0300a2d0, Size: 0x00000030, Max: 0x00000030, ABSOLUTE, FIXED)

    Exec Addr    Load Addr    Size         Type   Attr      Idx    E Section Name        Object

    0x0300a2d0        -       0x00000030   Zero   RW           35    UNUSED_15.bss       anon$$obj.o


    Execution Region __tz_OPTION_SETTING_S_N (Exec base: 0x0300a300, Load base: 0x0300a300, Size: 0x00000000, Max: 0x00000000, ABSOLUTE)

    Exec Addr    Load Addr    Size         Type   Attr      Idx    E Section Name        Object

    0x0300a300        -       0x00000000   Zero   RW           36    __tz_OPTION_SETTING_S_N.bss  anon$$obj.o



  Load Region LOAD_REGION_OPTION_SETTING_DATA_FLASH_S (Base: 0x27030080, Size: 0x00000300, Max: 0x00000800, ABSOLUTE)

    Execution Region __tz_OPTION_SETTING_DATA_FLASH_S_S (Exec base: 0x27030080, Load base: 0x27030080, Size: 0x00000000, Max: 0x00000000, ABSOLUTE)

    Exec Addr    Load Addr    Size         Type   Attr      Idx    E Section Name        Object

    0x27030080        -       0x00000000   Zero   RW           37    __tz_OPTION_SETTING_DATA_FLASH_S_S.bss  anon$$obj.o


    Execution Region FSBLCTRL0 (Exec base: 0x27030080, Load base: 0x27030080, Size: 0x00000004, Max: 0xffffffff, ABSOLUTE, FIXED)

    Exec Addr    Load Addr    Size         Type   Attr      Idx    E Section Name        Object

    0x27030080   0x27030080   0x00000004   Data   RO         1026    .option_setting_data_flash_fsblctrl0  bsp_rom_registers.o


    Execution Region UNUSED_16 (Exec base: 0x27030084, Load base: 0x27030084, Size: 0x00000000, Max: 0x00000000, ABSOLUTE, FIXED)

    Exec Addr    Load Addr    Size         Type   Attr      Idx    E Section Name        Object

    0x27030084        -       0x00000000   Zero   RW           38    UNUSED_16.bss       anon$$obj.o


    Execution Region FSBLCTRL1 (Exec base: 0x27030084, Load base: 0x27030084, Size: 0x00000004, Max: 0xffffffff, ABSOLUTE, FIXED)

    Exec Addr    Load Addr    Size         Type   Attr      Idx    E Section Name        Object

    0x27030084   0x27030084   0x00000004   Data   RO         1027    .option_setting_data_flash_fsblctrl1  bsp_rom_registers.o


    Execution Region UNUSED_17 (Exec base: 0x27030088, Load base: 0x27030088, Size: 0x00000000, Max: 0x00000000, ABSOLUTE, FIXED)

    Exec Addr    Load Addr    Size         Type   Attr      Idx    E Section Name        Object

    0x27030088        -       0x00000000   Zero   RW           39    UNUSED_17.bss       anon$$obj.o


    Execution Region FSBLCTRL2 (Exec base: 0x27030088, Load base: 0x27030088, Size: 0x00000004, Max: 0xffffffff, ABSOLUTE, FIXED)

    Exec Addr    Load Addr    Size         Type   Attr      Idx    E Section Name        Object

    0x27030088   0x27030088   0x00000004   Data   RO         1028    .option_setting_data_flash_fsblctrl2  bsp_rom_registers.o


    Execution Region UNUSED_18 (Exec base: 0x2703008c, Load base: 0x2703008c, Size: 0x00000000, Max: 0x00000000, ABSOLUTE, FIXED)

    Exec Addr    Load Addr    Size         Type   Attr      Idx    E Section Name        Object

    0x2703008c        -       0x00000000   Zero   RW           40    UNUSED_18.bss       anon$$obj.o


    Execution Region SACC0 (Exec base: 0x2703008c, Load base: 0x2703008c, Size: 0x00000004, Max: 0xffffffff, ABSOLUTE, FIXED)

    Exec Addr    Load Addr    Size         Type   Attr      Idx    E Section Name        Object

    0x2703008c   0x2703008c   0x00000004   Data   RO         1029    .option_setting_data_flash_sacc0  bsp_rom_registers.o


    Execution Region UNUSED_19 (Exec base: 0x27030090, Load base: 0x27030090, Size: 0x00000000, Max: 0x00000000, ABSOLUTE, FIXED)

    Exec Addr    Load Addr    Size         Type   Attr      Idx    E Section Name        Object

    0x27030090        -       0x00000000   Zero   RW           41    UNUSED_19.bss       anon$$obj.o


    Execution Region SACC1 (Exec base: 0x27030090, Load base: 0x27030090, Size: 0x00000004, Max: 0xffffffff, ABSOLUTE, FIXED)

    Exec Addr    Load Addr    Size         Type   Attr      Idx    E Section Name        Object

    0x27030090   0x27030090   0x00000004   Data   RO         1030    .option_setting_data_flash_sacc1  bsp_rom_registers.o


    Execution Region UNUSED_20 (Exec base: 0x27030094, Load base: 0x27030094, Size: 0x00000000, Max: 0x00000000, ABSOLUTE, FIXED)

    Exec Addr    Load Addr    Size         Type   Attr      Idx    E Section Name        Object

    0x27030094        -       0x00000000   Zero   RW           42    UNUSED_20.bss       anon$$obj.o


    Execution Region SAMR (Exec base: 0x27030094, Load base: 0x27030094, Size: 0x00000004, Max: 0xffffffff, ABSOLUTE, FIXED)

    Exec Addr    Load Addr    Size         Type   Attr      Idx    E Section Name        Object

    0x27030094   0x27030094   0x00000004   Data   RO         1031    .option_setting_data_flash_samr  bsp_rom_registers.o


    Execution Region UNUSED_21 (Exec base: 0x27030098, Load base: 0x27030098, Size: 0x000002c8, Max: 0x000002c8, ABSOLUTE, FIXED)

    Exec Addr    Load Addr    Size         Type   Attr      Idx    E Section Name        Object

    0x27030098        -       0x000002c8   Zero   RW           43    UNUSED_21.bss       anon$$obj.o


    Execution Region HOEMRTPK (Exec base: 0x27030360, Load base: 0x27030360, Size: 0x00000000, Max: 0xffffffff, ABSOLUTE, FIXED)

    **** No section assigned to this execution region ****


    Execution Region UNUSED_22 (Exec base: 0x27030360, Load base: 0x27030360, Size: 0x00000020, Max: 0x00000020, ABSOLUTE, FIXED)

    Exec Addr    Load Addr    Size         Type   Attr      Idx    E Section Name        Object

    0x27030360        -       0x00000020   Zero   RW           44    UNUSED_22.bss       anon$$obj.o


    Execution Region __tz_OPTION_SETTING_DATA_FLASH_S_N (Exec base: 0x27030380, Load base: 0x27030380, Size: 0x00000000, Max: 0x00000000, ABSOLUTE)

    Exec Addr    Load Addr    Size         Type   Attr      Idx    E Section Name        Object

    0x27030380        -       0x00000000   Zero   RW           45    __tz_OPTION_SETTING_DATA_FLASH_S_N.bss  anon$$obj.o



  Load Region LOAD_REGION_DATA_FLASH (Base: 0x27000000, Size: 0x00000000, Max: 0x00003000, ABSOLUTE)

    Execution Region __tz_DATA_FLASH_S (Exec base: 0x27000000, Load base: 0x27000000, Size: 0x00000000, Max: 0x00000000, ABSOLUTE)

    Exec Addr    Load Addr    Size         Type   Attr      Idx    E Section Name        Object

    0x27000000        -       0x00000000   Zero   RW           46    __tz_DATA_FLASH_S.bss  anon$$obj.o


    Execution Region DATA_FLASH (Exec base: 0x27000000, Load base: 0x27000000, Size: 0x00000000, Max: 0xffffffff, ABSOLUTE)

    **** No section assigned to this execution region ****


    Execution Region __tz_DATA_FLASH_N (Exec base: 0x27000000, Load base: 0x27000000, Size: 0x00000000, Max: 0x00000000, ABSOLUTE)

    Exec Addr    Load Addr    Size         Type   Attr      Idx    E Section Name        Object

    0x27000000        -       0x00000000   Zero   RW           47    __tz_DATA_FLASH_N.bss  anon$$obj.o



  Load Region LOAD_REGION_QSPI_FLASH (Base: 0x60000000, Size: 0x00000000, Max: 0x00000000, ABSOLUTE)

    Execution Region __tz_QSPI_FLASH_S (Exec base: 0x60000000, Load base: 0x60000000, Size: 0x00000000, Max: 0x00000000, ABSOLUTE)

    Exec Addr    Load Addr    Size         Type   Attr      Idx    E Section Name        Object

    0x60000000        -       0x00000000   Zero   RW           48    __tz_QSPI_FLASH_S.bss  anon$$obj.o


    Execution Region QSPI_FLASH (Exec base: 0x60000000, Load base: 0x60000000, Size: 0x00000000, Max: 0xffffffff, ABSOLUTE, FIXED)

    **** No section assigned to this execution region ****


    Execution Region __tz_QSPI_FLASH_N (Exec base: 0x60000000, Load base: 0x60000000, Size: 0x00000000, Max: 0x00000000, ABSOLUTE)

    Exec Addr    Load Addr    Size         Type   Attr      Idx    E Section Name        Object

    0x60000000        -       0x00000000   Zero   RW           49    __tz_QSPI_FLASH_N.bss  anon$$obj.o



  Load Region LOAD_REGION_OSPI_DEVICE_0 (Base: 0x80000000, Size: 0x00000000, Max: 0x10000000, ABSOLUTE)

    Execution Region __tz_OSPI_DEVICE_0_S (Exec base: 0x80000000, Load base: 0x80000000, Size: 0x00000000, Max: 0x00000000, ABSOLUTE)

    Exec Addr    Load Addr    Size         Type   Attr      Idx    E Section Name        Object

    0x80000000        -       0x00000000   Zero   RW           50    __tz_OSPI_DEVICE_0_S.bss  anon$$obj.o


    Execution Region OSPI_DEVICE_0 (Exec base: 0x80000000, Load base: 0x80000000, Size: 0x00000000, Max: 0xffffffff, ABSOLUTE, FIXED)

    **** No section assigned to this execution region ****


    Execution Region __tz_OSPI_DEVICE_0_N (Exec base: 0x80000000, Load base: 0x80000000, Size: 0x00000000, Max: 0x00000000, ABSOLUTE)

    Exec Addr    Load Addr    Size         Type   Attr      Idx    E Section Name        Object

    0x80000000        -       0x00000000   Zero   RW           51    __tz_OSPI_DEVICE_0_N.bss  anon$$obj.o



  Load Region LOAD_REGION_OSPI_DEVICE_1 (Base: 0x90000000, Size: 0x00000000, Max: 0x10000000, ABSOLUTE)

    Execution Region __tz_OSPI_DEVICE_1_S (Exec base: 0x90000000, Load base: 0x90000000, Size: 0x00000000, Max: 0x00000000, ABSOLUTE)

    Exec Addr    Load Addr    Size         Type   Attr      Idx    E Section Name        Object

    0x90000000        -       0x00000000   Zero   RW           52    __tz_OSPI_DEVICE_1_S.bss  anon$$obj.o


    Execution Region OSPI_DEVICE_1 (Exec base: 0x90000000, Load base: 0x90000000, Size: 0x00000000, Max: 0xffffffff, ABSOLUTE, FIXED)

    **** No section assigned to this execution region ****


    Execution Region __tz_OSPI_DEVICE_1_N (Exec base: 0x90000000, Load base: 0x90000000, Size: 0x00000000, Max: 0x00000000, ABSOLUTE)

    Exec Addr    Load Addr    Size         Type   Attr      Idx    E Section Name        Object

    0x90000000        -       0x00000000   Zero   RW           53    __tz_OSPI_DEVICE_1_N.bss  anon$$obj.o



  Load Region LOAD_REGION_SDRAM (Base: 0x68000000, Size: 0x00000000, Max: 0x08000000, ABSOLUTE)

    Execution Region __tz_SDRAM_S (Exec base: 0x68000000, Load base: 0x68000000, Size: 0x00000000, Max: 0x00000000, ABSOLUTE)

    Exec Addr    Load Addr    Size         Type   Attr      Idx    E Section Name        Object

    0x68000000        -       0x00000000   Zero   RW           54    __tz_SDRAM_S.bss    anon$$obj.o


    Execution Region SDRAM (Exec base: 0x68000000, Load base: 0x68000000, Size: 0x00000000, Max: 0xffffffff, ABSOLUTE, FIXED)

    **** No section assigned to this execution region ****


    Execution Region NOCACHE_SDRAM (Exec base: 0x68000000, Load base: 0x68000000, Size: 0x00000000, Max: 0xffffffff, ABSOLUTE, UNINIT)

    **** No section assigned to this execution region ****


    Execution Region NOCACHE_SDRAM_PAD (Exec base: 0x68000000, Load base: 0x68000000, Size: 0x00000000, Max: 0x00000000, ABSOLUTE)

    Exec Addr    Load Addr    Size         Type   Attr      Idx    E Section Name        Object

    0x68000000        -       0x00000000   Zero   RW           55    NOCACHE_SDRAM_PAD.bss  anon$$obj.o


    Execution Region __tz_SDRAM_N (Exec base: 0x68000000, Load base: 0x68000000, Size: 0x00000000, Max: 0x00000000, ABSOLUTE)

    Exec Addr    Load Addr    Size         Type   Attr      Idx    E Section Name        Object

    0x68000000        -       0x00000000   Zero   RW           56    __tz_SDRAM_N.bss    anon$$obj.o


==============================================================================

Image component sizes


      Code (inc. data)   RO Data    RW Data    ZI Data      Debug   Object Name

      8134          0       3735          5      60865      20791   asr_audio.o
       312          0         65          0          0       1197   base64.o
      1386          0          0          0         44      47881   bsp_clocks.o
         8          0         78          0          0       9846   bsp_common.o
       226          0          0          0          0       1525   bsp_delay.o
       192          0          0          0         64      13536   bsp_group_irq.o
         0          0          0          0          4        559   bsp_io.o
        76          0          0          0        384      14774   bsp_irq.o
       266          0          8          0          8      34704   bsp_register_protection.o
         0          0        104          0          0       1463   bsp_rom_registers.o
         0          0         48          0          0       1090   bsp_security.o
         0          0         12          0          8      17717   common_data.o
         0          0        460         44        304     117221   hal_data.o
      2898          0       1676          0       6195       8608   hal_entry.o
      1544          0        256          0          0       3805   hmac_sha256.o
        20          0          0          0          0        487   main.o
         0          0        924          0          0       8112   pin_data.o
      3070          0         52          0          0      95396   r_adc.o
      2736          0         52          0          8      65402   r_agt.o
       280          0          0          0          0      34120   r_ceu.o
      1074          0         44        384          1      25236   r_dtc.o
      1744          0         58          0          0      68133   r_ioport.o
      2490          0         24          0          1      71913   r_sci_b_spi.o
      3400          0         75          0          0      80462   r_sci_b_uart.o
      1060          0          0          0          0      81697   r_sdhi.o
      1040          0          0          0          0      72613   r_spi_b.o
       412          0          0          0          0      18622   ra_driver_sdram.o
       942          0          0          0          0       2612   sha1.o
        18          0         64          0      73728       1039   startup.o
       846          0          0          0          4      46489   system.o
       264          0      41820          0          0       1150   utf8togbk.o
         0          0        576          0          0      11043   vector_data.o
      1810          0        299          0          8       4580   websocket_client.o
       160          0          0          0          1       2052   zf_common_debug.o
      1784          0          0          0          0       5300   zf_common_fifo.o
       240          0          0          0          0       7856   zf_common_function.o
      1718          0          0          0         57      30710   zf_device_ips200pro.o
      3668          0        297          0       2221      33497   zf_device_wifi_uart.o
       254          0          0          0          1       3460   zf_driver_adc.o
        20          0          0          0          0        890   zf_driver_delay.o
       120          0          0          0          0       8096   zf_driver_gpio.o
       126          0          0          0          0      12840   zf_driver_pit.o
       204          0          0          0          1       2077   zf_driver_uart.o

    ----------------------------------------------------------------------
     45620          0      50748       1392     144980    1090601   Object Totals
         0          0          0          0       1056          0   (incl. Generated)
      1078          0         21        959         17          0   (incl. Padding)

    ----------------------------------------------------------------------

      Code (inc. data)   RO Data    RW Data    ZI Data      Debug   Library Member Name

        28          0          0          0          0         68   _chval.o
       158          0          0          0          0         92   _strtoul.o
        26          0          0          0          0         80   atoi.o
         8          4        133          0          0         68   ctype_o.o
         8          4          0          4          0         68   errno.o
         0          0          0          0          0          0   iusefp.o
        98          0          0          0          0         84   ldiv.o
        30          0          0          0          0         68   llshl.o
        36          0          0          0          0         68   llsshr.o
        32          0          0          0          0         68   llushr.o
        36          0          0          0          0         68   memcpya.o
        36          0          0          0          0        108   memseta.o
      2462        112          0          0          0        924   printfa.o
        36         10          0          4          0        136   rand.o
         8          0          0          0          0         68   siabs.o
         0          0          0          4          0          0   stderr.o
         0          0          0          4          0          0   stdout.o
        24          0          0          0          0         68   strcat.o
        20          0          0          0          0         68   strchr.o
        28          0          0          0          0         76   strcmp.o
        18          0          0          0          0         68   strcpy.o
        14          0          0          0          0         68   strlen.o
        30          0          0          0          0         80   strncmp.o
        24          0          0          0          0         76   strncpy.o
        22          0          0          0          0         68   strrchr.o
        36          0          0          0          0         80   strstr.o
       112          0          0          0          0         88   strtol.o
        44          0          0          0          0         80   uidiv.o
        98          0          0          0          0         92   uldiv.o
        48          0          0          0          0         68   cdrcmple.o
       334          0          0          0          0        148   dadd.o
       222          0          0          0          0        100   ddiv.o
       186          0          0          0          0        176   depilogue.o
        48          0          0          0          0         68   dfixul.o
       228          0          0          0          0         96   dmul.o

    ----------------------------------------------------------------------
      4542        130        134         16          0       3536   Library Totals
         4          0          1          0          0          0   (incl. Padding)

    ----------------------------------------------------------------------

      Code (inc. data)   RO Data    RW Data    ZI Data      Debug   Library Name

      3472        130        133         16          0       2880   mc_w.l
      1066          0          0          0          0        656   mf_w.l

    ----------------------------------------------------------------------
      4542        130        134         16          0       3536   Library Totals

    ----------------------------------------------------------------------

==============================================================================


      Code (inc. data)   RO Data    RW Data    ZI Data      Debug   

     50162        130      50882       1408     144980    1091461   Grand Totals
     50162        130      50882       1408     144980    1091461   ELF Image Totals
     50162        130      50882       1408          0          0   ROM Totals

==============================================================================

    Total RO  Size (Code + RO Data)               101044 (  98.68kB)
    Total RW  Size (RW Data + ZI Data)            146388 ( 142.96kB)
    Total ROM Size (Code + RO Data + RW Data)     102452 ( 100.05kB)

==============================================================================

