Archive member included to satisfy reference by file (symbol)

E:/ARMGUNTOOL/13.2 Rel1/bin/../lib/gcc/arm-none-eabi/13.2.1/thumb/v8-m.main+fp/hard\libgcc.a(_arm_muldf3.o)
                              ./src/bsp_adc.o (__aeabi_dmul)
E:/ARMGUNTOOL/13.2 Rel1/bin/../lib/gcc/arm-none-eabi/13.2.1/thumb/v8-m.main+fp/hard\libgcc.a(_arm_addsubdf3.o)
                              ./src/bsp_adc.o (__aeabi_i2d)
E:/ARMGUNTOOL/13.2 Rel1/bin/../lib/gcc/arm-none-eabi/13.2.1/thumb/v8-m.main+fp/hard\libgcc.a(_arm_muldivdf3.o)
                              ./src/bsp_adc.o (__aeabi_ddiv)
E:/ARMGUNTOOL/13.2 Rel1/bin/../lib/gcc/arm-none-eabi/13.2.1/thumb/v8-m.main+fp/hard\libgcc.a(_aeabi_ldivmod.o)
                              ./ra/fsp/src/r_sci_uart/r_sci_uart.o (__aeabi_ldivmod)
E:/ARMGUNTOOL/13.2 Rel1/bin/../lib/gcc/arm-none-eabi/13.2.1/thumb/v8-m.main+fp/hard\libgcc.a(_udivmoddi4.o)
                              E:/ARMGUNTOOL/13.2 Rel1/bin/../lib/gcc/arm-none-eabi/13.2.1/thumb/v8-m.main+fp/hard\libgcc.a(_aeabi_ldivmod.o) (__udivmoddi4)
E:/ARMGUNTOOL/13.2 Rel1/bin/../lib/gcc/arm-none-eabi/13.2.1/thumb/v8-m.main+fp/hard\libgcc.a(_dvmd_tls.o)
                              E:/ARMGUNTOOL/13.2 Rel1/bin/../lib/gcc/arm-none-eabi/13.2.1/thumb/v8-m.main+fp/hard\libgcc.a(_aeabi_ldivmod.o) (__aeabi_ldiv0)
E:/ARMGUNTOOL/13.2 Rel1/bin/../lib/gcc/arm-none-eabi/13.2.1/thumb/v8-m.main+fp/hard\libg_nano.a(libc_a-exit.o)
                              E:/ARMGUNTOOL/13.2 Rel1/bin/../lib/gcc/arm-none-eabi/13.2.1/thumb/v8-m.main+fp/hard/crt0.o (exit)
E:/ARMGUNTOOL/13.2 Rel1/bin/../lib/gcc/arm-none-eabi/13.2.1/thumb/v8-m.main+fp/hard\libg_nano.a(libc_a-findfp.o)
                              E:/ARMGUNTOOL/13.2 Rel1/bin/../lib/gcc/arm-none-eabi/13.2.1/thumb/v8-m.main+fp/hard\libg_nano.a(libc_a-exit.o) (__stdio_exit_handler)
E:/ARMGUNTOOL/13.2 Rel1/bin/../lib/gcc/arm-none-eabi/13.2.1/thumb/v8-m.main+fp/hard\libg_nano.a(libc_a-fwalk.o)
                              E:/ARMGUNTOOL/13.2 Rel1/bin/../lib/gcc/arm-none-eabi/13.2.1/thumb/v8-m.main+fp/hard\libg_nano.a(libc_a-findfp.o) (_fwalk_sglue)
E:/ARMGUNTOOL/13.2 Rel1/bin/../lib/gcc/arm-none-eabi/13.2.1/thumb/v8-m.main+fp/hard\libg_nano.a(libc_a-printf.o)
                              ./src/hal_entry.o (printf)
E:/ARMGUNTOOL/13.2 Rel1/bin/../lib/gcc/arm-none-eabi/13.2.1/thumb/v8-m.main+fp/hard\libg_nano.a(libc_a-stdio.o)
                              E:/ARMGUNTOOL/13.2 Rel1/bin/../lib/gcc/arm-none-eabi/13.2.1/thumb/v8-m.main+fp/hard\libg_nano.a(libc_a-findfp.o) (__sread)
E:/ARMGUNTOOL/13.2 Rel1/bin/../lib/gcc/arm-none-eabi/13.2.1/thumb/v8-m.main+fp/hard\libg_nano.a(libc_a-memset.o)
                              E:/ARMGUNTOOL/13.2 Rel1/bin/../lib/gcc/arm-none-eabi/13.2.1/thumb/v8-m.main+fp/hard/crt0.o (memset)
E:/ARMGUNTOOL/13.2 Rel1/bin/../lib/gcc/arm-none-eabi/13.2.1/thumb/v8-m.main+fp/hard\libg_nano.a(libc_a-closer.o)
                              E:/ARMGUNTOOL/13.2 Rel1/bin/../lib/gcc/arm-none-eabi/13.2.1/thumb/v8-m.main+fp/hard\libg_nano.a(libc_a-stdio.o) (_close_r)
E:/ARMGUNTOOL/13.2 Rel1/bin/../lib/gcc/arm-none-eabi/13.2.1/thumb/v8-m.main+fp/hard\libg_nano.a(libc_a-reent.o)
                              E:/ARMGUNTOOL/13.2 Rel1/bin/../lib/gcc/arm-none-eabi/13.2.1/thumb/v8-m.main+fp/hard\libg_nano.a(libc_a-closer.o) (errno)
E:/ARMGUNTOOL/13.2 Rel1/bin/../lib/gcc/arm-none-eabi/13.2.1/thumb/v8-m.main+fp/hard\libg_nano.a(libc_a-impure.o)
                              E:/ARMGUNTOOL/13.2 Rel1/bin/../lib/gcc/arm-none-eabi/13.2.1/thumb/v8-m.main+fp/hard\libg_nano.a(libc_a-printf.o) (_impure_ptr)
E:/ARMGUNTOOL/13.2 Rel1/bin/../lib/gcc/arm-none-eabi/13.2.1/thumb/v8-m.main+fp/hard\libg_nano.a(libc_a-lseekr.o)
                              E:/ARMGUNTOOL/13.2 Rel1/bin/../lib/gcc/arm-none-eabi/13.2.1/thumb/v8-m.main+fp/hard\libg_nano.a(libc_a-stdio.o) (_lseek_r)
E:/ARMGUNTOOL/13.2 Rel1/bin/../lib/gcc/arm-none-eabi/13.2.1/thumb/v8-m.main+fp/hard\libg_nano.a(libc_a-readr.o)
                              E:/ARMGUNTOOL/13.2 Rel1/bin/../lib/gcc/arm-none-eabi/13.2.1/thumb/v8-m.main+fp/hard\libg_nano.a(libc_a-stdio.o) (_read_r)
E:/ARMGUNTOOL/13.2 Rel1/bin/../lib/gcc/arm-none-eabi/13.2.1/thumb/v8-m.main+fp/hard\libg_nano.a(libc_a-writer.o)
                              E:/ARMGUNTOOL/13.2 Rel1/bin/../lib/gcc/arm-none-eabi/13.2.1/thumb/v8-m.main+fp/hard\libg_nano.a(libc_a-stdio.o) (_write_r)
E:/ARMGUNTOOL/13.2 Rel1/bin/../lib/gcc/arm-none-eabi/13.2.1/thumb/v8-m.main+fp/hard\libg_nano.a(libc_a-errno.o)
                              ./ra/fsp/src/bsp/mcu/all/bsp_sbrk.o (__errno)
E:/ARMGUNTOOL/13.2 Rel1/bin/../lib/gcc/arm-none-eabi/13.2.1/thumb/v8-m.main+fp/hard\libg_nano.a(libc_a-init.o)
                              E:/ARMGUNTOOL/13.2 Rel1/bin/../lib/gcc/arm-none-eabi/13.2.1/thumb/v8-m.main+fp/hard/crt0.o (__libc_init_array)
E:/ARMGUNTOOL/13.2 Rel1/bin/../lib/gcc/arm-none-eabi/13.2.1/thumb/v8-m.main+fp/hard\libg_nano.a(libc_a-lock.o)
[...]
Memory Configuration

Name             Origin             Length             Attributes
ITCM             0x00000000         0x00000000         xr
DTCM             0x00000000         0x00000000         xrw
FLASH            0x00000000         0x00200000         xr
RAM              0x20000000         0x00080000         xrw
DATA_FLASH       0x08000000         0x00002000         xr
QSPI_FLASH       0x60000000         0x04000000         xr
OSPI_DEVICE_0    0x68000000         0x08000000         xr
OSPI_DEVICE_1    0x70000000         0x10000000         xr
OSPI_DEVICE_0_RAM 0x68000000         0x08000000         xrw
OSPI_DEVICE_1_RAM 0x70000000         0x10000000         xrw
SDRAM            0x80010000         0x00000000         xrw
OPTION_SETTING   0x0100a100         0x00000100         r
OPTION_SETTING_OFS 0x0100a100         0x00000018         r
OPTION_SETTING_SAS 0x0100a134         0x000000cc         r
OPTION_SETTING_S 0x0100a200         0x00000100         r
ID_CODE          0x00000000         0x00000000         xr
*default*        0x00000000         0xffffffff

Linker script and memory map

LOAD E:/ARMGUNTOOL/13.2 Rel1/bin/../lib/gcc/arm-none-eabi/13.2.1/thumb/v8-m.main+fp/hard/crti.o
LOAD E:/ARMGUNTOOL/13.2 Rel1/bin/../lib/gcc/arm-none-eabi/13.2.1/thumb/v8-m.main+fp/hard/crtbegin.o
LOAD E:/ARMGUNTOOL/13.2 Rel1/bin/../lib/gcc/arm-none-eabi/13.2.1/thumb/v8-m.main+fp/hard/crt0.o
LOAD ./src/bsp_adc.o
LOAD ./src/bsp_uart.o
LOAD ./src/hal_entry.o
LOAD ./ra_gen/common_data.o
LOAD ./ra_gen/hal_data.o
LOAD ./ra_gen/main.o
LOAD ./ra_gen/pin_data.o
LOAD ./ra_gen/vector_data.o
LOAD ./ra/fsp/src/r_sci_uart/r_sci_uart.o
LOAD ./ra/fsp/src/r_ioport/r_ioport.o
LOAD ./ra/fsp/src/r_adc/r_adc.o
LOAD ./ra/fsp/src/bsp/mcu/all/bsp_clocks.o
LOAD ./ra/fsp/src/bsp/mcu/all/bsp_common.o
LOAD ./ra/fsp/src/bsp/mcu/all/bsp_delay.o
LOAD ./ra/fsp/src/bsp/mcu/all/bsp_group_irq.o
LOAD ./ra/fsp/src/bsp/mcu/all/bsp_guard.o
LOAD ./ra/fsp/src/bsp/mcu/all/bsp_io.o
LOAD ./ra/fsp/src/bsp/mcu/all/bsp_irq.o
LOAD ./ra/fsp/src/bsp/mcu/all/bsp_macl.o
LOAD ./ra/fsp/src/bsp/mcu/all/bsp_register_protection.o
LOAD ./ra/fsp/src/bsp/mcu/all/bsp_rom_registers.o
LOAD ./ra/fsp/src/bsp/mcu/all/bsp_sbrk.o
LOAD ./ra/fsp/src/bsp/mcu/all/bsp_sdram.o
LOAD ./ra/fsp/src/bsp/mcu/all/bsp_security.o
LOAD ./ra/fsp/src/bsp/cmsis/Device/RENESAS/Source/startup.o
LOAD ./ra/fsp/src/bsp/cmsis/Device/RENESAS/Source/system.o
LOAD ./ra/board/ra6m5_iot/board_init.o
LOAD ./ra/board/ra6m5_iot/board_keys.o
LOAD ./ra/board/ra6m5_iot/board_leds.o
START GROUP
LOAD E:/ARMGUNTOOL/13.2 Rel1/bin/../lib/gcc/arm-none-eabi/13.2.1/thumb/v8-m.main+fp/hard\libgcc.a
LOAD E:/ARMGUNTOOL/13.2 Rel1/bin/../lib/gcc/arm-none-eabi/13.2.1/thumb/v8-m.main+fp/hard\libg_nano.a
LOAD E:/ARMGUNTOOL/13.2 Rel1/bin/../lib/gcc/arm-none-eabi/13.2.1/thumb/v8-m.main+fp/hard\libc_nano.a
END GROUP
START GROUP
LOAD E:/ARMGUNTOOL/13.2 Rel1/bin/../lib/gcc/arm-none-eabi/13.2.1/thumb/v8-m.main+fp/hard\libgcc.a
LOAD E:/ARMGUNTOOL/13.2 Rel1/bin/../lib/gcc/arm-none-eabi/13.2.1/thumb/v8-m.main+fp/hard\libc_nano.a
END GROUP
LOAD E:/ARMGUNTOOL/13.2 Rel1/bin/../lib/gcc/arm-none-eabi/13.2.1/thumb/v8-m.main+fp/hard/crtend.o
LOAD E:/ARMGUNTOOL/13.2 Rel1/bin/../lib/gcc/arm-none-eabi/13.2.1/thumb/v8-m.main+fp/hard/crtn.o
                0x20000000                        RAM_START = 0x20000000
                0x00080000                        RAM_LENGTH = 0x80000
                0x00000000                        FLASH_START = 0x0
                0x00200000                        FLASH_LENGTH = 0x200000
                0x08000000                        DATA_FLASH_START = 0x8000000
                0x00002000                        DATA_FLASH_LENGTH = 0x2000
                0x0100a100                        OPTION_SETTING_START = 0x100a100
                0x00000100                        OPTION_SETTING_LENGTH = 0x100
                0x0100a200                        OPTION_SETTING_S_START = 0x100a200
                0x00000100                        OPTION_SETTING_S_LENGTH = 0x100
                0x00000000                        ID_CODE_START = 0x0
                0x00000000                        ID_CODE_LENGTH = 0x0
                0x80010000                        SDRAM_START = 0x80010000
                0x00000000                        SDRAM_LENGTH = 0x0
                0x60000000                        QSPI_FLASH_START = 0x60000000
                0x04000000                        QSPI_FLASH_LENGTH = 0x4000000
                0x68000000                        OSPI_DEVICE_0_START = 0x68000000
                0x08000000                        OSPI_DEVICE_0_LENGTH = 0x8000000
                0x70000000                        OSPI_DEVICE_1_START = 0x70000000
                0x10000000                        OSPI_DEVICE_1_LENGTH = 0x10000000
                0x04000000                        QSPI_FLASH_PRV_LENGTH = DEFINED (QSPI_FLASH_SIZE)?ABSOLUTE (QSPI_FLASH_SIZE):ABSOLUTE (QSPI_FLASH_LENGTH)
                0x08000000                        OSPI_DEVICE_0_PRV_LENGTH = DEFINED (OSPI_DEVICE_0_SIZE)?ABSOLUTE (OSPI_DEVICE_0_SIZE):ABSOLUTE (OSPI_DEVICE_0_LENGTH)
                0x10000000                        OSPI_DEVICE_1_PRV_LENGTH = DEFINED (OSPI_DEVICE_1_SIZE)?ABSOLUTE (OSPI_DEVICE_1_SIZE):ABSOLUTE (OSPI_DEVICE_1_LENGTH)
                0x00000000                        __RESERVE_NS_RAM = ((! (DEFINED (PROJECT_NONSECURE)) && DEFINED (RAM_NS_BUFFER_LENGTH)) && (OPTION_SETTING_S_LENGTH != 0x0))
                0x00000000                        ITCM_START = DEFINED (ITCM_START)?ITCM_START:0x0
                0x00000000                        ITCM_LENGTH = DEFINED (ITCM_LENGTH)?ITCM_LENGTH:0x0
                0x00000000                        DTCM_START = DEFINED (DTCM_START)?DTCM_START:0x0
                0x00000000                        DTCM_LENGTH = DEFINED (DTCM_LENGTH)?DTCM_LENGTH:0x0
                0x00000000                        RAM_NS_BUFFER_BLOCK_LENGTH = DEFINED (RAM_NS_BUFFER_LENGTH)?ALIGN (RAM_NS_BUFFER_LENGTH, 0x2000):0x0
                0x00000000                        RAM_NS_BUFFER_LENGTH = DEFINED (RAM_NS_BUFFER_LENGTH)?RAM_NS_BUFFER_LENGTH:0x0
                0x20080000                        RAM_NS_BUFFER_START = ((RAM_START + RAM_LENGTH) - RAM_NS_BUFFER_LENGTH)
                0x20080000                        RAM_NS_BUFFER_BLOCK_START = ((RAM_START + RAM_LENGTH) - RAM_NS_BUFFER_BLOCK_LENGTH)
                0x0100a180                        OPTION_SETTING_START_NS = DEFINED (PROJECT_NONSECURE)?OPTION_SETTING_START:(OPTION_SETTING_START + 0x80)
                0x00000001                        __bl_FSP_BOOTABLE_IMAGE = 0x1
                0x00000001                        __bln_FSP_BOOTABLE_IMAGE = 0x1
                0x00000001                        PROJECT_SECURE_OR_FLAT = (((! (DEFINED (PROJECT_NONSECURE)) || DEFINED (PROJECT_SECURE)) && OPTION_SETTING_LENGTH) && ! (DEFINED (FSP_BOOTABLE_IMAGE)))
                0x00000000                        USE_OPTION_SETTING_NS = (DEFINED (PROJECT_NONSECURE) && ! (DEFINED (FSP_BOOTABLE_IMAGE)))
                0x00000000                        __bl_FLASH_IMAGE_START = ! (DEFINED (FLASH_BOOTLOADER_LENGTH))?0x0:(FLASH_APPLICATION_IMAGE_NUMBER == 0x1)?((FLASH_START + FLASH_BOOTLOADER_LENGTH) + FLASH_BOOTLOADER_HEADER_LENGTH):(DEFINED (BOOTLOADER_SECONDARY_USE_QSPI) || DEFINED (BOOTLOADER_SECONDARY_USE_OSPI_B))?(((FLASH_START + FLASH_BOOTLOADER_LENGTH) + FLASH_BOOTLOADER_SCRATCH_LENGTH) + FLASH_BOOTLOADER_HEADER_LENGTH):((((FLASH_START + FLASH_BOOTLOADER_LENGTH) + FLASH_BOOTLOADER_SCRATCH_LENGTH) + FLASH_APPLICATION_S_LENGTH) + FLASH_BOOTLOADER_HEADER_LENGTH)
                0x00000000                        __bl_FLASH_IMAGE_LENGTH = ! (DEFINED (FLASH_BOOTLOADER_LENGTH))?0x0:(FLASH_APPLICATION_S_LENGTH - FLASH_BOOTLOADER_HEADER_LENGTH)
                0x00000000                        __bl_FLASH_IMAGE_END = (__bl_FLASH_IMAGE_START + __bl_FLASH_IMAGE_LENGTH)
                0x00000000                        __bl_XIP_SECONDARY_FLASH_IMAGE_START = ! (DEFINED (FLASH_BOOTLOADER_LENGTH))?0x0:(((FLASH_START + FLASH_BOOTLOADER_LENGTH) + FLASH_APPLICATION_S_LENGTH) + FLASH_BOOTLOADER_HEADER_LENGTH)
                0x00000000                        __bl_XIP_SECONDARY_FLASH_IMAGE_END = (__bl_XIP_SECONDARY_FLASH_IMAGE_START + __bl_FLASH_IMAGE_LENGTH)
                0x00000000                        __bl_FLASH_IMAGE_START_FROM_MMF_REGION = DEFINED (BOOT_IMAGE_FROM_MMF_REGION)?BOOT_IMAGE_FROM_MMF_REGION:0x0
                0x00000000                        __bl_MEMORY_MIRROR_REGION_START = DEFINED (MMF_REGION_START_ADDR)?MMF_REGION_START_ADDR:0x0
                0x00000000                        __bl_FLASH_NS_START = ! (DEFINED (FLASH_BOOTLOADER_LENGTH))?0x0:(FLASH_APPLICATION_NS_LENGTH == 0x0)?__bl_FLASH_IMAGE_END:((__bl_FLASH_IMAGE_START - FLASH_BOOTLOADER_HEADER_LENGTH) + FLASH_APPLICATION_S_LENGTH)
                0x00000000                        __bl_FLASH_NSC_START = ! (DEFINED (FLASH_BOOTLOADER_LENGTH))?0x0:(FLASH_APPLICATION_NS_LENGTH == 0x0)?__bl_FLASH_IMAGE_END:(__bl_FLASH_IMAGE_END - FLASH_APPLICATION_NSC_LENGTH)
                0x00000000                        __bl_RAM_NS_START = ! (DEFINED (FLASH_BOOTLOADER_LENGTH))?0x0:(FLASH_APPLICATION_NS_LENGTH == 0x0)?(RAM_START + RAM_LENGTH):((RAM_START + RAM_LENGTH) - RAM_APPLICATION_NS_LENGTH)
                0x00000000                        __bl_RAM_NSC_START = ! (DEFINED (FLASH_BOOTLOADER_LENGTH))?0x0:(FLASH_APPLICATION_NS_LENGTH == 0x0)?(RAM_START + RAM_LENGTH):(__bl_RAM_NS_START - RAM_APPLICATION_NSC_LENGTH)
                0x00000000                        __bl_FLASH_NS_IMAGE_START = ! (DEFINED (FLASH_BOOTLOADER_LENGTH))?0x0:(FLASH_APPLICATION_NS_LENGTH == 0x0)?__bl_FLASH_IMAGE_END:(__bl_FLASH_NS_START + FLASH_BOOTLOADER_HEADER_LENGTH_2)
                0x00000000                        __bln_FLASH_IMAGE_START = (__bl_FLASH_NS_IMAGE_START | ! (DEFINED (NS_OFFSET_START))?0x0:NS_OFFSET_START)
                0x00000000                        __bln_FLASH_IMAGE_LENGTH = ! (DEFINED (FLASH_BOOTLOADER_LENGTH))?0x0:(FLASH_APPLICATION_NS_LENGTH == 0x0)?__bl_FLASH_IMAGE_END:(FLASH_APPLICATION_NS_LENGTH - FLASH_BOOTLOADER_HEADER_LENGTH_2)
                0x00000000                        XIP_SECONDARY_SLOT_IMAGE = DEFINED (XIP_SECONDARY_SLOT_IMAGE)?XIP_SECONDARY_SLOT_IMAGE:0x0
                0x00000000                        FLASH_IMAGE_START_FROM_MMF_REGION = ! (DEFINED (FLASH_IMAGE_START_FROM_MMF_REGION))?0x0:FLASH_IMAGE_START_FROM_MMF_REGION
                0x00000000                        MEMORY_MIRROR_REGION_START = ! (DEFINED (MEMORY_MIRROR_REGION_START))?0x0:MEMORY_MIRROR_REGION_START
                0x00000000                        FLASH_ORIGIN = ! (DEFINED (FLASH_IMAGE_START))?FLASH_START:(XIP_SECONDARY_SLOT_IMAGE == 0x1)?XIP_SECONDARY_FLASH_IMAGE_START:(FLASH_IMAGE_START_FROM_MMF_REGION == 0x1)?MEMORY_MIRROR_REGION_START:FLASH_IMAGE_START
                0x00200000                        LIMITED_FLASH_LENGTH = DEFINED (FLASH_IMAGE_LENGTH)?FLASH_IMAGE_LENGTH:DEFINED (FLASH_BOOTLOADER_LENGTH)?FLASH_BOOTLOADER_LENGTH:FLASH_LENGTH
                0x00000034                        OPTION_SETTING_SAS_SIZE = 0x34
                0x000000cc                        OPTION_SETTING_SAS_LENGTH = ! (DEFINED (OPTION_SETTING_LENGTH))?0x0:(OPTION_SETTING_LENGTH == 0x0)?0x0:(OPTION_SETTING_LENGTH - OPTION_SETTING_SAS_SIZE)
START GROUP
LOAD E:/ARMGUNTOOL/13.2 Rel1/bin/../lib/gcc/arm-none-eabi/13.2.1/thumb/v8-m.main+fp/hard\libgcc.a
LOAD E:/ARMGUNTOOL/13.2 Rel1/bin/../lib/gcc/arm-none-eabi/13.2.1/thumb/v8-m.main+fp/hard\libc.a
LOAD E:/ARMGUNTOOL/13.2 Rel1/bin/../lib/gcc/arm-none-eabi/13.2.1/thumb/v8-m.main+fp/hard\libm.a
END GROUP

.text           0x00000000     0x2864
                0x00000000                        __tz_FLASH_S = ABSOLUTE (FLASH_START)
                0x00000000                        __ROM_Start = .
 *(.fixed_vectors*)
 .fixed_vectors
                0x00000000       0x40 ./ra/fsp/src/bsp/cmsis/Device/RENESAS/Source/startup.o
                0x00000000                __Vectors
 *(.application_vectors*)
 .application_vectors
                0x00000040       0x10 ./ra_gen/vector_data.o
                0x00000040                g_vector_table
                0x00000050                        __Vectors_End = .
 *(.flash_gap*)
                0x00000050                        . = (OPTION_SETTING_LENGTH > 0x0)?.:(__ROM_Start + 0x400)
 *(.rom_registers*)
 *(.mcuboot_sce9_key*)
 *(.text*)
 .text.deregister_tm_clones
                0x00000050       0x1c E:/ARMGUNTOOL/13.2 Rel1/bin/../lib/gcc/arm-none-eabi/13.2.1/thumb/v8-m.main+fp/hard/crtbegin.o
 .text.register_tm_clones
                0x0000006c       0x28 E:/ARMGUNTOOL/13.2 Rel1/bin/../lib/gcc/arm-none-eabi/13.2.1/thumb/v8-m.main+fp/hard/crtbegin.o
 .text.__do_global_dtors_aux
                0x00000094       0x28 E:/ARMGUNTOOL/13.2 Rel1/bin/../lib/gcc/arm-none-eabi/13.2.1/thumb/v8-m.main+fp/hard/crtbegin.o
 .text.frame_dummy
                0x000000bc       0x24 E:/ARMGUNTOOL/13.2 Rel1/bin/../lib/gcc/arm-none-eabi/13.2.1/thumb/v8-m.main+fp/hard/crtbegin.o
 .text.ADC0_Init
                0x000000e0       0x3c ./src/bsp_adc.o
                0x000000e0                ADC0_Init
 .text.ADC4_Init
                0x0000011c       0x3c ./src/bsp_adc.o
                0x0000011c                ADC4_Init
 .text.ADC7_Init
                0x00000158       0x3c ./src/bsp_adc.o
                0x00000158                ADC7_Init
 .text.adc0_pro
                0x00000194       0x54 ./src/bsp_adc.o
                0x00000194                adc0_pro
 .text.adc4_pro
                0x000001e8       0x54 ./src/bsp_adc.o
                0x000001e8                adc4_pro
 .text.adc7_pro
                0x0000023c       0x54 ./src/bsp_adc.o
                0x0000023c                adc7_pro
 .text.uart6_callback
                0x00000290       0x14 ./src/bsp_uart.o
                0x00000290                uart6_callback
 .text.uart_init
                0x000002a4       0x2c ./src/bsp_uart.o
                0x000002a4                uart_init
 .text._write   0x000002d0       0x24 ./src/bsp_uart.o
                0x000002d0                _write
 .text.hal_entry
                0x000002f4       0x60 ./src/hal_entry.o
                0x000002f4                hal_entry
 .text.R_BSP_WarmStart
                0x00000354       0x18 ./src/hal_entry.o
                0x00000354                R_BSP_WarmStart
 .text._close   0x0000036c        0x8 ./src/hal_entry.o
                0x0000036c                _close
 .text._lseek   0x00000374        0x4 ./src/hal_entry.o
                0x00000374                _lseek
 .text._read    0x00000378        0x4 ./src/hal_entry.o
                0x00000378                _read
 .text._fstat   0x0000037c        0xc ./src/hal_entry.o
                0x0000037c                _fstat
 .text._isatty  0x00000388        0x4 ./src/hal_entry.o
                0x00000388                _isatty
 .text.startup.main
                0x0000038c        0xc ./ra_gen/main.o
                0x0000038c                main
 .text.R_SCI_UART_Close
                0x00000398       0xcc ./ra/fsp/src/r_sci_uart/r_sci_uart.o
                0x00000398                R_SCI_UART_Close
 .text.R_SCI_UART_Read
                0x00000464        0xc ./ra/fsp/src/r_sci_uart/r_sci_uart.o
                0x00000464                R_SCI_UART_Read
 .text.R_SCI_UART_Write
                0x00000470       0x50 ./ra/fsp/src/r_sci_uart/r_sci_uart.o
                0x00000470                R_SCI_UART_Write
 .text.R_SCI_UART_CallbackSet
                0x000004c0       0x10 ./ra/fsp/src/r_sci_uart/r_sci_uart.o
                0x000004c0                R_SCI_UART_CallbackSet
 .text.R_SCI_UART_BaudSet
                0x000004d0       0x68 ./ra/fsp/src/r_sci_uart/r_sci_uart.o
                0x000004d0                R_SCI_UART_BaudSet
 .text.R_SCI_UART_InfoGet
                0x00000538        0xc ./ra/fsp/src/r_sci_uart/r_sci_uart.o
                0x00000538                R_SCI_UART_InfoGet
 .text.R_SCI_UART_Abort
                0x00000544       0x3c ./ra/fsp/src/r_sci_uart/r_sci_uart.o
                0x00000544                R_SCI_UART_Abort
 .text.R_SCI_UART_ReadStop
                0x00000580       0x14 ./ra/fsp/src/r_sci_uart/r_sci_uart.o
                0x00000580                R_SCI_UART_ReadStop
 .text.r_sci_uart_call_callback
                0x00000594       0x44 ./ra/fsp/src/r_sci_uart/r_sci_uart.o
 .text.R_SCI_UART_Open
                0x000005d8      0x3b4 ./ra/fsp/src/r_sci_uart/r_sci_uart.o
                0x000005d8                R_SCI_UART_Open
 .text.sci_uart_txi_isr
                0x0000098c       0x8c ./ra/fsp/src/r_sci_uart/r_sci_uart.o
                0x0000098c                sci_uart_txi_isr
 .text.sci_uart_rxi_isr
                0x00000a18       0x90 ./ra/fsp/src/r_sci_uart/r_sci_uart.o
                0x00000a18                sci_uart_rxi_isr
 .text.sci_uart_tei_isr
                0x00000aa8       0x48 ./ra/fsp/src/r_sci_uart/r_sci_uart.o
                0x00000aa8                sci_uart_tei_isr
 .text.sci_uart_eri_isr
                0x00000af0       0x78 ./ra/fsp/src/r_sci_uart/r_sci_uart.o
                0x00000af0                sci_uart_eri_isr
 .text.bsp_vbatt_init
                0x00000b68       0xe8 ./ra/fsp/src/r_ioport/r_ioport.o
 .text.r_ioport_pins_config
                0x00000c50       0xac ./ra/fsp/src/r_ioport/r_ioport.o
 .text.R_IOPORT_Open
                0x00000cfc       0x14 ./ra/fsp/src/r_ioport/r_ioport.o
                0x00000cfc                R_IOPORT_Open
 .text.R_ADC_ScanStart
                0x00000d10        0xc ./ra/fsp/src/r_adc/r_adc.o
                0x00000d10                R_ADC_ScanStart
 .text.R_ADC_StatusGet
                0x00000d1c       0x10 ./ra/fsp/src/r_adc/r_adc.o
                0x00000d1c                R_ADC_StatusGet
 .text.R_ADC_Read
                0x00000d2c       0x10 ./ra/fsp/src/r_adc/r_adc.o
                0x00000d2c                R_ADC_Read
 .text.R_ADC_ScanCfg
                0x00000d3c      0x200 ./ra/fsp/src/r_adc/r_adc.o
                0x00000d3c                R_ADC_ScanCfg
 .text.r_adc_irq_enable.part.0
                0x00000f3c       0x5c ./ra/fsp/src/r_adc/r_adc.o
 .text.R_ADC_Open
                0x00000f98      0x134 ./ra/fsp/src/r_adc/r_adc.o
                0x00000f98                R_ADC_Open
 .text.SystemCoreClockUpdate
                0x000010cc       0x28 ./ra/fsp/src/bsp/mcu/all/bsp_clocks.o
                0x000010cc                SystemCoreClockUpdate
 .text.R_BSP_SubClockStabilizeWaitAfterReset
                0x000010f4        0x4 ./ra/fsp/src/bsp/mcu/all/bsp_clocks.o
                0x000010f4                R_BSP_SubClockStabilizeWaitAfterReset
 .text.bsp_clock_init
                0x000010f8      0x14c ./ra/fsp/src/bsp/mcu/all/bsp_clocks.o
                0x000010f8                bsp_clock_init
 .text.R_BSP_Init_RTC
                0x00001244       0xb0 ./ra/fsp/src/bsp/mcu/all/bsp_clocks.o
                0x00001244                R_BSP_Init_RTC
 .text.__assert_func
                0x000012f4        0x4 ./ra/fsp/src/bsp/mcu/all/bsp_common.o
                0x000012f4                __assert_func
 .text.bsp_prv_software_delay_loop
                0x000012f8        0xc ./ra/fsp/src/bsp/mcu/all/bsp_delay.o
                0x000012f8                bsp_prv_software_delay_loop
 .text.R_BSP_SoftwareDelay
                0x00001304       0x58 ./ra/fsp/src/bsp/mcu/all/bsp_delay.o
                0x00001304                R_BSP_SoftwareDelay
 .text.NMI_Handler
                0x0000135c       0x3c ./ra/fsp/src/bsp/mcu/all/bsp_group_irq.o
                0x0000135c                NMI_Handler
 .text.bsp_irq_cfg
                0x00001398       0xb8 ./ra/fsp/src/bsp/mcu/all/bsp_irq.o
                0x00001398                bsp_irq_cfg
 .text.R_BSP_RegisterProtectEnable
                0x00001450       0x60 ./ra/fsp/src/bsp/mcu/all/bsp_register_protection.o
                0x00001450                R_BSP_RegisterProtectEnable
 .text.R_BSP_RegisterProtectDisable
                0x000014b0       0x54 ./ra/fsp/src/bsp/mcu/all/bsp_register_protection.o
                0x000014b0                R_BSP_RegisterProtectDisable
 .text._sbrk    0x00001504       0x40 ./ra/fsp/src/bsp/mcu/all/bsp_sbrk.o
                0x00001504                _sbrk
 .text.Default_Handler
                0x00001544        0x4 ./ra/fsp/src/bsp/cmsis/Device/RENESAS/Source/startup.o
                0x00001544                DebugMon_Handler
                0x00001544                HardFault_Handler
                0x00001544                SysTick_Handler
                0x00001544                PendSV_Handler
                0x00001544                UsageFault_Handler
                0x00001544                SecureFault_Handler
                0x00001544                Default_Handler
                0x00001544                MemManage_Handler
                0x00001544                SVC_Handler
                0x00001544                BusFault_Handler
 .text.Reset_Handler
                0x00001548        0xc ./ra/fsp/src/bsp/cmsis/Device/RENESAS/Source/startup.o
                0x00001548                Reset_Handler
 .text.SystemInit
                0x00001554       0xe0 ./ra/fsp/src/bsp/cmsis/Device/RENESAS/Source/system.o
                0x00001554                SystemInit
 .text.bsp_init
                0x00001634        0x4 ./ra/board/ra6m5_iot/board_init.o
                0x00001634                bsp_init
 .text.std      0x00001638       0x6c E:/ARMGUNTOOL/13.2 Rel1/bin/../lib/gcc/arm-none-eabi/13.2.1/thumb/v8-m.main+fp/hard\libg_nano.a(libc_a-findfp.o)
 .text.stdio_exit_handler
                0x000016a4       0x18 E:/ARMGUNTOOL/13.2 Rel1/bin/../lib/gcc/arm-none-eabi/13.2.1/thumb/v8-m.main+fp/hard\libg_nano.a(libc_a-findfp.o)
 .text.cleanup_stdio
                0x000016bc       0x40 E:/ARMGUNTOOL/13.2 Rel1/bin/../lib/gcc/arm-none-eabi/13.2.1/thumb/v8-m.main+fp/hard\libg_nano.a(libc_a-findfp.o)
 .text.global_stdio_init.part.0
                0x000016fc       0x3c E:/ARMGUNTOOL/13.2 Rel1/bin/../lib/gcc/arm-none-eabi/13.2.1/thumb/v8-m.main+fp/hard\libg_nano.a(libc_a-findfp.o)
 .text.__sfp_lock_acquire
                0x00001738        0xc E:/ARMGUNTOOL/13.2 Rel1/bin/../lib/gcc/arm-none-eabi/13.2.1/thumb/v8-m.main+fp/hard\libg_nano.a(libc_a-findfp.o)
                0x00001738                __sfp_lock_acquire
 .text.__sfp_lock_release
                0x00001744        0xc E:/ARMGUNTOOL/13.2 Rel1/bin/../lib/gcc/arm-none-eabi/13.2.1/thumb/v8-m.main+fp/hard\libg_nano.a(libc_a-findfp.o)
                0x00001744                __sfp_lock_release
 .text.__sinit  0x00001750       0x30 E:/ARMGUNTOOL/13.2 Rel1/bin/../lib/gcc/arm-none-eabi/13.2.1/thumb/v8-m.main+fp/hard\libg_nano.a(libc_a-findfp.o)
                0x00001750                __sinit
 .text._fwalk_sglue
                0x00001780       0x3c E:/ARMGUNTOOL/13.2 Rel1/bin/../lib/gcc/arm-none-eabi/13.2.1/thumb/v8-m.main+fp/hard\libg_nano.a(libc_a-fwalk.o)
                0x00001780                _fwalk_sglue
 .text.printf   0x000017bc       0x24 E:/ARMGUNTOOL/13.2 Rel1/bin/../lib/gcc/arm-none-eabi/13.2.1/thumb/v8-m.main+fp/hard\libg_nano.a(libc_a-printf.o)
                0x000017bc                iprintf
                0x000017bc                printf
 .text.__sread  0x000017e0       0x22 E:/ARMGUNTOOL/13.2 Rel1/bin/../lib/gcc/arm-none-eabi/13.2.1/thumb/v8-m.main+fp/hard\libg_nano.a(libc_a-stdio.o)
                0x000017e0                __sread
 .text.__swrite
                0x00001802       0x38 E:/ARMGUNTOOL/13.2 Rel1/bin/../lib/gcc/arm-none-eabi/13.2.1/thumb/v8-m.main+fp/hard\libg_nano.a(libc_a-stdio.o)
                0x00001802                __swrite
 .text.__sseek  0x0000183a       0x24 E:/ARMGUNTOOL/13.2 Rel1/bin/../lib/gcc/arm-none-eabi/13.2.1/thumb/v8-m.main+fp/hard\libg_nano.a(libc_a-stdio.o)
                0x0000183a                __sseek
 .text.__sclose
                0x0000185e        0x8 E:/ARMGUNTOOL/13.2 Rel1/bin/../lib/gcc/arm-none-eabi/13.2.1/thumb/v8-m.main+fp/hard\libg_nano.a(libc_a-stdio.o)
                0x0000185e                __sclose
 .text.memset   0x00001866       0x10 E:/ARMGUNTOOL/13.2 Rel1/bin/../lib/gcc/arm-none-eabi/13.2.1/thumb/v8-m.main+fp/hard\libg_nano.a(libc_a-memset.o)
                0x00001866                memset
 *fill*         0x00001876        0x2 ff
 .text._close_r
                0x00001878       0x20 E:/ARMGUNTOOL/13.2 Rel1/bin/../lib/gcc/arm-none-eabi/13.2.1/thumb/v8-m.main+fp/hard\libg_nano.a(libc_a-closer.o)
                0x00001878                _close_r
 .text._lseek_r
                0x00001898       0x24 E:/ARMGUNTOOL/13.2 Rel1/bin/../lib/gcc/arm-none-eabi/13.2.1/thumb/v8-m.main+fp/hard\libg_nano.a(libc_a-lseekr.o)
                0x00001898                _lseek_r
 .text._read_r  0x000018bc       0x24 E:/ARMGUNTOOL/13.2 Rel1/bin/../lib/gcc/arm-none-eabi/13.2.1/thumb/v8-m.main+fp/hard\libg_nano.a(libc_a-readr.o)
                0x000018bc                _read_r
 .text._write_r
                0x000018e0       0x24 E:/ARMGUNTOOL/13.2 Rel1/bin/../lib/gcc/arm-none-eabi/13.2.1/thumb/v8-m.main+fp/hard\libg_nano.a(libc_a-writer.o)
                0x000018e0                _write_r
 .text.__errno  0x00001904        0xc E:/ARMGUNTOOL/13.2 Rel1/bin/../lib/gcc/arm-none-eabi/13.2.1/thumb/v8-m.main+fp/hard\libg_nano.a(libc_a-errno.o)
                0x00001904                __errno
 .text.__retarget_lock_init_recursive
                0x00001910        0x2 E:/ARMGUNTOOL/13.2 Rel1/bin/../lib/gcc/arm-none-eabi/13.2.1/thumb/v8-m.main+fp/hard\libg_nano.a(libc_a-lock.o)
                0x00001910                __retarget_lock_init_recursive
 .text.__retarget_lock_acquire_recursive
                0x00001912        0x2 E:/ARMGUNTOOL/13.2 Rel1/bin/../lib/gcc/arm-none-eabi/13.2.1/thumb/v8-m.main+fp/hard\libg_nano.a(libc_a-lock.o)
                0x00001912                __retarget_lock_acquire_recursive
 .text.__retarget_lock_release_recursive
                0x00001914        0x2 E:/ARMGUNTOOL/13.2 Rel1/bin/../lib/gcc/arm-none-eabi/13.2.1/thumb/v8-m.main+fp/hard\libg_nano.a(libc_a-lock.o)
                0x00001914                __retarget_lock_release_recursive
 .text.memcpy   0x00001916       0x1a E:/ARMGUNTOOL/13.2 Rel1/bin/../lib/gcc/arm-none-eabi/13.2.1/thumb/v8-m.main+fp/hard\libg_nano.a(libc_a-memcpy-stub.o)
                0x00001916                memcpy
 .text._free_r  0x00001930       0x94 E:/ARMGUNTOOL/13.2 Rel1/bin/../lib/gcc/arm-none-eabi/13.2.1/thumb/v8-m.main+fp/hard\libg_nano.a(libc_a-freer.o)
                0x00001930                _free_r
 .text.sbrk_aligned
                0x000019c4       0x44 E:/ARMGUNTOOL/13.2 Rel1/bin/../lib/gcc/arm-none-eabi/13.2.1/thumb/v8-m.main+fp/hard\libg_nano.a(libc_a-mallocr.o)
 .text._malloc_r
                0x00001a08      0x100 E:/ARMGUNTOOL/13.2 Rel1/bin/../lib/gcc/arm-none-eabi/13.2.1/thumb/v8-m.main+fp/hard\libg_nano.a(libc_a-mallocr.o)
                0x00001a08                _malloc_r
 .text.__malloc_lock
                0x00001b08        0xc E:/ARMGUNTOOL/13.2 Rel1/bin/../lib/gcc/arm-none-eabi/13.2.1/thumb/v8-m.main+fp/hard\libg_nano.a(libc_a-mlock.o)
                0x00001b08                __malloc_lock
 .text.__malloc_unlock
                0x00001b14        0xc E:/ARMGUNTOOL/13.2 Rel1/bin/../lib/gcc/arm-none-eabi/13.2.1/thumb/v8-m.main+fp/hard\libg_nano.a(libc_a-mlock.o)
                0x00001b14                __malloc_unlock
 .text.__sfputc_r
                0x00001b20       0x2e E:/ARMGUNTOOL/13.2 Rel1/bin/../lib/gcc/arm-none-eabi/13.2.1/thumb/v8-m.main+fp/hard\libg_nano.a(libc_a-nano-vfprintf.o)
 .text.__sfputs_r
                0x00001b4e       0x24 E:/ARMGUNTOOL/13.2 Rel1/bin/../lib/gcc/arm-none-eabi/13.2.1/thumb/v8-m.main+fp/hard\libg_nano.a(libc_a-nano-vfprintf.o)
                0x00001b4e                __sfputs_r
 *fill*         0x00001b72        0x2 ff
 .text._vfprintf_r
                0x00001b74      0x230 E:/ARMGUNTOOL/13.2 Rel1/bin/../lib/gcc/arm-none-eabi/13.2.1/thumb/v8-m.main+fp/hard\libg_nano.a(libc_a-nano-vfprintf.o)
                0x00001b74                _vfprintf_r
                0x00001b74                _vfiprintf_r
 .text._printf_common
                0x00001da4       0xe4 E:/ARMGUNTOOL/13.2 Rel1/bin/../lib/gcc/arm-none-eabi/13.2.1/thumb/v8-m.main+fp/hard\libg_nano.a(libc_a-nano-vfprintf_i.o)
                0x00001da4                _printf_common
 .text._printf_i
                0x00001e88      0x23c E:/ARMGUNTOOL/13.2 Rel1/bin/../lib/gcc/arm-none-eabi/13.2.1/thumb/v8-m.main+fp/hard\libg_nano.a(libc_a-nano-vfprintf_i.o)
                0x00001e88                _printf_i
 .text.__sflush_r
                0x000020c4      0x108 E:/ARMGUNTOOL/13.2 Rel1/bin/../lib/gcc/arm-none-eabi/13.2.1/thumb/v8-m.main+fp/hard\libg_nano.a(libc_a-fflush.o)
                0x000020c4                __sflush_r
 .text._fflush_r
                0x000021cc       0x50 E:/ARMGUNTOOL/13.2 Rel1/bin/../lib/gcc/arm-none-eabi/13.2.1/thumb/v8-m.main+fp/hard\libg_nano.a(libc_a-fflush.o)
                0x000021cc                _fflush_r
 .text.__swbuf_r
                0x0000221c       0x7c E:/ARMGUNTOOL/13.2 Rel1/bin/../lib/gcc/arm-none-eabi/13.2.1/thumb/v8-m.main+fp/hard\libg_nano.a(libc_a-wbuf.o)
                0x0000221c                __swbuf_r
 .text.__swsetup_r
                0x00002298       0xac E:/ARMGUNTOOL/13.2 Rel1/bin/../lib/gcc/arm-none-eabi/13.2.1/thumb/v8-m.main+fp/hard\libg_nano.a(libc_a-wsetup.o)
                0x00002298                __swsetup_r
 .text._sbrk_r  0x00002344       0x20 E:/ARMGUNTOOL/13.2 Rel1/bin/../lib/gcc/arm-none-eabi/13.2.1/thumb/v8-m.main+fp/hard\libg_nano.a(libc_a-sbrkr.o)
                0x00002344                _sbrk_r
 .text.memchr   0x00002364       0x1c E:/ARMGUNTOOL/13.2 Rel1/bin/../lib/gcc/arm-none-eabi/13.2.1/thumb/v8-m.main+fp/hard\libg_nano.a(libc_a-memchr-stub.o)
                0x00002364                memchr
 .text.__swhatbuf_r
                0x00002380       0x4a E:/ARMGUNTOOL/13.2 Rel1/bin/../lib/gcc/arm-none-eabi/13.2.1/thumb/v8-m.main+fp/hard\libg_nano.a(libc_a-makebuf.o)
                0x00002380                __swhatbuf_r
 .text.__smakebuf_r
                0x000023ca       0x78 E:/ARMGUNTOOL/13.2 Rel1/bin/../lib/gcc/arm-none-eabi/13.2.1/thumb/v8-m.main+fp/hard\libg_nano.a(libc_a-makebuf.o)
                0x000023ca                __smakebuf_r
 *fill*         0x00002442        0x2 ff
 .text._fstat_r
                0x00002444       0x24 E:/ARMGUNTOOL/13.2 Rel1/bin/../lib/gcc/arm-none-eabi/13.2.1/thumb/v8-m.main+fp/hard\libg_nano.a(libc_a-fstatr.o)
                0x00002444                _fstat_r
 .text._isatty_r
                0x00002468       0x20 E:/ARMGUNTOOL/13.2 Rel1/bin/../lib/gcc/arm-none-eabi/13.2.1/thumb/v8-m.main+fp/hard\libg_nano.a(libc_a-isattyr.o)
                0x00002468                _isatty_r
 *(.version)
 .version       0x00002488       0x50 ./ra/fsp/src/bsp/mcu/all/bsp_common.o
 *(.init)
 .init          0x000024d8        0x4 E:/ARMGUNTOOL/13.2 Rel1/bin/../lib/gcc/arm-none-eabi/13.2.1/thumb/v8-m.main+fp/hard/crti.o
                0x000024d8                _init
 .init          0x000024dc        0x8 E:/ARMGUNTOOL/13.2 Rel1/bin/../lib/gcc/arm-none-eabi/13.2.1/thumb/v8-m.main+fp/hard/crtn.o
 *(.fini)
 .fini          0x000024e4        0x4 E:/ARMGUNTOOL/13.2 Rel1/bin/../lib/gcc/arm-none-eabi/13.2.1/thumb/v8-m.main+fp/hard/crti.o
                0x000024e4                _fini
 .fini          0x000024e8        0x8 E:/ARMGUNTOOL/13.2 Rel1/bin/../lib/gcc/arm-none-eabi/13.2.1/thumb/v8-m.main+fp/hard/crtn.o
 *crtbegin.o(.ctors)
 *crtbegin?.o(.ctors)
 *(EXCLUDE_FILE(*crtend.o *crtend?.o) .ctors)
 *(SORT_BY_NAME(.ctors.*))
 *(.ctors)
 *crtbegin.o(.dtors)
 *crtbegin?.o(.dtors)
 *(EXCLUDE_FILE(*crtend.o *crtend?.o) .dtors)
 *(SORT_BY_NAME(.dtors.*))
 *(.dtors)
 *(.rodata*)
 .rodata.ADC0_Init.str1.4
                0x000024f0       0x85 ./src/bsp_adc.o
                                 0x25 (size before relaxing)
 *fill*         0x00002575        0x3 ff
 .rodata.__func__.0
                0x00002578        0x9 ./src/bsp_adc.o
 *fill*         0x00002581        0x3 ff
 .rodata.__func__.1
                0x00002584        0x9 ./src/bsp_adc.o
 *fill*         0x0000258d        0x3 ff
 .rodata.__func__.2
                0x00002590        0x9 ./src/bsp_adc.o
 *fill*         0x00002599        0x3 ff
 .rodata.__func__.3
                0x0000259c        0xa ./src/bsp_adc.o
 *fill*         0x000025a6        0x2 ff
 .rodata.__func__.4
                0x000025a8        0xa ./src/bsp_adc.o
 *fill*         0x000025b2        0x2 ff
 .rodata.__func__.5
                0x000025b4        0xa ./src/bsp_adc.o
 .rodata.uart_init.str1.4
                0x000025be       0x26 ./src/bsp_uart.o
 *fill*         0x000025be        0x2 ff
 .rodata.__func__.0
                0x000025c0        0xa ./src/bsp_uart.o
 .rodata.hal_entry.str1.4
                0x000025ca       0x45 ./src/hal_entry.o
 *fill*         0x000025ca        0x2 ff
 .rodata.g_adc0_channel_cfg
                0x000025cc       0x14 ./ra_gen/hal_data.o
                0x000025cc                g_adc0_channel_cfg
 .rodata.g_adc0_cfg
                0x000025e0       0x18 ./ra_gen/hal_data.o
                0x000025e0                g_adc0_cfg
 .rodata.g_adc0_cfg_extend
                0x000025f8        0xb ./ra_gen/hal_data.o
                0x000025f8                g_adc0_cfg_extend
 *fill*         0x00002603        0x1 ff
 .rodata.g_adc4_channel_cfg
                0x00002604       0x14 ./ra_gen/hal_data.o
                0x00002604                g_adc4_channel_cfg
 .rodata.g_adc4_cfg
                0x00002618       0x18 ./ra_gen/hal_data.o
                0x00002618                g_adc4_cfg
 .rodata.g_adc4_cfg_extend
                0x00002630        0xb ./ra_gen/hal_data.o
                0x00002630                g_adc4_cfg_extend
 *fill*         0x0000263b        0x1 ff
 .rodata.g_adc7_channel_cfg
                0x0000263c       0x14 ./ra_gen/hal_data.o
                0x0000263c                g_adc7_channel_cfg
 .rodata.g_adc7_cfg
                0x00002650       0x18 ./ra_gen/hal_data.o
                0x00002650                g_adc7_cfg
 .rodata.g_adc7_cfg_extend
                0x00002668        0xb ./ra_gen/hal_data.o
                0x00002668                g_adc7_cfg_extend
 *fill*         0x00002673        0x1 ff
 .rodata.g_uart6
                0x00002674        0xc ./ra_gen/hal_data.o
                0x00002674                g_uart6
 .rodata.g_uart6_cfg
                0x00002680       0x20 ./ra_gen/hal_data.o
                0x00002680                g_uart6_cfg
 .rodata.g_uart6_cfg_extend
                0x000026a0       0x14 ./ra_gen/hal_data.o
                0x000026a0                g_uart6_cfg_extend
 .rodata.g_bsp_pin_cfg
                0x000026b4        0xc ./ra_gen/pin_data.o
                0x000026b4                g_bsp_pin_cfg
 .rodata.g_bsp_pin_cfg_data
                0x000026c0      0x130 ./ra_gen/pin_data.o
                0x000026c0                g_bsp_pin_cfg_data
 .rodata.g_interrupt_event_link_select
                0x000027f0        0x8 ./ra_gen/vector_data.o
                0x000027f0                g_interrupt_event_link_select
 .rodata.g_uart_on_sci
                0x000027f8       0x24 ./ra/fsp/src/r_sci_uart/r_sci_uart.o
                0x000027f8                g_uart_on_sci
 .rodata.g_vbatt_pins_input
                0x0000281c        0x6 ./ra/fsp/src/r_ioport/r_ioport.o
 *fill*         0x00002822        0x2 ff
 .rodata.g_prcr_masks
                0x00002824        0x8 ./ra/fsp/src/bsp/mcu/all/bsp_register_protection.o
 .rodata._vfprintf_r.str1.1
                0x0000282c       0x33 E:/ARMGUNTOOL/13.2 Rel1/bin/../lib/gcc/arm-none-eabi/13.2.1/thumb/v8-m.main+fp/hard\libg_nano.a(libc_a-nano-vfprintf.o)
                                 0x11 (size before relaxing)
 .rodata._printf_i.str1.1
                0x0000285f       0x22 E:/ARMGUNTOOL/13.2 Rel1/bin/../lib/gcc/arm-none-eabi/13.2.1/thumb/v8-m.main+fp/hard\libg_nano.a(libc_a-nano-vfprintf_i.o)
                0x0000285f                        __usb_dev_descriptor_start_fs = .
 *(.usb_device_desc_fs*)
                0x0000285f                        __usb_cfg_descriptor_start_fs = .
 *(.usb_config_desc_fs*)
                0x0000285f                        __usb_interface_descriptor_start_fs = .
 *(.usb_interface_desc_fs*)
                0x0000285f                        __usb_descriptor_end_fs = .
                0x0000285f                        __usb_dev_descriptor_start_hs = .
 *(.usb_device_desc_hs*)
                0x0000285f                        __usb_cfg_descriptor_start_hs = .
 *(.usb_config_desc_hs*)
                0x0000285f                        __usb_interface_descriptor_start_hs = .
 *(.usb_interface_desc_hs*)
                0x0000285f                        __usb_descriptor_end_hs = .
 *(.eh_frame*)
 *fill*         0x0000285f        0x1 ff
 .eh_frame      0x00002860        0x0 E:/ARMGUNTOOL/13.2 Rel1/bin/../lib/gcc/arm-none-eabi/13.2.1/thumb/v8-m.main+fp/hard/crtbegin.o
 .eh_frame      0x00002860        0x4 E:/ARMGUNTOOL/13.2 Rel1/bin/../lib/gcc/arm-none-eabi/13.2.1/thumb/v8-m.main+fp/hard/crtend.o
                0x00002864                        __ROM_End = .
                0x00000050                        __Vectors_Size = (__Vectors_End - __Vectors)

.glue_7         0x00002864        0x0
 .glue_7        0x00002864        0x0 linker stubs

.glue_7t        0x00002864        0x0
 .glue_7t       0x00002864        0x0 linker stubs

.vfp11_veneer   0x00002864        0x0
 .vfp11_veneer  0x00002864        0x0 linker stubs

.v4_bx          0x00002864        0x0
 .v4_bx         0x00002864        0x0 linker stubs

.iplt           0x00002864        0x0
 .iplt          0x00002864        0x0 E:/ARMGUNTOOL/13.2 Rel1/bin/../lib/gcc/arm-none-eabi/13.2.1/thumb/v8-m.main+fp/hard/crtbegin.o
                0x00002864                        . = .
                0x00002864                        __itcm_data_pre_location = .

.itcm_data      0x00000000        0x0 load address 0x00002870
                0x00000000                        __tz_ITCM_S = ABSOLUTE (ITCM_START)
                0x00000000                        __itcm_data_start = .
 *(.itcm_data*)
                0x00000000                        . = ALIGN (0x8)
                0x00000000                        __itcm_data_end = .
                0x00000000                        __tz_ITCM_N = DEFINED (ITCM_NS_START)?ABSOLUTE (ITCM_NS_START):ALIGN (__itcm_data_end, 0x2000)
                0x00002870                        __itcm_data_init_start = LOADADDR (.itcm_data)
                0x00002870                        __itcm_data_init_end = (LOADADDR (.itcm_data) + SIZEOF (.itcm_data))
                0x00000001                        ASSERT (((ORIGIN (ITCM) % 0x8) == 0x0), ITCM memory region origin must be aligned to 8 bytes.)
                0x00000001                        ASSERT (((LENGTH (ITCM) % 0x8) == 0x0), ITCM memory region length must be a multiple of 8 bytes.)
                0x00000001                        ASSERT (((LOADADDR (.itcm_data) % 0x10) == 0x0), .itcm_data section must be aligned to 16 bytes.)
                0x00000001                        ASSERT (((SIZEOF (.itcm_data) % 0x8) == 0x0), .itcm_data section size must be a multiple of 8 bytes.)
                0x00002864                        . = (SIZEOF (.itcm_data) > 0x0)?__itcm_data_init_end:__itcm_data_pre_location
                0x00002864                        __exidx_start = .

/DISCARD/
 *(.ARM.extab* .gnu.linkonce.armextab.*)
 *(.ARM.exidx* .gnu.linkonce.armexidx.*)
                0x00002864                        __exidx_end = .
                0x00002864                        __etext = .
                0x20000000                        __tz_RAM_S = ORIGIN (RAM)

.fsp_dtc_vector_table
                0x20000000        0x0
                0x20000000                        . = ORIGIN (RAM)
 *(.fsp_dtc_vector_table)

.data           0x20000000       0x68 load address 0x00002864
                0x20000000                        __data_start__ = .
                0x20000000                        . = ALIGN (0x4)
                0x20000000                        __Code_In_RAM_Start = .
 *(.code_in_ram*)
                0x20000000                        __Code_In_RAM_End = .
 *(vtable)
 *(.data.*)
 .data.g_uart6_baud_setting
                0x20000000        0x4 ./ra_gen/hal_data.o
                0x20000000                g_uart6_baud_setting
 .data.__sglue  0x20000004        0xc E:/ARMGUNTOOL/13.2 Rel1/bin/../lib/gcc/arm-none-eabi/13.2.1/thumb/v8-m.main+fp/hard\libg_nano.a(libc_a-findfp.o)
                0x20000004                __sglue
 .data._impure_ptr
                0x20000010        0x4 E:/ARMGUNTOOL/13.2 Rel1/bin/../lib/gcc/arm-none-eabi/13.2.1/thumb/v8-m.main+fp/hard\libg_nano.a(libc_a-impure.o)
                0x20000010                _impure_ptr
 .data._impure_data
                0x20000014       0x4c E:/ARMGUNTOOL/13.2 Rel1/bin/../lib/gcc/arm-none-eabi/13.2.1/thumb/v8-m.main+fp/hard\libg_nano.a(libc_a-impure.o)
                0x20000014                _impure_data
 *(.data)
                0x20000060                        . = ALIGN (0x4)
                0x20000060                        PROVIDE (__preinit_array_start = .)
 *(.preinit_array)
                0x20000060                        PROVIDE (__preinit_array_end = .)
                0x20000060                        . = ALIGN (0x4)
                0x20000060                        PROVIDE (__init_array_start = .)
 *(SORT_BY_NAME(.init_array.*))
 *(.init_array)
 .init_array    0x20000060        0x4 E:/ARMGUNTOOL/13.2 Rel1/bin/../lib/gcc/arm-none-eabi/13.2.1/thumb/v8-m.main+fp/hard/crtbegin.o
                0x20000064                        PROVIDE (__init_array_end = .)
                0x20000064                        . = ALIGN (0x4)
                [!provide]                        PROVIDE (__fini_array_start = .)
 *(SORT_BY_NAME(.fini_array.*))
 *(.fini_array)
 .fini_array    0x20000064        0x4 E:/ARMGUNTOOL/13.2 Rel1/bin/../lib/gcc/arm-none-eabi/13.2.1/thumb/v8-m.main+fp/hard/crtbegin.o
                [!provide]                        PROVIDE (__fini_array_end = .)
 *(.jcr*)
                0x20000068                        . = ALIGN (0x4)
                0x20000068                        __data_end__ = .

.tm_clone_table
                0x20000068        0x0 load address 0x000028cc
 .tm_clone_table
                0x20000068        0x0 E:/ARMGUNTOOL/13.2 Rel1/bin/../lib/gcc/arm-none-eabi/13.2.1/thumb/v8-m.main+fp/hard/crtbegin.o
 .tm_clone_table
                0x20000068        0x0 E:/ARMGUNTOOL/13.2 Rel1/bin/../lib/gcc/arm-none-eabi/13.2.1/thumb/v8-m.main+fp/hard/crtend.o

.igot.plt       0x20000068        0x0 load address 0x000028cc
 .igot.plt      0x20000068        0x0 E:/ARMGUNTOOL/13.2 Rel1/bin/../lib/gcc/arm-none-eabi/13.2.1/thumb/v8-m.main+fp/hard/crtbegin.o
                0x20000068                        . = .
                0x000028cc                        __dtcm_data_pre_location = (LOADADDR (.data) + SIZEOF (.data))

.dtcm_data      0x00000000        0x0 load address 0x000028d0
                0x00000000                        __tz_DTCM_S = ABSOLUTE (DTCM_START)
                0x00000000                        __dtcm_data_start = .
 *(.dtcm_data*)
                0x00000000                        . = ALIGN (0x8)
                0x00000000                        __dtcm_data_end = .
                0x00000000                        . = __dtcm_data_end

.dtcm_bss       0x00000000        0x0
                0x00000000                        __dtcm_bss_start = .
 *(.dtcm_bss*)
                0x00000000                        . = ALIGN (0x8)
                0x00000000                        __dtcm_bss_end = .
                0x00000000                        __tz_DTCM_N = DEFINED (DTCM_NS_START)?ABSOLUTE (DTCM_NS_START):ALIGN (__dtcm_bss_end, 0x2000)
                0x000028d0                        __dtcm_data_init_start = LOADADDR (.dtcm_data)
                0x000028d0                        __dtcm_data_init_end = (LOADADDR (.dtcm_data) + SIZEOF (.dtcm_data))
                0x00000001                        ASSERT (((ORIGIN (DTCM) % 0x8) == 0x0), DTCM memory region origin must be aligned to 8 bytes.)
                0x00000001                        ASSERT (((LENGTH (DTCM) % 0x8) == 0x0), DTCM memory region length must be a multiple of 8 bytes.)
                0x00000001                        ASSERT ((LOADADDR (.dtcm_bss) == ADDR (.dtcm_bss)), .dtcm_bss has (VMA != LMA) but should be NOLOAD (VMA == LMA).)
                0x00000001                        ASSERT (((LOADADDR (.dtcm_data) % 0x10) == 0x0), .dtcm_data section must be aligned to 16 bytes.)
                0x00000001                        ASSERT (((SIZEOF (.dtcm_data) % 0x8) == 0x0), .dtcm_data section size must be a multiple of 8 bytes.)
                0x00000001                        ASSERT (((LOADADDR (.dtcm_bss) % 0x8) == 0x0), .dtcm_bss section must be aligned to 8 bytes.)
                0x00000001                        ASSERT (((SIZEOF (.dtcm_bss) % 0x8) == 0x0), .dtcm_bss section size must be a multiple of 8 bytes.)
                0x00000001                        ASSERT ((__dtcm_bss_start == __dtcm_data_end), .dtcm_bss section is not adjacent to .dtcm_data section.)
                0x000028cc                        . = (SIZEOF (.dtcm_data) > 0x0)?__dtcm_data_init_end:__dtcm_data_pre_location
                0x000028cc                        sgstubs_pre_location = .
                0x00002c00                        SGSTUBS_LOC = (DEFINED (PROJECT_SECURE) && DEFINED (FLASH_NSC_START))?ABSOLUTE (FLASH_NSC_START):ALIGN (0x400)

.gnu.sgstubs    0x00002c00        0x0
                0x00002c00                        __tz_FLASH_C = DEFINED (FLASH_NSC_START)?ABSOLUTE (FLASH_NSC_START):__RESERVE_NS_RAM?ABSOLUTE ((FLASH_START + FLASH_LENGTH)):ALIGN (0x400)
                0x00002c00                        _start_sg = .
 *(.gnu.sgstubs*)
                0x00002c00                        . = ALIGN (0x20)
                0x00002c00                        _end_sg = .
                0x00008000                        __tz_FLASH_N = DEFINED (FLASH_NS_START)?ABSOLUTE (FLASH_NS_START):__RESERVE_NS_RAM?ABSOLUTE ((FLASH_START + FLASH_LENGTH)):(FLASH_LENGTH < 0x8000)?FLASH_LENGTH:ALIGN (0x8000)
                0x00008000                        FLASH_NS_IMAGE_START = DEFINED (FLASH_NS_IMAGE_START)?FLASH_NS_IMAGE_START:__tz_FLASH_N
                0x60000000                        __tz_QSPI_FLASH_S = ORIGIN (QSPI_FLASH)

.qspi_flash     0x60000000        0x0
                0x60000000                        __qspi_flash_start__ = .
 *(.qspi_flash*)
 *(.code_in_qspi*)
                0x60000000                        __qspi_flash_end__ = .
                0x00000000                        __qspi_flash_code_size__ = (__qspi_flash_end__ - __qspi_flash_start__)
                0x000028cc                        __qspi_flash_code_addr__ = sgstubs_pre_location

.qspi_non_retentive
                0x60000000        0x0 load address 0x000028cc
                0x60000000                        __qspi_non_retentive_start__ = .
 *(.qspi_non_retentive*)
                0x60000000                        __qspi_non_retentive_end__ = .
                0x00000000                        __qspi_non_retentive_size__ = (__qspi_non_retentive_end__ - __qspi_non_retentive_start__)
                0x04000000                        __qspi_region_max_size__ = 0x4000000
                0x60000000                        __qspi_region_start_address__ = __qspi_flash_start__
                0x64000000                        __qspi_region_end_address__ = (__qspi_flash_start__ + __qspi_region_max_size__)
                0x60000000                        __tz_QSPI_FLASH_N = __qspi_non_retentive_end__

.OSPI_DEVICE_0_NO_LOAD
                0x68000000        0x0
                0x68000000                        . = ALIGN (0x4)
                0x68000000                        __ospi_device_0_start__ = .
 *(.ospi_device_0_no_load*)
                0x68000000                        . = ALIGN (0x4)
                0x68000000                        __ospi_device_0_end__ = .

.OSPI_DEVICE_1_NO_LOAD
                0x70000000        0x0
                0x70000000                        . = ALIGN (0x4)
                0x70000000                        __ospi_device_1_start__ = .
 *(.ospi_device_1_no_load*)
                0x70000000                        . = ALIGN (0x4)
                0x70000000                        __ospi_device_1_end__ = .
                0x68000000                        __tz_OSPI_DEVICE_0_S = ORIGIN (OSPI_DEVICE_0)

.OSPI_DEVICE_0  0x68000000        0x0
                0x68000000                        __ospi_device_0_start__ = .
 *(.ospi_device_0*)
 *(.code_in_ospi_device_0*)
                0x68000000                        __ospi_device_0_end__ = .
                0x00000000                        __ospi_device_0_code_size__ = (__ospi_device_0_end__ - __ospi_device_0_start__)
                0x000028cc                        __ospi_device_0_code_addr__ = (sgstubs_pre_location + SIZEOF (.qspi_non_retentive))

.ospi_device_0_non_retentive
                0x68000000        0x0 load address 0x000028cc
                0x68000000                        __ospi_device_0_non_retentive_start__ = .
 *(.ospi_device_0_non_retentive*)
                0x68000000                        __ospi_device_0_non_retentive_end__ = .
                0x00000000                        __ospi_device_0_non_retentive_size__ = (__ospi_device_0_non_retentive_end__ - __ospi_device_0_non_retentive_start__)
                0x08000000                        __ospi_device_0_region_max_size__ = 0x8000000
                0x68000000                        __ospi_device_0_region_start_address__ = __ospi_device_0_start__
                0x70000000                        __ospi_device_0_region_end_address__ = (__ospi_device_0_start__ + __ospi_device_0_region_max_size__)
                0x68000000                        __tz_OSPI_DEVICE_0_N = __ospi_device_0_non_retentive_end__
                0x70000000                        __tz_OSPI_DEVICE_1_S = ORIGIN (OSPI_DEVICE_1)

.OSPI_DEVICE_1  0x70000000        0x0
                0x70000000                        __ospi_device_1_start__ = .
 *(.ospi_device_1*)
 *(.code_in_ospi_device_1*)
                0x70000000                        __ospi_device_1_end__ = .
                0x00000000                        __ospi_device_1_code_size__ = (__ospi_device_1_end__ - __ospi_device_1_start__)
                0x000028cc                        __ospi_device_1_code_addr__ = (sgstubs_pre_location + (SIZEOF (.qspi_non_retentive) + SIZEOF (.ospi_device_0_non_retentive)))

.ospi_device_1_non_retentive
                0x70000000        0x0 load address 0x000028cc
                0x70000000                        __ospi_device_1_non_retentive_start__ = .
 *(.ospi_device_1_non_retentive*)
                0x70000000                        __ospi_device_1_non_retentive_end__ = .
                0x00000000                        __ospi_device_1_non_retentive_size__ = (__ospi_device_1_non_retentive_end__ - __ospi_device_1_non_retentive_start__)
                0x10000000                        __ospi_device_1_region_max_size__ = 0x10000000
                0x70000000                        __ospi_device_1_region_start_address__ = __ospi_device_1_start__
                0x80000000                        __ospi_device_1_region_end_address__ = (__ospi_device_1_start__ + __ospi_device_1_region_max_size__)
                0x70000000                        __tz_OSPI_DEVICE_1_N = __ospi_device_1_non_retentive_end__

.noinit         0x20000068       0x20
                0x20000068                        . = ALIGN (0x4)
                0x20000068                        __noinit_start = .
 *(.noinit*)
 .noinit        0x20000068       0x1c ./ra/fsp/src/bsp/mcu/all/bsp_clocks.o
                0x20000088                        . = ALIGN (0x8)
 *fill*         0x20000084        0x4 
 *(.heap.*)
                0x20000088                        __noinit_end = .

.bss            0x20000088      0x274
                0x20000088                        . = ALIGN (0x4)
                0x20000088                        __bss_start__ = .
 *(.bss*)
 .bss.completed.1
                0x20000088        0x1 E:/ARMGUNTOOL/13.2 Rel1/bin/../lib/gcc/arm-none-eabi/13.2.1/thumb/v8-m.main+fp/hard/crtbegin.o
 *fill*         0x20000089        0x3 
 .bss.object.0  0x2000008c       0x18 E:/ARMGUNTOOL/13.2 Rel1/bin/../lib/gcc/arm-none-eabi/13.2.1/thumb/v8-m.main+fp/hard/crtbegin.o
 .bss.uart_send_complete_flag
                0x200000a4        0x1 ./src/bsp_uart.o
                0x200000a4                uart_send_complete_flag
 *fill*         0x200000a5        0x3 
 .bss.g_ioport_ctrl
                0x200000a8        0x8 ./ra_gen/common_data.o
                0x200000a8                g_ioport_ctrl
 .bss.g_adc0_ctrl
                0x200000b0       0x24 ./ra_gen/hal_data.o
                0x200000b0                g_adc0_ctrl
 .bss.g_adc4_ctrl
                0x200000d4       0x24 ./ra_gen/hal_data.o
                0x200000d4                g_adc4_ctrl
 .bss.g_adc7_ctrl
                0x200000f8       0x24 ./ra_gen/hal_data.o
                0x200000f8                g_adc7_ctrl
 .bss.g_uart6_ctrl
                0x2000011c       0x30 ./ra_gen/hal_data.o
                0x2000011c                g_uart6_ctrl
 .bss.g_bsp_group_irq_sources
                0x2000014c       0x40 ./ra/fsp/src/bsp/mcu/all/bsp_group_irq.o
                0x2000014c                g_bsp_group_irq_sources
 .bss.g_protect_pfswe_counter
                0x2000018c        0x4 ./ra/fsp/src/bsp/mcu/all/bsp_io.o
                0x2000018c                g_protect_pfswe_counter
 .bss.gp_renesas_isr_context
                0x20000190       0x10 ./ra/fsp/src/bsp/mcu/all/bsp_irq.o
                0x20000190                gp_renesas_isr_context
 .bss.g_protect_counters
                0x200001a0        0x8 ./ra/fsp/src/bsp/mcu/all/bsp_register_protection.o
                0x200001a0                g_protect_counters
 .bss.current_heap_end.0
                0x200001a8        0x4 ./ra/fsp/src/bsp/mcu/all/bsp_sbrk.o
 .bss.SystemCoreClock
                0x200001ac        0x4 ./ra/fsp/src/bsp/cmsis/Device/RENESAS/Source/system.o
                0x200001ac                SystemCoreClock
 .bss.__sf      0x200001b0      0x138 E:/ARMGUNTOOL/13.2 Rel1/bin/../lib/gcc/arm-none-eabi/13.2.1/thumb/v8-m.main+fp/hard\libg_nano.a(libc_a-findfp.o)
                0x200001b0                __sf
 .bss.__stdio_exit_handler
                0x200002e8        0x4 E:/ARMGUNTOOL/13.2 Rel1/bin/../lib/gcc/arm-none-eabi/13.2.1/thumb/v8-m.main+fp/hard\libg_nano.a(libc_a-findfp.o)
                0x200002e8                __stdio_exit_handler
 .bss.errno     0x200002ec        0x4 E:/ARMGUNTOOL/13.2 Rel1/bin/../lib/gcc/arm-none-eabi/13.2.1/thumb/v8-m.main+fp/hard\libg_nano.a(libc_a-reent.o)
                0x200002ec                errno
 .bss.__lock___malloc_recursive_mutex
                0x200002f0        0x1 E:/ARMGUNTOOL/13.2 Rel1/bin/../lib/gcc/arm-none-eabi/13.2.1/thumb/v8-m.main+fp/hard\libg_nano.a(libc_a-lock.o)
                0x200002f0                __lock___malloc_recursive_mutex
 .bss.__lock___sfp_recursive_mutex
                0x200002f1        0x1 E:/ARMGUNTOOL/13.2 Rel1/bin/../lib/gcc/arm-none-eabi/13.2.1/thumb/v8-m.main+fp/hard\libg_nano.a(libc_a-lock.o)
                0x200002f1                __lock___sfp_recursive_mutex
 *fill*         0x200002f2        0x2 
 .bss.__malloc_sbrk_start
                0x200002f4        0x4 E:/ARMGUNTOOL/13.2 Rel1/bin/../lib/gcc/arm-none-eabi/13.2.1/thumb/v8-m.main+fp/hard\libg_nano.a(libc_a-mallocr.o)
                0x200002f4                __malloc_sbrk_start
 .bss.__malloc_free_list
                0x200002f8        0x4 E:/ARMGUNTOOL/13.2 Rel1/bin/../lib/gcc/arm-none-eabi/13.2.1/thumb/v8-m.main+fp/hard\libg_nano.a(libc_a-mallocr.o)
                0x200002f8                __malloc_free_list
 *(COMMON)
                0x200002fc                        . = ALIGN (0x4)
                0x200002fc                        __bss_end__ = .

.heap           0x200002fc        0x4
                0x20000300                        . = ALIGN (0x8)
 *fill*         0x200002fc        0x4 
                0x20000300                        __HeapBase = .
 *(.heap)
                0x20000300                        __HeapLimit = .

.stack_dummy    0x20000300      0x400
                0x20000300                        . = ALIGN (0x8)
                0x20000300                        __StackLimit = .
 *(.stack)
 .stack         0x20000300      0x400 ./ra/fsp/src/bsp/cmsis/Device/RENESAS/Source/startup.o
                0x20000700                        __StackTop = .
 *(.stack*)
                0x20000700                        __StackTopAll = .
                0x20000700                        PROVIDE (__stack = __StackTopAll)
                0x20000700                        __RAM_segment_used_end__ = ALIGN (__StackTopAll, 0x4)
                0x20000800                        __tz_RAM_C = DEFINED (RAM_NSC_START)?ABSOLUTE ((RAM_NSC_START - RAM_NS_BUFFER_BLOCK_LENGTH)):__RESERVE_NS_RAM?ABSOLUTE (RAM_NS_BUFFER_BLOCK_START):ALIGN (__RAM_segment_used_end__, 0x400)
                0x20002000                        __tz_RAM_N = DEFINED (RAM_NS_START)?ABSOLUTE ((RAM_NS_START - RAM_NS_BUFFER_BLOCK_LENGTH)):__RESERVE_NS_RAM?ABSOLUTE (RAM_NS_BUFFER_BLOCK_START):ALIGN (__tz_RAM_C, 0x2000)

.ns_buffer      0x20000700        0x0
                0x20000700                        . = __RESERVE_NS_RAM?ABSOLUTE ((RAM_NS_BUFFER_START & 0xffffffe0)):.
 *(.ns_buffer*)

.data_flash     0x08000000        0x0
                0x08000000                        . = ORIGIN (DATA_FLASH)
                0x08000000                        __tz_DATA_FLASH_S = .
                0x08000000                        __Data_Flash_Start = .
 *(.data_flash*)
                0x08000000                        __Data_Flash_End = .
                0x08000000                        __tz_DATA_FLASH_N = DEFINED (DATA_FLASH_NS_START)?ABSOLUTE (DATA_FLASH_NS_START):__RESERVE_NS_RAM?ABSOLUTE ((DATA_FLASH_START + DATA_FLASH_LENGTH)):ALIGN (0x400)
                0x80010000                        __tz_SDRAM_S = ORIGIN (SDRAM)

.sdram          0x80010000        0x0
                0x80010000                        __SDRAM_Start = .
 *(.sdram*)
 *(.frame*)
                0x80010000                        __SDRAM_End = .
                0x80010000                        __tz_SDRAM_N = __SDRAM_End
                0x00000000                        __tz_ID_CODE_S = ORIGIN (ID_CODE)
                0x00000000                        __tz_ID_CODE_N = __tz_ID_CODE_S

.id_code        0x00000000        0x0
                0x00000000                        __ID_Code_Start = .
 *(.id_code*)
                0x00000000                        __ID_Code_End = .
                0x0100a100                        __tz_OPTION_SETTING_S = ORIGIN (OPTION_SETTING_OFS)

.option_setting_ofs
                0x0100a100       0x14
                0x0100a100                        __OPTION_SETTING_OFS_Start = .
 *(.option_setting_ofs0)
 .option_setting_ofs0
                0x0100a100        0x4 ./ra/fsp/src/bsp/mcu/all/bsp_rom_registers.o
                0x0100a104                        . = PROJECT_SECURE_OR_FLAT?(__OPTION_SETTING_OFS_Start + 0x4):__OPTION_SETTING_OFS_Start
 *(.option_setting_ofs2)
                0x0100a110                        . = PROJECT_SECURE_OR_FLAT?(__OPTION_SETTING_OFS_Start + 0x10):__OPTION_SETTING_OFS_Start
 *fill*         0x0100a104        0xc ff
 *(.option_setting_dualsel)
 .option_setting_dualsel
                0x0100a110        0x4 ./ra/fsp/src/bsp/mcu/all/bsp_rom_registers.o
                0x0100a114                        __OPTION_SETTING_OFS_End = .

.option_setting_sas
                0x0100a134        0x4
                0x0100a134                        __OPTION_SETTING_SAS_Start = .
 *(.option_setting_sas)
 .option_setting_sas
                0x0100a134        0x4 ./ra/fsp/src/bsp/mcu/all/bsp_rom_registers.o
                0x0100a138                        __OPTION_SETTING_SAS_End = .
                0x0100a180                        __tz_OPTION_SETTING_N = ABSOLUTE (OPTION_SETTING_START_NS)

.option_setting_ns
                0x0100a100        0x0
                0x0100a100                        __OPTION_SETTING_NS_Start = .
 *(.option_setting_ofs1)
                0x0100a100                        . = USE_OPTION_SETTING_NS?(__OPTION_SETTING_NS_Start + 0x4):__OPTION_SETTING_NS_Start
 *(.option_setting_ofs3)
                0x0100a100                        . = USE_OPTION_SETTING_NS?(__OPTION_SETTING_NS_Start + 0x10):__OPTION_SETTING_NS_Start
 *(.option_setting_banksel)
                0x0100a100                        . = USE_OPTION_SETTING_NS?(__OPTION_SETTING_NS_Start + 0x40):__OPTION_SETTING_NS_Start
 *(.option_setting_bps0)
                0x0100a100                        . = USE_OPTION_SETTING_NS?(__OPTION_SETTING_NS_Start + 0x44):__OPTION_SETTING_NS_Start
 *(.option_setting_bps1)
                0x0100a100                        . = USE_OPTION_SETTING_NS?(__OPTION_SETTING_NS_Start + 0x48):__OPTION_SETTING_NS_Start
 *(.option_setting_bps2)
                0x0100a100                        . = USE_OPTION_SETTING_NS?(__OPTION_SETTING_NS_Start + 0x4c):__OPTION_SETTING_NS_Start
 *(.option_setting_bps3)
                0x0100a100                        . = USE_OPTION_SETTING_NS?(__OPTION_SETTING_NS_Start + 0x60):__OPTION_SETTING_NS_Start
 *(.option_setting_pbps0)
                0x0100a100                        . = USE_OPTION_SETTING_NS?(__OPTION_SETTING_NS_Start + 0x64):__OPTION_SETTING_NS_Start
 *(.option_setting_pbps1)
                0x0100a100                        . = USE_OPTION_SETTING_NS?(__OPTION_SETTING_NS_Start + 0x68):__OPTION_SETTING_NS_Start
 *(.option_setting_pbps2)
                0x0100a100                        . = USE_OPTION_SETTING_NS?(__OPTION_SETTING_NS_Start + 0x6c):__OPTION_SETTING_NS_Start
 *(.option_setting_pbps3)
                0x0100a100                        __OPTION_SETTING_NS_End = .
                0x0100a200                        __tz_OPTION_SETTING_S_S = ORIGIN (OPTION_SETTING_S)

.option_setting_s
                0x0100a200       0xd0
                0x0100a200                        __OPTION_SETTING_S_Start = .
 *(.option_setting_ofs1_sec)
 .option_setting_ofs1_sec
                0x0100a200        0x4 ./ra/fsp/src/bsp/mcu/all/bsp_rom_registers.o
                0x0100a204                        . = PROJECT_SECURE_OR_FLAT?(__OPTION_SETTING_S_Start + 0x4):__OPTION_SETTING_S_Start
 *(.option_setting_ofs3_sec)
                0x0100a210                        . = PROJECT_SECURE_OR_FLAT?(__OPTION_SETTING_S_Start + 0x10):__OPTION_SETTING_S_Start
 *fill*         0x0100a204        0xc ff
 *(.option_setting_banksel_sec)
 .option_setting_banksel_sec
                0x0100a210        0x4 ./ra/fsp/src/bsp/mcu/all/bsp_rom_registers.o
                0x0100a240                        . = PROJECT_SECURE_OR_FLAT?(__OPTION_SETTING_S_Start + 0x40):__OPTION_SETTING_S_Start
 *fill*         0x0100a214       0x2c ff
 *(.option_setting_bps_sec0)
 .option_setting_bps_sec0
                0x0100a240        0x4 ./ra/fsp/src/bsp/mcu/all/bsp_rom_registers.o
                0x0100a244                        . = PROJECT_SECURE_OR_FLAT?(__OPTION_SETTING_S_Start + 0x44):__OPTION_SETTING_S_Start
 *(.option_setting_bps_sec1)
 .option_setting_bps_sec1
                0x0100a244        0x4 ./ra/fsp/src/bsp/mcu/all/bsp_rom_registers.o
                0x0100a248                        . = PROJECT_SECURE_OR_FLAT?(__OPTION_SETTING_S_Start + 0x48):__OPTION_SETTING_S_Start
 *(.option_setting_bps_sec2)
 .option_setting_bps_sec2
                0x0100a248        0x4 ./ra/fsp/src/bsp/mcu/all/bsp_rom_registers.o
                0x0100a24c                        . = PROJECT_SECURE_OR_FLAT?(__OPTION_SETTING_S_Start + 0x4c):__OPTION_SETTING_S_Start
 *(.option_setting_bps_sec3)
 .option_setting_bps_sec3
                0x0100a24c        0x4 ./ra/fsp/src/bsp/mcu/all/bsp_rom_registers.o
                0x0100a260                        . = PROJECT_SECURE_OR_FLAT?(__OPTION_SETTING_S_Start + 0x60):__OPTION_SETTING_S_Start
 *fill*         0x0100a250       0x10 ff
 *(.option_setting_pbps_sec0)
 .option_setting_pbps_sec0
                0x0100a260        0x4 ./ra/fsp/src/bsp/mcu/all/bsp_rom_registers.o
                0x0100a264                        . = PROJECT_SECURE_OR_FLAT?(__OPTION_SETTING_S_Start + 0x64):__OPTION_SETTING_S_Start
 *(.option_setting_pbps_sec1)
 .option_setting_pbps_sec1
                0x0100a264        0x4 ./ra/fsp/src/bsp/mcu/all/bsp_rom_registers.o
                0x0100a268                        . = PROJECT_SECURE_OR_FLAT?(__OPTION_SETTING_S_Start + 0x68):__OPTION_SETTING_S_Start
 *(.option_setting_pbps_sec2)
 .option_setting_pbps_sec2
                0x0100a268        0x4 ./ra/fsp/src/bsp/mcu/all/bsp_rom_registers.o
                0x0100a26c                        . = PROJECT_SECURE_OR_FLAT?(__OPTION_SETTING_S_Start + 0x6c):__OPTION_SETTING_S_Start
 *(.option_setting_pbps_sec3)
 .option_setting_pbps_sec3
                0x0100a26c        0x4 ./ra/fsp/src/bsp/mcu/all/bsp_rom_registers.o
                0x0100a280                        . = PROJECT_SECURE_OR_FLAT?(__OPTION_SETTING_S_Start + 0x80):__OPTION_SETTING_S_Start
 *fill*         0x0100a270       0x10 ff
 *(.option_setting_ofs1_sel)
 .option_setting_ofs1_sel
                0x0100a280        0x4 ./ra/fsp/src/bsp/mcu/all/bsp_rom_registers.o
                0x0100a284                        . = PROJECT_SECURE_OR_FLAT?(__OPTION_SETTING_S_Start + 0x84):__OPTION_SETTING_S_Start
 *(.option_setting_ofs3_sel)
                0x0100a290                        . = PROJECT_SECURE_OR_FLAT?(__OPTION_SETTING_S_Start + 0x90):__OPTION_SETTING_S_Start
 *fill*         0x0100a284        0xc ff
 *(.option_setting_banksel_sel)
 .option_setting_banksel_sel
                0x0100a290        0x4 ./ra/fsp/src/bsp/mcu/all/bsp_rom_registers.o
                0x0100a2c0                        . = PROJECT_SECURE_OR_FLAT?(__OPTION_SETTING_S_Start + 0xc0):__OPTION_SETTING_S_Start
 *fill*         0x0100a294       0x2c ff
 *(.option_setting_bps_sel0)
 .option_setting_bps_sel0
                0x0100a2c0        0x4 ./ra/fsp/src/bsp/mcu/all/bsp_rom_registers.o
                0x0100a2c4                        . = PROJECT_SECURE_OR_FLAT?(__OPTION_SETTING_S_Start + 0xc4):__OPTION_SETTING_S_Start
 *(.option_setting_bps_sel1)
 .option_setting_bps_sel1
                0x0100a2c4        0x4 ./ra/fsp/src/bsp/mcu/all/bsp_rom_registers.o
                0x0100a2c8                        . = PROJECT_SECURE_OR_FLAT?(__OPTION_SETTING_S_Start + 0xc8):__OPTION_SETTING_S_Start
 *(.option_setting_bps_sel2)
 .option_setting_bps_sel2
                0x0100a2c8        0x4 ./ra/fsp/src/bsp/mcu/all/bsp_rom_registers.o
                0x0100a2cc                        . = PROJECT_SECURE_OR_FLAT?(__OPTION_SETTING_S_Start + 0xcc):__OPTION_SETTING_S_Start
 *(.option_setting_bps_sel3)
 .option_setting_bps_sel3
                0x0100a2cc        0x4 ./ra/fsp/src/bsp/mcu/all/bsp_rom_registers.o
                0x0100a2d0                        __OPTION_SETTING_S_End = .
                0x0100a2d0                        __tz_OPTION_SETTING_S_N = __OPTION_SETTING_S_End
OUTPUT(AT.elf elf32-littlearm)
LOAD linker stubs

.rel.dyn        0x0100a2d0        0x0
 .rel.iplt      0x0100a2d0        0x0 E:/ARMGUNTOOL/13.2 Rel1/bin/../lib/gcc/arm-none-eabi/13.2.1/thumb/v8-m.main+fp/hard/crtbegin.o

.ARM.attributes
                0x00000000       0x36
 .ARM.attributes
                0x00000000       0x26 E:/ARMGUNTOOL/13.2 Rel1/bin/../lib/gcc/arm-none-eabi/13.2.1/thumb/v8-m.main+fp/hard/crti.o
 .ARM.attributes
                0x00000026       0x38 E:/ARMGUNTOOL/13.2 Rel1/bin/../lib/gcc/arm-none-eabi/13.2.1/thumb/v8-m.main+fp/hard/crtbegin.o
 .ARM.attributes
                0x0000005e       0x3a ./src/bsp_adc.o
 .ARM.attributes
                0x00000098       0x3a ./src/bsp_uart.o
 .ARM.attributes
                0x000000d2       0x3a ./src/hal_entry.o
 .ARM.attributes
                0x0000010c       0x3a ./ra_gen/common_data.o
 .ARM.attributes
                0x00000146       0x3a ./ra_gen/hal_data.o
 .ARM.attributes
                0x00000180       0x3a ./ra_gen/main.o
 .ARM.attributes
                0x000001ba       0x3a ./ra_gen/pin_data.o
 .ARM.attributes
                0x000001f4       0x3a ./ra_gen/vector_data.o
 .ARM.attributes
                0x0000022e       0x3a ./ra/fsp/src/r_sci_uart/r_sci_uart.o
 .ARM.attributes
                0x00000268       0x3a ./ra/fsp/src/r_ioport/r_ioport.o
 .ARM.attributes
                0x000002a2       0x3a ./ra/fsp/src/r_adc/r_adc.o
 .ARM.attributes
                0x000002dc       0x3a ./ra/fsp/src/bsp/mcu/all/bsp_clocks.o
 .ARM.attributes
                0x00000316       0x3a ./ra/fsp/src/bsp/mcu/all/bsp_common.o
 .ARM.attributes
                0x00000350       0x3a ./ra/fsp/src/bsp/mcu/all/bsp_delay.o
 .ARM.attributes
                0x0000038a       0x3a ./ra/fsp/src/bsp/mcu/all/bsp_group_irq.o
 .ARM.attributes
                0x000003c4       0x3a ./ra/fsp/src/bsp/mcu/all/bsp_io.o
 .ARM.attributes
                0x000003fe       0x3a ./ra/fsp/src/bsp/mcu/all/bsp_irq.o
 .ARM.attributes
                0x00000438       0x3a ./ra/fsp/src/bsp/mcu/all/bsp_register_protection.o
 .ARM.attributes
                0x00000472       0x3a ./ra/fsp/src/bsp/mcu/all/bsp_rom_registers.o
 .ARM.attributes
                0x000004ac       0x3a ./ra/fsp/src/bsp/mcu/all/bsp_sbrk.o
 .ARM.attributes
                0x000004e6       0x3a ./ra/fsp/src/bsp/cmsis/Device/RENESAS/Source/startup.o
 .ARM.attributes
                0x00000520       0x3a ./ra/fsp/src/bsp/cmsis/Device/RENESAS/Source/system.o
 .ARM.attributes
                0x0000055a       0x3a ./ra/board/ra6m5_iot/board_init.o
 .ARM.attributes
                0x00000594       0x38 E:/ARMGUNTOOL/13.2 Rel1/bin/../lib/gcc/arm-none-eabi/13.2.1/thumb/v8-m.main+fp/hard\libg_nano.a(libc_a-findfp.o)
 .ARM.attributes
                0x000005cc       0x38 E:/ARMGUNTOOL/13.2 Rel1/bin/../lib/gcc/arm-none-eabi/13.2.1/thumb/v8-m.main+fp/hard\libg_nano.a(libc_a-fwalk.o)
 .ARM.attributes
                0x00000604       0x38 E:/ARMGUNTOOL/13.2 Rel1/bin/../lib/gcc/arm-none-eabi/13.2.1/thumb/v8-m.main+fp/hard\libg_nano.a(libc_a-printf.o)
 .ARM.attributes
                0x0000063c       0x38 E:/ARMGUNTOOL/13.2 Rel1/bin/../lib/gcc/arm-none-eabi/13.2.1/thumb/v8-m.main+fp/hard\libg_nano.a(libc_a-stdio.o)
 .ARM.attributes
                0x00000674       0x38 E:/ARMGUNTOOL/13.2 Rel1/bin/../lib/gcc/arm-none-eabi/13.2.1/thumb/v8-m.main+fp/hard\libg_nano.a(libc_a-memset.o)
 .ARM.attributes
                0x000006ac       0x38 E:/ARMGUNTOOL/13.2 Rel1/bin/../lib/gcc/arm-none-eabi/13.2.1/thumb/v8-m.main+fp/hard\libg_nano.a(libc_a-closer.o)
 .ARM.attributes
                0x000006e4       0x38 E:/ARMGUNTOOL/13.2 Rel1/bin/../lib/gcc/arm-none-eabi/13.2.1/thumb/v8-m.main+fp/hard\libg_nano.a(libc_a-reent.o)
 .ARM.attributes
                0x0000071c       0x38 E:/ARMGUNTOOL/13.2 Rel1/bin/../lib/gcc/arm-none-eabi/13.2.1/thumb/v8-m.main+fp/hard\libg_nano.a(libc_a-impure.o)
 .ARM.attributes
                0x00000754       0x38 E:/ARMGUNTOOL/13.2 Rel1/bin/../lib/gcc/arm-none-eabi/13.2.1/thumb/v8-m.main+fp/hard\libg_nano.a(libc_a-lseekr.o)
 .ARM.attributes
                0x0000078c       0x38 E:/ARMGUNTOOL/13.2 Rel1/bin/../lib/gcc/arm-none-eabi/13.2.1/thumb/v8-m.main+fp/hard\libg_nano.a(libc_a-readr.o)
 .ARM.attributes
                0x000007c4       0x38 E:/ARMGUNTOOL/13.2 Rel1/bin/../lib/gcc/arm-none-eabi/13.2.1/thumb/v8-m.main+fp/hard\libg_nano.a(libc_a-writer.o)
 .ARM.attributes
                0x000007fc       0x38 E:/ARMGUNTOOL/13.2 Rel1/bin/../lib/gcc/arm-none-eabi/13.2.1/thumb/v8-m.main+fp/hard\libg_nano.a(libc_a-errno.o)
 .ARM.attributes
                0x00000834       0x38 E:/ARMGUNTOOL/13.2 Rel1/bin/../lib/gcc/arm-none-eabi/13.2.1/thumb/v8-m.main+fp/hard\libg_nano.a(libc_a-lock.o)
 .ARM.attributes
                0x0000086c       0x38 E:/ARMGUNTOOL/13.2 Rel1/bin/../lib/gcc/arm-none-eabi/13.2.1/thumb/v8-m.main+fp/hard\libg_nano.a(libc_a-memcpy-stub.o)
 .ARM.attributes
                0x000008a4       0x38 E:/ARMGUNTOOL/13.2 Rel1/bin/../lib/gcc/arm-none-eabi/13.2.1/thumb/v8-m.main+fp/hard\libg_nano.a(libc_a-freer.o)
 .ARM.attributes
                0x000008dc       0x38 E:/ARMGUNTOOL/13.2 Rel1/bin/../lib/gcc/arm-none-eabi/13.2.1/thumb/v8-m.main+fp/hard\libg_nano.a(libc_a-mallocr.o)
 .ARM.attributes
                0x00000914       0x38 E:/ARMGUNTOOL/13.2 Rel1/bin/../lib/gcc/arm-none-eabi/13.2.1/thumb/v8-m.main+fp/hard\libg_nano.a(libc_a-mlock.o)
 .ARM.attributes
                0x0000094c       0x38 E:/ARMGUNTOOL/13.2 Rel1/bin/../lib/gcc/arm-none-eabi/13.2.1/thumb/v8-m.main+fp/hard\libg_nano.a(libc_a-nano-vfprintf.o)
 .ARM.attributes
                0x00000984       0x38 E:/ARMGUNTOOL/13.2 Rel1/bin/../lib/gcc/arm-none-eabi/13.2.1/thumb/v8-m.main+fp/hard\libg_nano.a(libc_a-nano-vfprintf_i.o)
 .ARM.attributes
                0x000009bc       0x38 E:/ARMGUNTOOL/13.2 Rel1/bin/../lib/gcc/arm-none-eabi/13.2.1/thumb/v8-m.main+fp/hard\libg_nano.a(libc_a-fflush.o)
 .ARM.attributes
                0x000009f4       0x38 E:/ARMGUNTOOL/13.2 Rel1/bin/../lib/gcc/arm-none-eabi/13.2.1/thumb/v8-m.main+fp/hard\libg_nano.a(libc_a-wbuf.o)
 .ARM.attributes
                0x00000a2c       0x38 E:/ARMGUNTOOL/13.2 Rel1/bin/../lib/gcc/arm-none-eabi/13.2.1/thumb/v8-m.main+fp/hard\libg_nano.a(libc_a-wsetup.o)
 .ARM.attributes
                0x00000a64       0x38 E:/ARMGUNTOOL/13.2 Rel1/bin/../lib/gcc/arm-none-eabi/13.2.1/thumb/v8-m.main+fp/hard\libg_nano.a(libc_a-sbrkr.o)
 .ARM.attributes
                0x00000a9c       0x38 E:/ARMGUNTOOL/13.2 Rel1/bin/../lib/gcc/arm-none-eabi/13.2.1/thumb/v8-m.main+fp/hard\libg_nano.a(libc_a-memchr-stub.o)
 .ARM.attributes
                0x00000ad4       0x38 E:/ARMGUNTOOL/13.2 Rel1/bin/../lib/gcc/arm-none-eabi/13.2.1/thumb/v8-m.main+fp/hard\libg_nano.a(libc_a-makebuf.o)
 .ARM.attributes
                0x00000b0c       0x38 E:/ARMGUNTOOL/13.2 Rel1/bin/../lib/gcc/arm-none-eabi/13.2.1/thumb/v8-m.main+fp/hard\libg_nano.a(libc_a-fstatr.o)
 .ARM.attributes
                0x00000b44       0x38 E:/ARMGUNTOOL/13.2 Rel1/bin/../lib/gcc/arm-none-eabi/13.2.1/thumb/v8-m.main+fp/hard\libg_nano.a(libc_a-isattyr.o)
 .ARM.attributes
                0x00000b7c       0x38 E:/ARMGUNTOOL/13.2 Rel1/bin/../lib/gcc/arm-none-eabi/13.2.1/thumb/v8-m.main+fp/hard/crtend.o
 .ARM.attributes
                0x00000bb4       0x26 E:/ARMGUNTOOL/13.2 Rel1/bin/../lib/gcc/arm-none-eabi/13.2.1/thumb/v8-m.main+fp/hard/crtn.o

.comment        0x00000000       0x44
 .comment       0x00000000       0x44 ./src/bsp_adc.o
                                 0x45 (size before relaxing)
 .comment       0x00000044       0x45 ./src/bsp_uart.o
 .comment       0x00000044       0x45 ./src/hal_entry.o
 .comment       0x00000044       0x45 ./ra_gen/common_data.o
 .comment       0x00000044       0x45 ./ra_gen/hal_data.o
 .comment       0x00000044       0x45 ./ra_gen/main.o
 .comment       0x00000044       0x45 ./ra_gen/pin_data.o
 .comment       0x00000044       0x45 ./ra_gen/vector_data.o
 .comment       0x00000044       0x45 ./ra/fsp/src/r_sci_uart/r_sci_uart.o
 .comment       0x00000044       0x45 ./ra/fsp/src/r_ioport/r_ioport.o
 .comment       0x00000044       0x45 ./ra/fsp/src/r_adc/r_adc.o
 .comment       0x00000044       0x45 ./ra/fsp/src/bsp/mcu/all/bsp_clocks.o
 .comment       0x00000044       0x45 ./ra/fsp/src/bsp/mcu/all/bsp_common.o
 .comment       0x00000044       0x45 ./ra/fsp/src/bsp/mcu/all/bsp_delay.o
 .comment       0x00000044       0x45 ./ra/fsp/src/bsp/mcu/all/bsp_group_irq.o
 .comment       0x00000044       0x45 ./ra/fsp/src/bsp/mcu/all/bsp_io.o
 .comment       0x00000044       0x45 ./ra/fsp/src/bsp/mcu/all/bsp_irq.o
 .comment       0x00000044       0x45 ./ra/fsp/src/bsp/mcu/all/bsp_register_protection.o
 .comment       0x00000044       0x45 ./ra/fsp/src/bsp/mcu/all/bsp_rom_registers.o
 .comment       0x00000044       0x45 ./ra/fsp/src/bsp/mcu/all/bsp_sbrk.o
 .comment       0x00000044       0x45 ./ra/fsp/src/bsp/cmsis/Device/RENESAS/Source/startup.o
 .comment       0x00000044       0x45 ./ra/fsp/src/bsp/cmsis/Device/RENESAS/Source/system.o
 .comment       0x00000044       0x45 ./ra/board/ra6m5_iot/board_init.o

.debug_info     0x00000000    0x3c68f
 .debug_info    0x00000000     0x39a0 ./src/bsp_adc.o
 .debug_info    0x000039a0     0x3453 ./src/bsp_uart.o
 .debug_info    0x00006df3     0x1528 ./src/hal_entry.o
 .debug_info    0x0000831b     0x1226 ./ra_gen/common_data.o
 .debug_info    0x00009541     0x7281 ./ra_gen/hal_data.o
 .debug_info    0x000107c2       0xaa ./ra_gen/main.o
 .debug_info    0x0001086c      0xa31 ./ra_gen/pin_data.o
 .debug_info    0x0001129d      0x8b3 ./ra_gen/vector_data.o
 .debug_info    0x00011b50     0xa0cb ./ra/fsp/src/r_sci_uart/r_sci_uart.o
 .debug_info    0x0001bc1b     0x76ce ./ra/fsp/src/r_ioport/r_ioport.o
 .debug_info    0x000232e9     0xae7c ./ra/fsp/src/r_adc/r_adc.o
 .debug_info    0x0002e165     0x57dd ./ra/fsp/src/bsp/mcu/all/bsp_clocks.o
 .debug_info    0x00033942      0x93b ./ra/fsp/src/bsp/mcu/all/bsp_common.o
 .debug_info    0x0003427d      0x1e2 ./ra/fsp/src/bsp/mcu/all/bsp_delay.o
 .debug_info    0x0003445f     0x132f ./ra/fsp/src/bsp/mcu/all/bsp_group_irq.o
 .debug_info    0x0003578e       0xb2 ./ra/fsp/src/bsp/mcu/all/bsp_io.o
 .debug_info    0x00035840     0x200a ./ra/fsp/src/bsp/mcu/all/bsp_irq.o
 .debug_info    0x0003784a     0x390c ./ra/fsp/src/bsp/mcu/all/bsp_register_protection.o
 .debug_info    0x0003b156      0x1da ./ra/fsp/src/bsp/mcu/all/bsp_rom_registers.o
 .debug_info    0x0003b330      0x142 ./ra/fsp/src/bsp/mcu/all/bsp_sbrk.o
 .debug_info    0x0003b472      0x168 ./ra/fsp/src/bsp/cmsis/Device/RENESAS/Source/startup.o
 .debug_info    0x0003b5da     0x1010 ./ra/fsp/src/bsp/cmsis/Device/RENESAS/Source/system.o
 .debug_info    0x0003c5ea       0xa5 ./ra/board/ra6m5_iot/board_init.o

.debug_abbrev   0x00000000     0x32fb
 .debug_abbrev  0x00000000      0x2b6 ./src/bsp_adc.o
 .debug_abbrev  0x000002b6      0x345 ./src/bsp_uart.o
 .debug_abbrev  0x000005fb      0x274 ./src/hal_entry.o
 .debug_abbrev  0x0000086f      0x133 ./ra_gen/common_data.o
 .debug_abbrev  0x000009a2      0x302 ./ra_gen/hal_data.o
 .debug_abbrev  0x00000ca4       0x61 ./ra_gen/main.o
 .debug_abbrev  0x00000d05       0xff ./ra_gen/pin_data.o
 .debug_abbrev  0x00000e04       0xbe ./ra_gen/vector_data.o
 .debug_abbrev  0x00000ec2      0x5e5 ./ra/fsp/src/r_sci_uart/r_sci_uart.o
 .debug_abbrev  0x000014a7      0x4a6 ./ra/fsp/src/r_ioport/r_ioport.o
 .debug_abbrev  0x0000194d      0x5ec ./ra/fsp/src/r_adc/r_adc.o
 .debug_abbrev  0x00001f39      0x415 ./ra/fsp/src/bsp/mcu/all/bsp_clocks.o
 .debug_abbrev  0x0000234e      0x188 ./ra/fsp/src/bsp/mcu/all/bsp_common.o
 .debug_abbrev  0x000024d6      0x113 ./ra/fsp/src/bsp/mcu/all/bsp_delay.o
 .debug_abbrev  0x000025e9      0x256 ./ra/fsp/src/bsp/mcu/all/bsp_group_irq.o
 .debug_abbrev  0x0000283f       0x5e ./ra/fsp/src/bsp/mcu/all/bsp_io.o
 .debug_abbrev  0x0000289d      0x293 ./ra/fsp/src/bsp/mcu/all/bsp_irq.o
 .debug_abbrev  0x00002b30      0x27d ./ra/fsp/src/bsp/mcu/all/bsp_register_protection.o
 .debug_abbrev  0x00002dad       0x4e ./ra/fsp/src/bsp/mcu/all/bsp_rom_registers.o
 .debug_abbrev  0x00002dfb       0xce ./ra/fsp/src/bsp/mcu/all/bsp_sbrk.o
 .debug_abbrev  0x00002ec9       0xf5 ./ra/fsp/src/bsp/cmsis/Device/RENESAS/Source/startup.o
 .debug_abbrev  0x00002fbe      0x2e2 ./ra/fsp/src/bsp/cmsis/Device/RENESAS/Source/system.o
 .debug_abbrev  0x000032a0       0x5b ./ra/board/ra6m5_iot/board_init.o

.debug_loclists
                0x00000000     0x2b5e
 .debug_loclists
                0x00000000       0x79 ./src/bsp_adc.o
 .debug_loclists
                0x00000079       0x6c ./src/bsp_uart.o
 .debug_loclists
                0x000000e5       0xf0 ./src/hal_entry.o
 .debug_loclists
                0x000001d5      0xe24 ./ra/fsp/src/r_sci_uart/r_sci_uart.o
 .debug_loclists
                0x00000ff9      0x7c8 ./ra/fsp/src/r_ioport/r_ioport.o
 .debug_loclists
                0x000017c1      0xc81 ./ra/fsp/src/r_adc/r_adc.o
 .debug_loclists
                0x00002442      0x267 ./ra/fsp/src/bsp/mcu/all/bsp_clocks.o
 .debug_loclists
                0x000026a9       0x20 ./ra/fsp/src/bsp/mcu/all/bsp_common.o
 .debug_loclists
                0x000026c9      0x11c ./ra/fsp/src/bsp/mcu/all/bsp_delay.o
 .debug_loclists
                0x000027e5       0x73 ./ra/fsp/src/bsp/mcu/all/bsp_group_irq.o
 .debug_loclists
                0x00002858      0x119 ./ra/fsp/src/bsp/mcu/all/bsp_irq.o
 .debug_loclists
                0x00002971       0xa7 ./ra/fsp/src/bsp/mcu/all/bsp_register_protection.o
 .debug_loclists
                0x00002a18       0xbd ./ra/fsp/src/bsp/mcu/all/bsp_sbrk.o
 .debug_loclists
                0x00002ad5       0x89 ./ra/fsp/src/bsp/cmsis/Device/RENESAS/Source/system.o

.debug_aranges  0x00000000      0x540
 .debug_aranges
                0x00000000       0x58 ./src/bsp_adc.o
 .debug_aranges
                0x00000058       0x38 ./src/bsp_uart.o
 .debug_aranges
                0x00000090       0x50 ./src/hal_entry.o
 .debug_aranges
                0x000000e0       0x20 ./ra_gen/common_data.o
 .debug_aranges
                0x00000100       0x20 ./ra_gen/hal_data.o
 .debug_aranges
                0x00000120       0x20 ./ra_gen/main.o
 .debug_aranges
                0x00000140       0x18 ./ra_gen/pin_data.o
 .debug_aranges
                0x00000158       0x18 ./ra_gen/vector_data.o
 .debug_aranges
                0x00000170       0x90 ./ra/fsp/src/r_sci_uart/r_sci_uart.o
 .debug_aranges
                0x00000200       0x90 ./ra/fsp/src/r_ioport/r_ioport.o
 .debug_aranges
                0x00000290       0xb8 ./ra/fsp/src/r_adc/r_adc.o
 .debug_aranges
                0x00000348       0x70 ./ra/fsp/src/bsp/mcu/all/bsp_clocks.o
 .debug_aranges
                0x000003b8       0x30 ./ra/fsp/src/bsp/mcu/all/bsp_common.o
 .debug_aranges
                0x000003e8       0x28 ./ra/fsp/src/bsp/mcu/all/bsp_delay.o
 .debug_aranges
                0x00000410       0x28 ./ra/fsp/src/bsp/mcu/all/bsp_group_irq.o
 .debug_aranges
                0x00000438       0x18 ./ra/fsp/src/bsp/mcu/all/bsp_io.o
 .debug_aranges
                0x00000450       0x20 ./ra/fsp/src/bsp/mcu/all/bsp_irq.o
 .debug_aranges
                0x00000470       0x28 ./ra/fsp/src/bsp/mcu/all/bsp_register_protection.o
 .debug_aranges
                0x00000498       0x18 ./ra/fsp/src/bsp/mcu/all/bsp_rom_registers.o
 .debug_aranges
                0x000004b0       0x20 ./ra/fsp/src/bsp/mcu/all/bsp_sbrk.o
 .debug_aranges
                0x000004d0       0x28 ./ra/fsp/src/bsp/cmsis/Device/RENESAS/Source/startup.o
 .debug_aranges
                0x000004f8       0x28 ./ra/fsp/src/bsp/cmsis/Device/RENESAS/Source/system.o
 .debug_aranges
                0x00000520       0x20 ./ra/board/ra6m5_iot/board_init.o

.debug_rnglists
                0x00000000      0x84b
 .debug_rnglists
                0x00000000       0x3d ./src/bsp_adc.o
 .debug_rnglists
                0x0000003d       0x25 ./src/bsp_uart.o
 .debug_rnglists
                0x00000062       0x43 ./src/hal_entry.o
 .debug_rnglists
                0x000000a5       0x13 ./ra_gen/common_data.o
 .debug_rnglists
                0x000000b8       0x13 ./ra_gen/hal_data.o
 .debug_rnglists
                0x000000cb       0x13 ./ra_gen/main.o
 .debug_rnglists
                0x000000de      0x260 ./ra/fsp/src/r_sci_uart/r_sci_uart.o
 .debug_rnglists
                0x0000033e       0xbc ./ra/fsp/src/r_ioport/r_ioport.o
 .debug_rnglists
                0x000003fa      0x212 ./ra/fsp/src/r_adc/r_adc.o
 .debug_rnglists
                0x0000060c       0xc8 ./ra/fsp/src/bsp/mcu/all/bsp_clocks.o
 .debug_rnglists
                0x000006d4       0x1f ./ra/fsp/src/bsp/mcu/all/bsp_common.o
 .debug_rnglists
                0x000006f3       0x2e ./ra/fsp/src/bsp/mcu/all/bsp_delay.o
 .debug_rnglists
                0x00000721       0x37 ./ra/fsp/src/bsp/mcu/all/bsp_group_irq.o
 .debug_rnglists
                0x00000758       0x5d ./ra/fsp/src/bsp/mcu/all/bsp_irq.o
 .debug_rnglists
                0x000007b5       0x31 ./ra/fsp/src/bsp/mcu/all/bsp_register_protection.o
 .debug_rnglists
                0x000007e6       0x13 ./ra/fsp/src/bsp/mcu/all/bsp_sbrk.o
 .debug_rnglists
                0x000007f9       0x19 ./ra/fsp/src/bsp/cmsis/Device/RENESAS/Source/startup.o
 .debug_rnglists
                0x00000812       0x26 ./ra/fsp/src/bsp/cmsis/Device/RENESAS/Source/system.o
 .debug_rnglists
                0x00000838       0x13 ./ra/board/ra6m5_iot/board_init.o

.debug_line     0x00000000     0x6ae1
 .debug_line    0x00000000      0x486 ./src/bsp_adc.o
 .debug_line    0x00000486      0x340 ./src/bsp_uart.o
 .debug_line    0x000007c6      0x409 ./src/hal_entry.o
 .debug_line    0x00000bcf      0x1ed ./ra_gen/common_data.o
 .debug_line    0x00000dbc      0x297 ./ra_gen/hal_data.o
 .debug_line    0x00001053       0x5e ./ra_gen/main.o
 .debug_line    0x000010b1      0x176 ./ra_gen/pin_data.o
 .debug_line    0x00001227       0xf6 ./ra_gen/vector_data.o
 .debug_line    0x0000131d     0x17d0 ./ra/fsp/src/r_sci_uart/r_sci_uart.o
 .debug_line    0x00002aed      0xa4c ./ra/fsp/src/r_ioport/r_ioport.o
 .debug_line    0x00003539     0x1401 ./ra/fsp/src/r_adc/r_adc.o
 .debug_line    0x0000493a      0x96e ./ra/fsp/src/bsp/mcu/all/bsp_clocks.o
 .debug_line    0x000052a8      0x1e9 ./ra/fsp/src/bsp/mcu/all/bsp_common.o
 .debug_line    0x00005491      0x223 ./ra/fsp/src/bsp/mcu/all/bsp_delay.o
 .debug_line    0x000056b4      0x270 ./ra/fsp/src/bsp/mcu/all/bsp_group_irq.o
 .debug_line    0x00005924      0x10a ./ra/fsp/src/bsp/mcu/all/bsp_io.o
 .debug_line    0x00005a2e      0x4c4 ./ra/fsp/src/bsp/mcu/all/bsp_irq.o
 .debug_line    0x00005ef2      0x326 ./ra/fsp/src/bsp/mcu/all/bsp_register_protection.o
 .debug_line    0x00006218       0xd7 ./ra/fsp/src/bsp/mcu/all/bsp_rom_registers.o
 .debug_line    0x000062ef      0x16e ./ra/fsp/src/bsp/mcu/all/bsp_sbrk.o
 .debug_line    0x0000645d      0x176 ./ra/fsp/src/bsp/cmsis/Device/RENESAS/Source/startup.o
 .debug_line    0x000065d3      0x4b3 ./ra/fsp/src/bsp/cmsis/Device/RENESAS/Source/system.o
 .debug_line    0x00006a86       0x5b ./ra/board/ra6m5_iot/board_init.o

.debug_str      0x00000000     0xe4b5
 .debug_str     0x00000000     0xe4b5 ./src/bsp_adc.o
                               0x3ab7 (size before relaxing)
 .debug_str     0x0000e4b5     0x416b ./src/bsp_uart.o
 .debug_str     0x0000e4b5     0x33a9 ./src/hal_entry.o
 .debug_str     0x0000e4b5     0x3325 ./ra_gen/common_data.o
 .debug_str     0x0000e4b5     0x8b59 ./ra_gen/hal_data.o
 .debug_str     0x0000e4b5      0x1c7 ./ra_gen/main.o
 .debug_str     0x0000e4b5     0x1d9d ./ra_gen/pin_data.o
 .debug_str     0x0000e4b5     0x1dcc ./ra_gen/vector_data.o
 .debug_str     0x0000e4b5     0x6d61 ./ra/fsp/src/r_sci_uart/r_sci_uart.o
 .debug_str     0x0000e4b5     0x5c7f ./ra/fsp/src/r_ioport/r_ioport.o
 .debug_str     0x0000e4b5     0x87bb ./ra/fsp/src/r_adc/r_adc.o
 .debug_str     0x0000e4b5     0x2798 ./ra/fsp/src/bsp/mcu/all/bsp_clocks.o
 .debug_str     0x0000e4b5     0x1c1a ./ra/fsp/src/bsp/mcu/all/bsp_common.o
 .debug_str     0x0000e4b5      0x2f6 ./ra/fsp/src/bsp/mcu/all/bsp_delay.o
 .debug_str     0x0000e4b5     0x2181 ./ra/fsp/src/bsp/mcu/all/bsp_group_irq.o
 .debug_str     0x0000e4b5      0x1f6 ./ra/fsp/src/bsp/mcu/all/bsp_io.o
 .debug_str     0x0000e4b5     0x27d7 ./ra/fsp/src/bsp/mcu/all/bsp_irq.o
 .debug_str     0x0000e4b5     0x1b59 ./ra/fsp/src/bsp/mcu/all/bsp_register_protection.o
 .debug_str     0x0000e4b5      0x352 ./ra/fsp/src/bsp/mcu/all/bsp_rom_registers.o
 .debug_str     0x0000e4b5      0x257 ./ra/fsp/src/bsp/mcu/all/bsp_sbrk.o
 .debug_str     0x0000e4b5      0x25e ./ra/fsp/src/bsp/cmsis/Device/RENESAS/Source/startup.o
 .debug_str     0x0000e4b5      0x968 ./ra/fsp/src/bsp/cmsis/Device/RENESAS/Source/system.o
 .debug_str     0x0000e4b5      0x1da ./ra/board/ra6m5_iot/board_init.o

.debug_frame    0x00000000     0x1270
 .debug_frame   0x00000000       0xe8 ./src/bsp_adc.o
 .debug_frame   0x000000e8       0x6c ./src/bsp_uart.o
 .debug_frame   0x00000154       0x94 ./src/hal_entry.o
 .debug_frame   0x000001e8       0x20 ./ra_gen/common_data.o
 .debug_frame   0x00000208       0x20 ./ra_gen/hal_data.o
 .debug_frame   0x00000228       0x28 ./ra_gen/main.o
 .debug_frame   0x00000250      0x1c8 ./ra/fsp/src/r_sci_uart/r_sci_uart.o
 .debug_frame   0x00000418      0x17c ./ra/fsp/src/r_ioport/r_ioport.o
 .debug_frame   0x00000594      0x1dc ./ra/fsp/src/r_adc/r_adc.o
 .debug_frame   0x00000770      0x104 ./ra/fsp/src/bsp/mcu/all/bsp_clocks.o
 .debug_frame   0x00000874       0x40 ./ra/fsp/src/bsp/mcu/all/bsp_common.o
 .debug_frame   0x000008b4       0x48 ./ra/fsp/src/bsp/mcu/all/bsp_delay.o
 .debug_frame   0x000008fc       0x3c ./ra/fsp/src/bsp/mcu/all/bsp_group_irq.o
 .debug_frame   0x00000938       0x34 ./ra/fsp/src/bsp/mcu/all/bsp_irq.o
 .debug_frame   0x0000096c       0x48 ./ra/fsp/src/bsp/mcu/all/bsp_register_protection.o
 .debug_frame   0x000009b4       0x28 ./ra/fsp/src/bsp/mcu/all/bsp_sbrk.o
 .debug_frame   0x000009dc       0x38 ./ra/fsp/src/bsp/cmsis/Device/RENESAS/Source/startup.o
 .debug_frame   0x00000a14       0x44 ./ra/fsp/src/bsp/cmsis/Device/RENESAS/Source/system.o
 .debug_frame   0x00000a58       0x20 ./ra/board/ra6m5_iot/board_init.o
 .debug_frame   0x00000a78      0x144 E:/ARMGUNTOOL/13.2 Rel1/bin/../lib/gcc/arm-none-eabi/13.2.1/thumb/v8-m.main+fp/hard\libg_nano.a(libc_a-findfp.o)
 .debug_frame   0x00000bbc       0x34 E:/ARMGUNTOOL/13.2 Rel1/bin/../lib/gcc/arm-none-eabi/13.2.1/thumb/v8-m.main+fp/hard\libg_nano.a(libc_a-fwalk.o)
 .debug_frame   0x00000bf0       0x6c E:/ARMGUNTOOL/13.2 Rel1/bin/../lib/gcc/arm-none-eabi/13.2.1/thumb/v8-m.main+fp/hard\libg_nano.a(libc_a-printf.o)
 .debug_frame   0x00000c5c       0x88 E:/ARMGUNTOOL/13.2 Rel1/bin/../lib/gcc/arm-none-eabi/13.2.1/thumb/v8-m.main+fp/hard\libg_nano.a(libc_a-stdio.o)
 .debug_frame   0x00000ce4       0x20 E:/ARMGUNTOOL/13.2 Rel1/bin/../lib/gcc/arm-none-eabi/13.2.1/thumb/v8-m.main+fp/hard\libg_nano.a(libc_a-memset.o)
 .debug_frame   0x00000d04       0x2c E:/ARMGUNTOOL/13.2 Rel1/bin/../lib/gcc/arm-none-eabi/13.2.1/thumb/v8-m.main+fp/hard\libg_nano.a(libc_a-closer.o)
 .debug_frame   0x00000d30       0x38 E:/ARMGUNTOOL/13.2 Rel1/bin/../lib/gcc/arm-none-eabi/13.2.1/thumb/v8-m.main+fp/hard\libg_nano.a(libc_a-reent.o)
 .debug_frame   0x00000d68       0x2c E:/ARMGUNTOOL/13.2 Rel1/bin/../lib/gcc/arm-none-eabi/13.2.1/thumb/v8-m.main+fp/hard\libg_nano.a(libc_a-lseekr.o)
 .debug_frame   0x00000d94       0x2c E:/ARMGUNTOOL/13.2 Rel1/bin/../lib/gcc/arm-none-eabi/13.2.1/thumb/v8-m.main+fp/hard\libg_nano.a(libc_a-readr.o)
 .debug_frame   0x00000dc0       0x2c E:/ARMGUNTOOL/13.2 Rel1/bin/../lib/gcc/arm-none-eabi/13.2.1/thumb/v8-m.main+fp/hard\libg_nano.a(libc_a-writer.o)
 .debug_frame   0x00000dec       0x20 E:/ARMGUNTOOL/13.2 Rel1/bin/../lib/gcc/arm-none-eabi/13.2.1/thumb/v8-m.main+fp/hard\libg_nano.a(libc_a-errno.o)
 .debug_frame   0x00000e0c       0xb0 E:/ARMGUNTOOL/13.2 Rel1/bin/../lib/gcc/arm-none-eabi/13.2.1/thumb/v8-m.main+fp/hard\libg_nano.a(libc_a-lock.o)
 .debug_frame   0x00000ebc       0x28 E:/ARMGUNTOOL/13.2 Rel1/bin/../lib/gcc/arm-none-eabi/13.2.1/thumb/v8-m.main+fp/hard\libg_nano.a(libc_a-memcpy-stub.o)
 .debug_frame   0x00000ee4       0x38 E:/ARMGUNTOOL/13.2 Rel1/bin/../lib/gcc/arm-none-eabi/13.2.1/thumb/v8-m.main+fp/hard\libg_nano.a(libc_a-freer.o)
 .debug_frame   0x00000f1c       0x50 E:/ARMGUNTOOL/13.2 Rel1/bin/../lib/gcc/arm-none-eabi/13.2.1/thumb/v8-m.main+fp/hard\libg_nano.a(libc_a-mallocr.o)
 .debug_frame   0x00000f6c       0x30 E:/ARMGUNTOOL/13.2 Rel1/bin/../lib/gcc/arm-none-eabi/13.2.1/thumb/v8-m.main+fp/hard\libg_nano.a(libc_a-mlock.o)
 .debug_frame   0x00000f9c       0xa8 E:/ARMGUNTOOL/13.2 Rel1/bin/../lib/gcc/arm-none-eabi/13.2.1/thumb/v8-m.main+fp/hard\libg_nano.a(libc_a-nano-vfprintf.o)
 .debug_frame   0x00001044       0x60 E:/ARMGUNTOOL/13.2 Rel1/bin/../lib/gcc/arm-none-eabi/13.2.1/thumb/v8-m.main+fp/hard\libg_nano.a(libc_a-nano-vfprintf_i.o)
 .debug_frame   0x000010a4       0x5c E:/ARMGUNTOOL/13.2 Rel1/bin/../lib/gcc/arm-none-eabi/13.2.1/thumb/v8-m.main+fp/hard\libg_nano.a(libc_a-fflush.o)
 .debug_frame   0x00001100       0x40 E:/ARMGUNTOOL/13.2 Rel1/bin/../lib/gcc/arm-none-eabi/13.2.1/thumb/v8-m.main+fp/hard\libg_nano.a(libc_a-wbuf.o)
 .debug_frame   0x00001140       0x2c E:/ARMGUNTOOL/13.2 Rel1/bin/../lib/gcc/arm-none-eabi/13.2.1/thumb/v8-m.main+fp/hard\libg_nano.a(libc_a-wsetup.o)
 .debug_frame   0x0000116c       0x2c E:/ARMGUNTOOL/13.2 Rel1/bin/../lib/gcc/arm-none-eabi/13.2.1/thumb/v8-m.main+fp/hard\libg_nano.a(libc_a-sbrkr.o)
 .debug_frame   0x00001198       0x28 E:/ARMGUNTOOL/13.2 Rel1/bin/../lib/gcc/arm-none-eabi/13.2.1/thumb/v8-m.main+fp/hard\libg_nano.a(libc_a-memchr-stub.o)
 .debug_frame   0x000011c0       0x58 E:/ARMGUNTOOL/13.2 Rel1/bin/../lib/gcc/arm-none-eabi/13.2.1/thumb/v8-m.main+fp/hard\libg_nano.a(libc_a-makebuf.o)
 .debug_frame   0x00001218       0x2c E:/ARMGUNTOOL/13.2 Rel1/bin/../lib/gcc/arm-none-eabi/13.2.1/thumb/v8-m.main+fp/hard\libg_nano.a(libc_a-fstatr.o)
 .debug_frame   0x00001244       0x2c E:/ARMGUNTOOL/13.2 Rel1/bin/../lib/gcc/arm-none-eabi/13.2.1/thumb/v8-m.main+fp/hard\libg_nano.a(libc_a-isattyr.o)