Component: Arm Compiler for Embedded 6.19 Tool: armlink [5e73cb00]

==============================================================================

Section Cross References

    hal_entry_1.o(.text.agt0_callback) refers to hal_entry_1.o(.bss.system_time) for system_time
    hal_entry_1.o(.ARM.exidx.text.agt0_callback) refers to hal_entry_1.o(.text.agt0_callback) for [Anonymous Symbol]
    hal_entry_1.o(.text.get_system_time) refers to hal_entry_1.o(.bss.system_time) for system_time
    hal_entry_1.o(.ARM.exidx.text.get_system_time) refers to hal_entry_1.o(.text.get_system_time) for [Anonymous Symbol]
    hal_entry_1.o(.text.stepper_cr_vfcc_init) refers to hal_entry_1.o(.rodata.str1.1) for .L.str.9
    hal_entry_1.o(.text.stepper_cr_vfcc_init) refers to printfa.o(i.__0printf) for printf
    hal_entry_1.o(.text.stepper_cr_vfcc_init) refers to zf_driver_gpio.o(.text.gpio_set_level) for gpio_set_level
    hal_entry_1.o(.text.stepper_cr_vfcc_init) refers to zf_driver_delay.o(.text.system_delay_ms) for system_delay_ms
    hal_entry_1.o(.text.stepper_cr_vfcc_init) refers to hal_entry_1.o(.data.stepper1_dir) for stepper1_dir
    hal_entry_1.o(.text.stepper_cr_vfcc_init) refers to hal_data.o(.rodata.motor_timer5) for motor_timer5
    hal_entry_1.o(.text.stepper_cr_vfcc_init) refers to zf_driver_pwm.o(.text.pwm_init) for pwm_init
    hal_entry_1.o(.text.stepper_cr_vfcc_init) refers to zf_driver_pwm.o(.text.pwm_set_duty) for pwm_set_duty
    hal_entry_1.o(.text.stepper_cr_vfcc_init) refers to hal_entry_1.o(.data.stepper2_dir) for stepper2_dir
    hal_entry_1.o(.text.stepper_cr_vfcc_init) refers to hal_data.o(.rodata.motor_timer2) for motor_timer2
    hal_entry_1.o(.text.stepper_cr_vfcc_init) refers to hal_entry_1.o(.data.stepper_speed) for stepper_speed
    hal_entry_1.o(.text.stepper_cr_vfcc_init) refers to hal_entry_1.o(.bss.pulse_period) for pulse_period
    hal_entry_1.o(.ARM.exidx.text.stepper_cr_vfcc_init) refers to hal_entry_1.o(.text.stepper_cr_vfcc_init) for [Anonymous Symbol]
    hal_entry_1.o(.text.stepper_generate_pulse) refers to hal_entry_1.o(.bss.pulse_count) for pulse_count
    hal_entry_1.o(.text.stepper_generate_pulse) refers to hal_entry_1.o(.bss.pulse_period) for pulse_period
    hal_entry_1.o(.text.stepper_generate_pulse) refers to hal_data.o(.rodata.motor_timer5) for motor_timer5
    hal_entry_1.o(.text.stepper_generate_pulse) refers to zf_driver_pwm.o(.text.pwm_set_duty) for pwm_set_duty
    hal_entry_1.o(.text.stepper_generate_pulse) refers to zf_driver_delay.o(.text.system_delay_ms) for system_delay_ms
    hal_entry_1.o(.text.stepper_generate_pulse) refers to hal_data.o(.rodata.motor_timer2) for motor_timer2
    hal_entry_1.o(.ARM.exidx.text.stepper_generate_pulse) refers to hal_entry_1.o(.text.stepper_generate_pulse) for [Anonymous Symbol]
    hal_entry_1.o(.text.set_motor_direction) refers to hal_entry_1.o(.data.stepper1_dir) for stepper1_dir
    hal_entry_1.o(.text.set_motor_direction) refers to zf_driver_gpio.o(.text.gpio_set_level) for gpio_set_level
    hal_entry_1.o(.text.set_motor_direction) refers to hal_entry_1.o(.data.stepper2_dir) for stepper2_dir
    hal_entry_1.o(.ARM.exidx.text.set_motor_direction) refers to hal_entry_1.o(.text.set_motor_direction) for [Anonymous Symbol]
    hal_entry_1.o(.text.motor_run_time) refers to hal_entry_1.o(.rodata.str1.1) for .L.str.16
    hal_entry_1.o(.text.motor_run_time) refers to printfa.o(i.__0printf) for printf
    hal_entry_1.o(.text.motor_run_time) refers to hal_entry_1.o(.text.get_system_time) for get_system_time
    hal_entry_1.o(.text.motor_run_time) refers to hal_entry_1.o(.data.stepper_speed) for stepper_speed
    hal_entry_1.o(.text.motor_run_time) refers to hal_entry_1.o(.data.motor1_state) for motor1_state
    hal_entry_1.o(.text.motor_run_time) refers to hal_data.o(.rodata.motor_timer5) for motor_timer5
    hal_entry_1.o(.text.motor_run_time) refers to zf_driver_pwm.o(.text.pwm_set_duty) for pwm_set_duty
    hal_entry_1.o(.text.motor_run_time) refers to zf_driver_delay.o(.text.system_delay_us) for system_delay_us
    hal_entry_1.o(.text.motor_run_time) refers to hal_entry_1.o(.data.motor2_state) for motor2_state
    hal_entry_1.o(.text.motor_run_time) refers to hal_data.o(.rodata.motor_timer2) for motor_timer2
    hal_entry_1.o(.ARM.exidx.text.motor_run_time) refers to hal_entry_1.o(.text.motor_run_time) for [Anonymous Symbol]
    hal_entry_1.o(.text.motor_rotate_pulses) refers to hal_entry_1.o(.data.motor1_state) for motor1_state
    hal_entry_1.o(.text.motor_rotate_pulses) refers to hal_entry_1.o(.data.motor2_state) for motor2_state
    hal_entry_1.o(.text.motor_rotate_pulses) refers to hal_entry_1.o(.text.stepper_generate_pulse) for stepper_generate_pulse
    hal_entry_1.o(.text.motor_rotate_pulses) refers to hal_data.o(.rodata.motor_timer5) for motor_timer5
    hal_entry_1.o(.text.motor_rotate_pulses) refers to zf_driver_pwm.o(.text.pwm_set_duty) for pwm_set_duty
[...]
    0x020013f4   0x020013f4   0x00000004   PAD
    0x020013f8   0x020013f8   0x0000008c   Code   RO          935    .text.NMI_Handler   bsp_group_irq.o
    0x02001484   0x02001484   0x00000004   PAD
    0x02001488   0x02001488   0x00000026   Code   RO         1146    .text.R_AGT_CallbackSet  r_agt.o
    0x020014ae   0x020014ae   0x00000002   PAD
    0x020014b0   0x020014b0   0x00000086   Code   RO         1148    .text.R_AGT_Close   r_agt.o
    0x02001536   0x02001536   0x00000002   PAD
    0x02001538   0x02001538   0x00000010   Code   RO         1140    .text.R_AGT_CompareMatchSet  r_agt.o
    0x02001548   0x02001548   0x00000036   Code   RO         1134    .text.R_AGT_Disable  r_agt.o
    0x0200157e   0x0200157e   0x00000002   PAD
    0x02001580   0x02001580   0x0000000e   Code   RO         1138    .text.R_AGT_DutyCycleSet  r_agt.o
    0x0200158e   0x0200158e   0x00000002   PAD
    0x02001590   0x02001590   0x00000058   Code   RO         1132    .text.R_AGT_Enable  r_agt.o
    0x020015e8   0x020015e8   0x000000f8   Code   RO         1142    .text.R_AGT_InfoGet  r_agt.o
    0x020016e0   0x020016e0   0x00000126   Code   RO         1124    .text.R_AGT_Open    r_agt.o
    0x02001806   0x02001806   0x00000002   PAD
    0x02001808   0x02001808   0x00000036   Code   RO         1136    .text.R_AGT_PeriodSet  r_agt.o
    0x0200183e   0x0200183e   0x00000002   PAD
    0x02001840   0x02001840   0x0000004e   Code   RO         1130    .text.R_AGT_Reset   r_agt.o
    0x0200188e   0x0200188e   0x00000002   PAD
    0x02001890   0x02001890   0x0000006a   Code   RO         1126    .text.R_AGT_Start   r_agt.o
    0x020018fa   0x020018fa   0x00000006   PAD
    0x02001900   0x02001900   0x00000080   Code   RO         1144    .text.R_AGT_StatusGet  r_agt.o
    0x02001980   0x02001980   0x00000054   Code   RO         1128    .text.R_AGT_Stop    r_agt.o
    0x020019d4   0x020019d4   0x00000004   PAD
    0x020019d8   0x020019d8   0x0000002c   Code   RO          878    .text.R_BSP_FlashCacheEnable  bsp_clocks.o
    0x02001a04   0x02001a04   0x00000004   PAD
    0x02001a08   0x02001a08   0x000000f0   Code   RO          896    .text.R_BSP_Init_RTC  bsp_clocks.o
    0x02001af8   0x02001af8   0x00000024   Code   RO         1172    .text.R_BSP_IrqCfg  r_agt.o
    0x02001b1c   0x02001b1c   0x00000004   PAD
    0x02001b20   0x02001b20   0x00000024   Code   RO         1383    .text.R_BSP_IrqCfg  r_gpt.o
    0x02001b44   0x02001b44   0x00000004   PAD
    0x02001b48   0x02001b48   0x00000024   Code   RO         1580    .text.R_BSP_IrqCfg  r_sci_b_uart.o
    0x02001b6c   0x02001b6c   0x00000004   PAD
    0x02001b70   0x02001b70   0x00000024   Code   RO         1154    .text.R_BSP_IrqCfgEnable  r_agt.o
    0x02001b94   0x02001b94   0x00000004   PAD
    0x02001b98   0x02001b98   0x00000024   Code   RO         1381    .text.R_BSP_IrqCfgEnable  r_gpt.o
    0x02001bbc   0x02001bbc   0x00000004   PAD
    0x02001bc0   0x02001bc0   0x0000003a   Code   RO         1178    .text.R_BSP_IrqClearPending  r_agt.o
    0x02001bfa   0x02001bfa   0x00000006   PAD
    0x02001c00   0x02001c00   0x0000003a   Code   RO         1365    .text.R_BSP_IrqClearPending  r_gpt.o
    0x02001c3a   0x02001c3a   0x00000006   PAD
    0x02001c40   0x02001c40   0x0000003a   Code   RO         1572    .text.R_BSP_IrqClearPending  r_sci_b_uart.o
    0x02001c7a   0x02001c7a   0x00000006   PAD
    0x02001c80   0x02001c80   0x0000003a   Code   RO         1780    .text.R_BSP_IrqClearPending  r_spi_b.o
    0x02001cba   0x02001cba   0x00000006   PAD
    0x02001cc0   0x02001cc0   0x00000034   Code   RO         1393    .text.R_BSP_IrqDisable  r_gpt.o
    0x02001cf4   0x02001cf4   0x00000004   PAD
    0x02001cf8   0x02001cf8   0x00000034   Code   RO         1550    .text.R_BSP_IrqDisable  r_sci_b_uart.o
    0x02001d2c   0x02001d2c   0x00000004   PAD
    0x02001d30   0x02001d30   0x00000034   Code   RO         1734    .text.R_BSP_IrqDisable  r_spi_b.o
    0x02001d64   0x02001d64   0x00000004   PAD
    0x02001d68   0x02001d68   0x0000001c   Code   RO         1174    .text.R_BSP_IrqEnable  r_agt.o
    0x02001d84   0x02001d84   0x00000004   PAD
    0x02001d88   0x02001d88   0x0000001c   Code   RO         1385    .text.R_BSP_IrqEnable  r_gpt.o
    0x02001da4   0x02001da4   0x00000004   PAD
    0x02001da8   0x02001da8   0x0000001c   Code   RO         1548    .text.R_BSP_IrqEnable  r_sci_b_uart.o
    0x02001dc4   0x02001dc4   0x00000004   PAD
    0x02001dc8   0x02001dc8   0x0000001c   Code   RO         1760    .text.R_BSP_IrqEnable  r_spi_b.o
    0x02001de4   0x02001de4   0x00000004   PAD
    0x02001de8   0x02001de8   0x00000028   Code   RO         1180    .text.R_BSP_IrqEnableNoClear  r_agt.o
    0x02001e10   0x02001e10   0x00000028   Code   RO         1391    .text.R_BSP_IrqEnableNoClear  r_gpt.o
    0x02001e38   0x02001e38   0x00000028   Code   RO         1574    .text.R_BSP_IrqEnableNoClear  r_sci_b_uart.o
    0x02001e60   0x02001e60   0x00000028   Code   RO         1754    .text.R_BSP_IrqEnableNoClear  r_spi_b.o
    0x02001e88   0x02001e88   0x0000002a   Code   RO         1092    .text.R_BSP_IrqStatusClear  r_adc.o
    0x02001eb2   0x02001eb2   0x00000006   PAD
    0x02001eb8   0x02001eb8   0x0000002a   Code   RO         1168    .text.R_BSP_IrqStatusClear  r_agt.o
    0x02001ee2   0x02001ee2   0x00000006   PAD
    0x02001ee8   0x02001ee8   0x0000002a   Code   RO         1211    .text.R_BSP_IrqStatusClear  r_ceu.o
    0x02001f12   0x02001f12   0x00000006   PAD
    0x02001f18   0x02001f18   0x0000002a   Code   RO         1361    .text.R_BSP_IrqStatusClear  r_gpt.o
    0x02001f42   0x02001f42   0x00000006   PAD
    0x02001f48   0x02001f48   0x0000002a   Code   RO         1487    .text.R_BSP_IrqStatusClear  r_sci_b_spi.o
    0x02001f72   0x02001f72   0x00000006   PAD
    0x02001f78   0x02001f78   0x0000002a   Code   RO         1560    .text.R_BSP_IrqStatusClear  r_sci_b_uart.o
    0x02001fa2   0x02001fa2   0x00000006   PAD
    0x02001fa8   0x02001fa8   0x0000002a   Code   RO         1664    .text.R_BSP_IrqStatusClear  r_sdhi.o
    0x02001fd2   0x02001fd2   0x00000006   PAD
    0x02001fd8   0x02001fd8   0x0000002a   Code   RO         1746    .text.R_BSP_IrqStatusClear  r_spi_b.o
    0x02002002   0x02002002   0x00000006   PAD
    0x02002008   0x02002008   0x00000066   Code   RO         1440    .text.R_BSP_PinAccessDisable  r_ioport.o
    0x0200206e   0x0200206e   0x00000002   PAD
    0x02002070   0x02002070   0x00000056   Code   RO         1436    .text.R_BSP_PinAccessEnable  r_ioport.o
    0x020020c6   0x020020c6   0x00000002   PAD
    0x020020c8   0x020020c8   0x0000002a   Code   RO         1442    .text.R_BSP_PinRead  r_ioport.o
    0x020020f2   0x020020f2   0x00000006   PAD
    0x020020f8   0x020020f8   0x0000007a   Code   RO          967    .text.R_BSP_RegisterProtectDisable  bsp_register_protection.o
    0x02002172   0x02002172   0x00000006   PAD
    0x02002178   0x02002178   0x00000090   Code   RO          965    .text.R_BSP_RegisterProtectEnable  bsp_register_protection.o
    0x02002208   0x02002208   0x000000da   Code   RO          922    .text.R_BSP_SoftwareDelay  bsp_delay.o
    0x020022e2   0x020022e2   0x00000006   PAD
    0x020022e8   0x020022e8   0x0000001e   Code   RO          894    .text.R_BSP_SourceClockHzGet  bsp_clocks.o
    0x02002306   0x02002306   0x00000002   PAD
    0x02002308   0x02002308   0x00000008   Code   RO          890    .text.R_BSP_SubClockStabilizeWaitAfterReset  bsp_clocks.o
    0x02002310   0x02002310   0x00000030   Code   RO          838    .text.R_BSP_WarmStart  system.o
    0x02002340   0x02002340   0x00000074   Code   RO         1576    .text.R_FSP_ClockDividerGet  r_sci_b_uart.o
    0x020023b4   0x020023b4   0x00000004   PAD
    0x020023b8   0x020023b8   0x00000018   Code   RO         1086    .text.R_FSP_CurrentIrqGet  r_adc.o
    0x020023d0   0x020023d0   0x00000018   Code   RO         1166    .text.R_FSP_CurrentIrqGet  r_agt.o
    0x020023e8   0x020023e8   0x00000018   Code   RO         1209    .text.R_FSP_CurrentIrqGet  r_ceu.o
    0x02002400   0x02002400   0x00000018   Code   RO         1485    .text.R_FSP_CurrentIrqGet  r_sci_b_spi.o
    0x02002418   0x02002418   0x00000018   Code   RO         1558    .text.R_FSP_CurrentIrqGet  r_sci_b_uart.o
    0x02002430   0x02002430   0x00000018   Code   RO         1658    .text.R_FSP_CurrentIrqGet  r_sdhi.o
    0x02002448   0x02002448   0x00000018   Code   RO         1744    .text.R_FSP_CurrentIrqGet  r_spi_b.o
    0x02002460   0x02002460   0x0000001a   Code   RO         1088    .text.R_FSP_IsrContextGet  r_adc.o
    0x0200247a   0x0200247a   0x00000006   PAD
    0x02002480   0x02002480   0x0000001a   Code   RO         1170    .text.R_FSP_IsrContextGet  r_agt.o
    0x0200249a   0x0200249a   0x00000006   PAD
    0x020024a0   0x020024a0   0x0000001a   Code   RO         1213    .text.R_FSP_IsrContextGet  r_ceu.o
    0x020024ba   0x020024ba   0x00000006   PAD
    0x020024c0   0x020024c0   0x0000001a   Code   RO         1489    .text.R_FSP_IsrContextGet  r_sci_b_spi.o
    0x020024da   0x020024da   0x00000006   PAD
    0x020024e0   0x020024e0   0x0000001a   Code   RO         1562    .text.R_FSP_IsrContextGet  r_sci_b_uart.o
    0x020024fa   0x020024fa   0x00000006   PAD
    0x02002500   0x02002500   0x0000001a   Code   RO         1660    .text.R_FSP_IsrContextGet  r_sdhi.o
    0x0200251a   0x0200251a   0x00000006   PAD
    0x02002520   0x02002520   0x0000001a   Code   RO         1748    .text.R_FSP_IsrContextGet  r_spi_b.o
    0x0200253a   0x0200253a   0x00000006   PAD
    0x02002540   0x02002540   0x0000001e   Code   RO         1162    .text.R_FSP_IsrContextSet  r_agt.o
    0x0200255e   0x0200255e   0x00000002   PAD
    0x02002560   0x02002560   0x0000001e   Code   RO         1389    .text.R_FSP_IsrContextSet  r_gpt.o
    0x0200257e   0x0200257e   0x00000002   PAD
    0x02002580   0x02002580   0x0000001e   Code   RO         1584    .text.R_FSP_IsrContextSet  r_sci_b_uart.o
    0x0200259e   0x0200259e   0x00000002   PAD
    0x020025a0   0x020025a0   0x00000040   Code   RO         1554    .text.R_FSP_SciClockHzGet  r_sci_b_uart.o
    0x020025e0   0x020025e0   0x000000da   Code   RO         1182    .text.R_FSP_SystemClockHzGet  r_agt.o
    0x020026ba   0x020026ba   0x00000006   PAD
    0x020026c0   0x020026c0   0x000000da   Code   RO         1395    .text.R_FSP_SystemClockHzGet  r_gpt.o
    0x0200279a   0x0200279a   0x00000006   PAD
    0x020027a0   0x020027a0   0x00000026   Code   RO         1325    .text.R_GPT_CallbackSet  r_gpt.o
    0x020027c6   0x020027c6   0x00000002   PAD
    0x020027c8   0x020027c8   0x0000006a   Code   RO         1327    .text.R_GPT_Close   r_gpt.o
    0x02002832   0x02002832   0x00000006   PAD
    0x02002838   0x02002838   0x0000003c   Code   RO         1319    .text.R_GPT_CompareMatchSet  r_gpt.o
    0x02002874   0x02002874   0x00000004   PAD
    0x02002878   0x02002878   0x0000002a   Code   RO         1313    .text.R_GPT_Disable  r_gpt.o
    0x020028a2   0x020028a2   0x00000006   PAD
    0x020028a8   0x020028a8   0x0000011e   Code   RO         1317    .text.R_GPT_DutyCycleSet  r_gpt.o
    0x020029c6   0x020029c6   0x00000002   PAD
    0x020029c8   0x020029c8   0x00000080   Code   RO         1311    .text.R_GPT_Enable  r_gpt.o
    0x02002a48   0x02002a48   0x00000036   Code   RO         1321    .text.R_GPT_InfoGet  r_gpt.o
    0x02002a7e   0x02002a7e   0x00000002   PAD
    0x02002a80   0x02002a80   0x0000003a   Code   RO         1303    .text.R_GPT_Open    r_gpt.o
    0x02002aba   0x02002aba   0x00000006   PAD
    0x02002ac0   0x02002ac0   0x00000084   Code   RO         1315    .text.R_GPT_PeriodSet  r_gpt.o
    0x02002b44   0x02002b44   0x00000004   PAD
    0x02002b48   0x02002b48   0x00000016   Code   RO         1309    .text.R_GPT_Reset   r_gpt.o
    0x02002b5e   0x02002b5e   0x00000002   PAD
    0x02002b60   0x02002b60   0x00000016   Code   RO         1305    .text.R_GPT_Start   r_gpt.o
    0x02002b76   0x02002b76   0x00000002   PAD
    0x02002b78   0x02002b78   0x00000028   Code   RO         1323    .text.R_GPT_StatusGet  r_gpt.o
    0x02002ba0   0x02002ba0   0x00000016   Code   RO         1307    .text.R_GPT_Stop    r_gpt.o
    0x02002bb6   0x02002bb6   0x00000002   PAD
    0x02002bb8   0x02002bb8   0x00000012   Code   RO         1408    .text.R_IOPORT_Close  r_ioport.o
    0x02002bca   0x02002bca   0x00000006   PAD
    0x02002bd0   0x02002bd0   0x00000024   Code   RO         1406    .text.R_IOPORT_Open  r_ioport.o
    0x02002bf4   0x02002bf4   0x00000004   PAD
    0x02002bf8   0x02002bf8   0x00000040   Code   RO         1412    .text.R_IOPORT_PinCfg  r_ioport.o
    0x02002c38   0x02002c38   0x00000060   Code   RO         1414    .text.R_IOPORT_PinEventInputRead  r_ioport.o
    0x02002c98   0x02002c98   0x00000026   Code   RO         1416    .text.R_IOPORT_PinEventOutputWrite  r_ioport.o
    0x02002cbe   0x02002cbe   0x00000002   PAD
    0x02002cc0   0x02002cc0   0x0000001e   Code   RO         1418    .text.R_IOPORT_PinRead  r_ioport.o
    0x02002cde   0x02002cde   0x00000002   PAD
    0x02002ce0   0x02002ce0   0x00000080   Code   RO         1420    .text.R_IOPORT_PinWrite  r_ioport.o
    0x02002d60   0x02002d60   0x00000014   Code   RO         1410    .text.R_IOPORT_PinsCfg  r_ioport.o
    0x02002d74   0x02002d74   0x00000004   PAD
    0x02002d78   0x02002d78   0x00000068   Code   RO         1422    .text.R_IOPORT_PortDirectionSet  r_ioport.o
    0x02002de0   0x02002de0   0x00000034   Code   RO         1424    .text.R_IOPORT_PortEventInputRead  r_ioport.o
    0x02002e14   0x02002e14   0x00000004   PAD
    0x02002e18   0x02002e18   0x0000005c   Code   RO         1426    .text.R_IOPORT_PortEventOutputWrite  r_ioport.o
    0x02002e74   0x02002e74   0x00000004   PAD
    0x02002e78   0x02002e78   0x00000032   Code   RO         1428    .text.R_IOPORT_PortRead  r_ioport.o
    0x02002eaa   0x02002eaa   0x00000006   PAD
    0x02002eb0   0x02002eb0   0x0000005c   Code   RO         1430    .text.R_IOPORT_PortWrite  r_ioport.o
    0x02002f0c   0x02002f0c   0x00000004   PAD
    0x02002f10   0x02002f10   0x00000092   Code   RO         1536    .text.R_SCI_B_UART_Abort  r_sci_b_uart.o
    0x02002fa2   0x02002fa2   0x00000006   PAD
    0x02002fa8   0x02002fa8   0x00000240   Code   RO         1552    .text.R_SCI_B_UART_BaudCalculate  r_sci_b_uart.o
    0x020031e8   0x020031e8   0x00000044   Code   RO         1532    .text.R_SCI_B_UART_BaudSet  r_sci_b_uart.o
    0x0200322c   0x0200322c   0x00000004   PAD
    0x02003230   0x02003230   0x00000026   Code   RO         1538    .text.R_SCI_B_UART_CallbackSet  r_sci_b_uart.o
    0x02003256   0x02003256   0x00000002   PAD
    0x02003258   0x02003258   0x000000e2   Code   RO         1540    .text.R_SCI_B_UART_Close  r_sci_b_uart.o
    0x0200333a   0x0200333a   0x00000006   PAD
    0x02003340   0x02003340   0x00000018   Code   RO         1534    .text.R_SCI_B_UART_InfoGet  r_sci_b_uart.o
    0x02003358   0x02003358   0x00000164   Code   RO         1526    .text.R_SCI_B_UART_Open  r_sci_b_uart.o
    0x020034bc   0x020034bc   0x00000004   PAD
    0x020034c0   0x020034c0   0x00000022   Code   RO         1528    .text.R_SCI_B_UART_Read  r_sci_b_uart.o
    0x020034e2   0x020034e2   0x00000006   PAD
    0x020034e8   0x020034e8   0x0000001c   Code   RO         1542    .text.R_SCI_B_UART_ReadStop  r_sci_b_uart.o
    0x02003504   0x02003504   0x00000004   PAD
    0x02003508   0x02003508   0x00000066   Code   RO         1530    .text.R_SCI_B_UART_Write  r_sci_b_uart.o
    0x0200356e   0x0200356e   0x00000002   PAD
    0x02003570   0x02003570   0x0000000e   Code   RO          822  * .text.Reset_Handler  startup.o
    0x0200357e   0x0200357e   0x00000002   PAD
    0x02003580   0x02003580   0x0000011a   Code   RO          862    .text.SystemCoreClockUpdate  bsp_clocks.o
    0x0200369a   0x0200369a   0x00000006   PAD
    0x020036a0   0x020036a0   0x0000022c   Code   RO          836    .text.SystemInit    system.o
    0x020038cc   0x020038cc   0x00000004   PAD
    0x020038d0   0x020038d0   0x00000038   Code   RO         1160    .text.__NVIC_DisableIRQ  r_agt.o
    0x02003908   0x02003908   0x00000042   Code   RO         1176    .text.__NVIC_SetPriority  r_agt.o
    0x0200394a   0x0200394a   0x00000006   PAD
    0x02003950   0x02003950   0x00000042   Code   RO         1387    .text.__NVIC_SetPriority  r_gpt.o
    0x02003992   0x02003992   0x00000006   PAD
    0x02003998   0x02003998   0x00000042   Code   RO         1582    .text.__NVIC_SetPriority  r_sci_b_uart.o
    0x020039da   0x020039da   0x00000006   PAD
    0x020039e0   0x020039e0   0x0000000a   Code   RO         1078    .text.adc_scan_end_isr  r_adc.o
    0x020039ea   0x020039ea   0x00000006   PAD
    0x020039f0   0x020039f0   0x00000020   Code   RO           58    .text.agt0_callback  hal_entry_1.o
    0x02003a10   0x02003a10   0x00000012   Code   RO          544    .text.agt1_callback  zf_driver_pit.o
    0x02003a22   0x02003a22   0x00000006   PAD
    0x02003a28   0x02003a28   0x000000e6   Code   RO         1164    .text.agt_int_isr   r_agt.o
    0x02003b0e   0x02003b0e   0x00000002   PAD
    0x02003b10   0x02003b10   0x0000004a   Code   RO          880    .text.bsp_clock_freq_var_init  bsp_clocks.o
    0x02003b5a   0x02003b5a   0x00000006   PAD
    0x02003b60   0x02003b60   0x0000014a   Code   RO          876    .text.bsp_clock_init  bsp_clocks.o
    0x02003caa   0x02003caa   0x00000006   PAD
    0x02003cb0   0x02003cb0   0x00000034   Code   RO          937    .text.bsp_group_irq_call  bsp_group_irq.o
    0x02003ce4   0x02003ce4   0x00000004   PAD
    0x02003ce8   0x02003ce8   0x0000005c   Code   RO          842    .text.bsp_init_dtcm  system.o
    0x02003d44   0x02003d44   0x00000004   PAD
    0x02003d48   0x02003d48   0x00000008   Code   RO          906    .text.bsp_init_internal  bsp_common.o
    0x02003d50   0x02003d50   0x00000034   Code   RO          840    .text.bsp_init_itcm  system.o
    0x02003d84   0x02003d84   0x00000004   PAD
    0x02003d88   0x02003d88   0x0000004c   Code   RO          954    .text.bsp_irq_cfg   bsp_irq.o
    0x02003dd4   0x02003dd4   0x00000004   PAD
    0x02003dd8   0x02003dd8   0x0000005e   Code   RO          886    .text.bsp_peripheral_clock_set  bsp_clocks.o
    0x02003e36   0x02003e36   0x00000002   PAD
    0x02003e38   0x02003e38   0x000000a2   Code   RO          884    .text.bsp_prv_clock_set_hard_reset  bsp_clocks.o
    0x02003eda   0x02003eda   0x00000006   PAD
    0x02003ee0   0x02003ee0   0x00000008   Code   RO          924    .text.bsp_prv_software_delay_loop  bsp_delay.o
    0x02003ee8   0x02003ee8   0x0000007a   Code   RO          882    .text.bsp_prv_sosc_init  bsp_clocks.o
    0x02003f62   0x02003f62   0x00000006   PAD
    0x02003f68   0x02003f68   0x0000017e   Code   RO         1434    .text.bsp_vbatt_init  r_ioport.o
    0x020040e6   0x020040e6   0x00000002   PAD
    0x020040e8   0x020040e8   0x00000060   Code   RO         1215    .text.ceu_call_callback  r_ceu.o
    0x02004148   0x02004148   0x0000005c   Code   RO         1207    .text.ceu_isr       r_ceu.o
    0x020041a4   0x020041a4   0x00000004   PAD
    0x020041a8   0x020041a8   0x00000016   Code   RO          295    .text.debug_init    zf_common_debug.o
    0x020041be   0x020041be   0x00000002   PAD
    0x020041c0   0x020041c0   0x00000092   Code   RO          262    .text.fifo_clear    zf_common_fifo.o
    0x02004252   0x02004252   0x00000006   PAD
    0x02004258   0x02004258   0x0000002e   Code   RO          274    .text.fifo_end_offset  zf_common_fifo.o
    0x02004286   0x02004286   0x00000002   PAD
    0x02004288   0x02004288   0x0000002e   Code   RO          268    .text.fifo_head_offset  zf_common_fifo.o
    0x020042b6   0x020042b6   0x00000002   PAD
    0x020042b8   0x020042b8   0x00000054   Code   RO          280    .text.fifo_init     zf_common_fifo.o
    0x0200430c   0x0200430c   0x00000004   PAD
    0x02004310   0x02004310   0x000001c4   Code   RO          276    .text.fifo_read_buffer  zf_common_fifo.o
    0x020044d4   0x020044d4   0x00000004   PAD
    0x020044d8   0x020044d8   0x000001fe   Code   RO          278    .text.fifo_read_tail_buffer  zf_common_fifo.o
    0x020046d6   0x020046d6   0x00000002   PAD
    0x020046d8   0x020046d8   0x00000010   Code   RO          264    .text.fifo_used     zf_common_fifo.o
    0x020046e8   0x020046e8   0x000001e4   Code   RO          270    .text.fifo_write_buffer  zf_common_fifo.o
    0x020048cc   0x020048cc   0x00000004   PAD
    0x020048d0   0x020048d0   0x000000c2   Code   RO          102    .text.filter_anchor_position  hal_entry_1.o
    0x02004992   0x02004992   0x00000006   PAD
    0x02004998   0x02004998   0x00000166   Code   RO           98    .text.filter_position  hal_entry_1.o
    0x02004afe   0x02004afe   0x00000002   PAD
    0x02004b00   0x02004b00   0x00000042   Code   RO          291    .text.fputc         zf_common_debug.o
    0x02004b42   0x02004b42   0x00000006   PAD
    0x02004b48   0x02004b48   0x000000da   Code   RO          316    .text.func_int_to_str  zf_common_function.o
    0x02004c22   0x02004c22   0x00000006   PAD
    0x02004c28   0x02004c28   0x0000000c   Code   RO           60    .text.get_system_time  hal_entry_1.o
    0x02004c34   0x02004c34   0x00000004   PAD
    0x02004c38   0x02004c38   0x0000000c   Code   RO          167    .text.get_system_time_ms  tcp_uart_1.o
    0x02004c44   0x02004c44   0x00000004   PAD
    0x02004c48   0x02004c48   0x0000003a   Code   RO          350    .text.gpio_get_level  zf_driver_gpio.o
    0x02004c82   0x02004c82   0x00000006   PAD
    0x02004c88   0x02004c88   0x0000003e   Code   RO          348    .text.gpio_set_level  zf_driver_gpio.o
    0x02004cc6   0x02004cc6   0x00000002   PAD
    0x02004cc8   0x02004cc8   0x000000ec   Code   RO         1339    .text.gpt_calculate_duty_cycle  r_gpt.o
    0x02004db4   0x02004db4   0x00000004   PAD
    0x02004db8   0x02004db8   0x00000028   Code   RO         1341    .text.gpt_clock_frequency_get  r_gpt.o
    0x02004de0   0x02004de0   0x00000054   Code   RO         1329    .text.gpt_common_open  r_gpt.o
    0x02004e34   0x02004e34   0x00000004   PAD
    0x02004e38   0x02004e38   0x00000058   Code   RO         1375    .text.gpt_gtior_calculate  r_gpt.o
    0x02004e90   0x02004e90   0x0000002c   Code   RO         1337    .text.gpt_hardware_events_disable  r_gpt.o
    0x02004ebc   0x02004ebc   0x00000004   PAD
    0x02004ec0   0x02004ec0   0x0000027a   Code   RO         1331    .text.gpt_hardware_initialize  r_gpt.o
    0x0200513a   0x0200513a   0x00000006   PAD
    0x02005140   0x02005140   0x0000085e   Code   RO          104    .text.hal_entry     hal_entry_1.o
    0x0200599e   0x0200599e   0x00000002   PAD
    0x020059a0   0x020059a0   0x0000019c   Code   RO          484    .text.init_sdram    ra_driver_sdram.o
    0x02005b3c   0x02005b3c   0x00000004   PAD
    0x02005b40   0x02005b40   0x00000014   Code   RO         1922    .text.main          main.o
    0x02005b54   0x02005b54   0x00000004   PAD
    0x02005b58   0x02005b58   0x00000034   Code   RO          844    .text.memcpy_64     system.o
    0x02005b8c   0x02005b8c   0x00000004   PAD
    0x02005b90   0x02005b90   0x0000002e   Code   RO          846    .text.memset_64     system.o
    0x02005bbe   0x02005bbe   0x00000002   PAD
    0x02005bc0   0x02005bc0   0x00000390   Code   RO           72    .text.motor_execute  hal_entry_1.o
    0x02005f50   0x02005f50   0x0000016a   Code   RO           68    .text.motor_run_time  hal_entry_1.o
    0x020060ba   0x020060ba   0x00000006   PAD
    0x020060c0   0x020060c0   0x000000d2   Code   RO           86    .text.move_forward  hal_entry_1.o
    0x02006192   0x02006192   0x00000006   PAD
    0x02006198   0x02006198   0x00000104   Code   RO           88    .text.move_forward_steps  hal_entry_1.o
    0x0200629c   0x0200629c   0x00000004   PAD
    0x020062a0   0x020062a0   0x000002b6   Code   RO          179    .text.parse_received_message  tcp_uart_1.o
    0x02006556   0x02006556   0x00000002   PAD
    0x02006558   0x02006558   0x000007a0   Code   RO          100    .text.parse_uwb_frame  hal_entry_1.o
    0x02006cf8   0x02006cf8   0x00000044   Code   RO          546    .text.pit_init      zf_driver_pit.o
    0x02006d3c   0x02006d3c   0x00000004   PAD
    0x02006d40   0x02006d40   0x00000700   Code   RO           78    .text.process_motor_command  hal_entry_1.o
    0x02007440   0x02007440   0x00000020   Code   RO          431    .text.pwm_init      zf_driver_pwm.o
    0x02007460   0x02007460   0x00000054   Code   RO          433    .text.pwm_set_duty  zf_driver_pwm.o
    0x020074b4   0x020074b4   0x00000004   PAD
    0x020074b8   0x020074b8   0x000000bc   Code   RO         1090    .text.r_adc_call_callback  r_adc.o
    0x02007574   0x02007574   0x00000004   PAD
    0x02007578   0x02007578   0x0000004e   Code   RO         1080    .text.r_adc_scan_end_common_isr  r_adc.o
    0x020075c6   0x020075c6   0x00000002   PAD
    0x020075c8   0x020075c8   0x00000094   Code   RO         1158    .text.r_agt_clock_frequency_get  r_agt.o
    0x0200765c   0x0200765c   0x00000004   PAD
    0x02007660   0x02007660   0x0000004a   Code   RO         1156    .text.r_agt_common_preamble  r_agt.o
    0x020076aa   0x020076aa   0x00000006   PAD
    0x020076b0   0x020076b0   0x000000b8   Code   RO         1150    .text.r_agt_hardware_cfg  r_agt.o
    0x02007768   0x02007768   0x00000068   Code   RO         1152    .text.r_agt_period_register_set  r_agt.o
    0x020077d0   0x020077d0   0x0000002a   Code   RO         1353    .text.r_gpt_disable_irq  r_gpt.o
    0x020077fa   0x020077fa   0x00000006   PAD
    0x02007800   0x02007800   0x00000028   Code   RO         1379    .text.r_gpt_enable_irq  r_gpt.o
    0x02007828   0x02007828   0x00000046   Code   RO         1377    .text.r_gpt_init_compare_match_channel  r_gpt.o
    0x0200786e   0x0200786e   0x00000002   PAD
    0x02007870   0x02007870   0x0000000a   Code   RO         1333    .text.r_gpt_write_protect_disable  r_gpt.o
    0x0200787a   0x0200787a   0x00000006   PAD
    0x02007880   0x02007880   0x0000000a   Code   RO         1335    .text.r_gpt_write_protect_enable  r_gpt.o
    0x0200788a   0x0200788a   0x00000006   PAD
    0x02007890   0x02007890   0x00000074   Code   RO         1444    .text.r_ioport_hw_pin_event_output_data_write  r_ioport.o
    0x02007904   0x02007904   0x00000004   PAD
    0x02007908   0x02007908   0x0000006e   Code   RO         1438    .text.r_ioport_pfs_write  r_ioport.o
    0x02007976   0x02007976   0x00000002   PAD
    0x02007978   0x02007978   0x00000056   Code   RO         1432    .text.r_ioport_pins_config  r_ioport.o
    0x020079ce   0x020079ce   0x00000002   PAD
    0x020079d0   0x020079d0   0x00000030   Code   RO         1578    .text.r_sci_b_irq_cfg  r_sci_b_uart.o
    0x02007a00   0x02007a00   0x00000044   Code   RO         1544    .text.r_sci_b_irqs_cfg  r_sci_b_uart.o
    0x02007a44   0x02007a44   0x00000004   PAD
    0x02007a48   0x02007a48   0x0000006c   Code   RO         1497    .text.r_sci_b_spi_call_callback  r_sci_b_spi.o
    0x02007ab4   0x02007ab4   0x00000004   PAD
    0x02007ab8   0x02007ab8   0x00000044   Code   RO         1491    .text.r_sci_b_spi_transmit  r_sci_b_spi.o
    0x02007afc   0x02007afc   0x00000004   PAD
    0x02007b00   0x02007b00   0x00000080   Code   RO         1564    .text.r_sci_b_uart_call_callback  r_sci_b_uart.o
    0x02007b80   0x02007b80   0x00000164   Code   RO         1546    .text.r_sci_b_uart_config_set  r_sci_b_uart.o
    0x02007ce4   0x02007ce4   0x00000004   PAD
    0x02007ce8   0x02007ce8   0x0000015a   Code   RO         1662    .text.r_sdhi_access_irq_process  r_sdhi.o
    0x02007e42   0x02007e42   0x00000006   PAD
    0x02007e48   0x02007e48   0x0000007e   Code   RO         1654    .text.r_sdhi_call_callback  r_sdhi.o
    0x02007ec6   0x02007ec6   0x00000002   PAD
    0x02007ec8   0x02007ec8   0x000000a8   Code   RO         1650    .text.r_sdhi_transfer_callback  r_sdhi.o
    0x02007f70   0x02007f70   0x0000003c   Code   RO         1652    .text.r_sdhi_transfer_end  r_sdhi.o
    0x02007fac   0x02007fac   0x00000004   PAD
    0x02007fb0   0x02007fb0   0x0000006c   Code   RO         1762    .text.r_spi_b_call_callback  r_spi_b.o
    0x0200801c   0x0200801c   0x00000004   PAD
    0x02008020   0x02008020   0x00000090   Code   RO         1750    .text.r_spi_b_receive  r_spi_b.o
    0x020080b0   0x020080b0   0x0000008c   Code   RO         1752    .text.r_spi_b_transmit  r_spi_b.o
    0x0200813c   0x0200813c   0x00000004   PAD
    0x02008140   0x02008140   0x00000014   Code   RO           96    .text.read_int16_big_endian  hal_entry_1.o
    0x02008154   0x02008154   0x00000004   PAD
    0x02008158   0x02008158   0x0000000e   Code   RO           94    .text.read_uint32_big_endian  hal_entry_1.o
    0x02008166   0x02008166   0x00000002   PAD
    0x02008168   0x02008168   0x000001e6   Code   RO           90    .text.report_position_to_cloud  hal_entry_1.o
    0x0200834e   0x0200834e   0x00000002   PAD
    0x02008350   0x02008350   0x00000040   Code   RO         1499    .text.sci_b_spi_eri_isr  r_sci_b_spi.o
    0x02008390   0x02008390   0x0000007e   Code   RO         1493    .text.sci_b_spi_rxi_isr  r_sci_b_spi.o
    0x0200840e   0x0200840e   0x00000002   PAD
    0x02008410   0x02008410   0x00000048   Code   RO         1495    .text.sci_b_spi_tei_isr  r_sci_b_spi.o
    0x02008458   0x02008458   0x0000005e   Code   RO         1483    .text.sci_b_spi_txi_isr  r_sci_b_spi.o
    0x020084b6   0x020084b6   0x00000002   PAD
    0x020084b8   0x020084b8   0x000000b2   Code   RO         1570    .text.sci_b_uart_eri_isr  r_sci_b_uart.o
    0x0200856a   0x0200856a   0x00000006   PAD
    0x02008570   0x02008570   0x000000b2   Code   RO         1566    .text.sci_b_uart_rxi_isr  r_sci_b_uart.o
    0x02008622   0x02008622   0x00000006   PAD
    0x02008628   0x02008628   0x00000048   Code   RO         1568    .text.sci_b_uart_tei_isr  r_sci_b_uart.o
    0x02008670   0x02008670   0x000000c0   Code   RO         1556    .text.sci_b_uart_txi_isr  r_sci_b_uart.o
    0x02008730   0x02008730   0x0000004e   Code   RO         1656    .text.sdhimmc_accs_isr  r_sdhi.o
    0x0200877e   0x0200877e   0x00000002   PAD
    0x02008780   0x02008780   0x00000096   Code   RO         1666    .text.sdhimmc_card_isr  r_sdhi.o
    0x02008816   0x02008816   0x00000002   PAD
    0x02008818   0x02008818   0x00000028   Code   RO         1668    .text.sdhimmc_dma_req_isr  r_sdhi.o
    0x02008840   0x02008840   0x000000fe   Code   RO           74    .text.set_angle_correction  hal_entry_1.o
    0x0200893e   0x0200893e   0x00000002   PAD
    0x02008940   0x02008940   0x000000a6   Code   RO           66    .text.set_motor_direction  hal_entry_1.o
    0x020089e6   0x020089e6   0x00000002   PAD
    0x020089e8   0x020089e8   0x000000a8   Code   RO         1764    .text.spi_b_eri_isr  r_spi_b.o
    0x02008a90   0x02008a90   0x00000048   Code   RO         1742    .text.spi_b_rxi_isr  r_spi_b.o
    0x02008ad8   0x02008ad8   0x00000072   Code   RO         1758    .text.spi_b_tei_isr  r_spi_b.o
    0x02008b4a   0x02008b4a   0x00000006   PAD
    0x02008b50   0x02008b50   0x00000018   Code   RO         1756    .text.spi_b_txi_isr  r_spi_b.o
    0x02008b68   0x02008b68   0x0000011c   Code   RO           62    .text.stepper_cr_vfcc_init  hal_entry_1.o
    0x02008c84   0x02008c84   0x00000004   PAD
    0x02008c88   0x02008c88   0x00000014   Code   RO          359    .text.system_delay_ms  zf_driver_delay.o
    0x02008c9c   0x02008c9c   0x00000004   PAD
    0x02008ca0   0x02008ca0   0x00000012   Code   RO          361    .text.system_delay_us  zf_driver_delay.o
    0x02008cb2   0x02008cb2   0x00000006   PAD
    0x02008cb8   0x02008cb8   0x000000bc   Code   RO          177    .text.tcp_send_heartbeat  tcp_uart_1.o
    0x02008d74   0x02008d74   0x00000004   PAD
    0x02008d78   0x02008d78   0x0000005c   Code   RO          173    .text.tcp_uart_get_new_message  tcp_uart_1.o
    0x02008dd4   0x02008dd4   0x00000004   PAD
    0x02008dd8   0x02008dd8   0x00000304   Code   RO          169    .text.tcp_uart_init  tcp_uart_1.o
    0x020090dc   0x020090dc   0x00000004   PAD
    0x020090e0   0x020090e0   0x00000076   Code   RO          175    .text.tcp_uart_process  tcp_uart_1.o
    0x02009156   0x02009156   0x00000002   PAD
    0x02009158   0x02009158   0x000000b8   Code   RO          171    .text.tcp_uart_send_message  tcp_uart_1.o
    0x02009210   0x02009210   0x00000042   Code   RO           84    .text.turn_back     hal_entry_1.o
    0x02009252   0x02009252   0x00000006   PAD
    0x02009258   0x02009258   0x0000008e   Code   RO           80    .text.turn_left     hal_entry_1.o
    0x020092e6   0x020092e6   0x00000002   PAD
    0x020092e8   0x020092e8   0x0000008e   Code   RO           82    .text.turn_right    hal_entry_1.o
    0x02009376   0x02009376   0x00000002   PAD
    0x02009378   0x02009378   0x00000076   Code   RO          494    .text.uart3_callback  zf_driver_uart.o
    0x020093ee   0x020093ee   0x00000002   PAD
    0x020093f0   0x020093f0   0x00000016   Code   RO          510    .text.uart3_init    zf_driver_uart.o
    0x02009406   0x02009406   0x00000002   PAD
    0x02009408   0x02009408   0x00000046   Code   RO          592    .text.uart4_callback  zf_device_wifi_uart.o
    0x0200944e   0x0200944e   0x00000002   PAD
    0x02009450   0x02009450   0x00000078   Code   RO          289    .text.uart9_callback  zf_common_debug.o
    0x020094c8   0x020094c8   0x00000008   Code   RO          508    .text.uart9_init    zf_driver_uart.o
    0x020094d0   0x020094d0   0x0000003c   Code   RO          634    .text.uart_write_buffer  zf_device_wifi_uart.o
    0x0200950c   0x0200950c   0x00000004   PAD
    0x02009510   0x02009510   0x0000003a   Code   RO          624    .text.uart_write_byte  zf_device_wifi_uart.o
    0x0200954a   0x0200954a   0x00000006   PAD
    0x02009550   0x02009550   0x0000004a   Code   RO          598    .text.uart_write_string  zf_device_wifi_uart.o
    0x0200959a   0x0200959a   0x00000006   PAD
    0x020095a0   0x020095a0   0x0000006c   Code   RO          658    .text.wifi_data_parse  zf_device_wifi_uart.o
    0x0200960c   0x0200960c   0x00000004   PAD
    0x02009610   0x02009610   0x0000005c   Code   RO          646    .text.wifi_uart_auto_connect_wifi  zf_device_wifi_uart.o
    0x0200966c   0x0200966c   0x00000004   PAD
    0x02009670   0x02009670   0x00000010   Code   RO          596    .text.wifi_uart_clear_receive_buffer  zf_device_wifi_uart.o
    0x02009680   0x02009680   0x000001ba   Code   RO          612    .text.wifi_uart_connect_tcp_servers  zf_device_wifi_uart.o
    0x0200983a   0x0200983a   0x00000006   PAD
    0x02009840   0x02009840   0x000000ae   Code   RO          644    .text.wifi_uart_echo_set  zf_device_wifi_uart.o
    0x020098ee   0x020098ee   0x00000002   PAD
    0x020098f0   0x020098f0   0x00000042   Code   RO          608    .text.wifi_uart_entry_serianet  zf_device_wifi_uart.o
    0x02009932   0x02009932   0x00000006   PAD
    0x02009938   0x02009938   0x00000064   Code   RO          650    .text.wifi_uart_get_information  zf_device_wifi_uart.o
    0x0200999c   0x0200999c   0x00000004   PAD
    0x020099a0   0x020099a0   0x000000c4   Code   RO          654    .text.wifi_uart_get_ip  zf_device_wifi_uart.o
    0x02009a64   0x02009a64   0x00000004   PAD
    0x02009a68   0x02009a68   0x00000088   Code   RO          656    .text.wifi_uart_get_mac  zf_device_wifi_uart.o
    0x02009af0   0x02009af0   0x00000096   Code   RO          652    .text.wifi_uart_get_version  zf_device_wifi_uart.o
    0x02009b86   0x02009b86   0x00000002   PAD
    0x02009b88   0x02009b88   0x00000178   Code   RO          640    .text.wifi_uart_init  zf_device_wifi_uart.o
    0x02009d00   0x02009d00   0x00000024   Code   RO          638    .text.wifi_uart_read_buffer  zf_device_wifi_uart.o
    0x02009d24   0x02009d24   0x00000004   PAD
    0x02009d28   0x02009d28   0x00000058   Code   RO          602    .text.wifi_uart_reset  zf_device_wifi_uart.o
    0x02009d80   0x02009d80   0x0000017e   Code   RO          632    .text.wifi_uart_send_buffer  zf_device_wifi_uart.o
    0x02009efe   0x02009efe   0x00000002   PAD
    0x02009f00   0x02009f00   0x0000005c   Code   RO          614    .text.wifi_uart_set_connect_model  zf_device_wifi_uart.o
    0x02009f5c   0x02009f5c   0x00000004   PAD
    0x02009f60   0x02009f60   0x00000078   Code   RO          604    .text.wifi_uart_set_model  zf_device_wifi_uart.o
    0x02009fd8   0x02009fd8   0x0000005c   Code   RO          616    .text.wifi_uart_set_transfer_model  zf_device_wifi_uart.o
    0x0200a034   0x0200a034   0x00000004   PAD
    0x0200a038   0x0200a038   0x000000cc   Code   RO          648    .text.wifi_uart_set_wifi  zf_device_wifi_uart.o
    0x0200a104   0x0200a104   0x00000004   PAD
    0x0200a108   0x0200a108   0x00000100   Code   RO          642    .text.wifi_uart_uart_config_set  zf_device_wifi_uart.o
    0x0200a208   0x0200a208   0x00000092   Code   RO          600    .text.wifi_uart_wait_ack  zf_device_wifi_uart.o
    0x0200a29a   0x0200a29a   0x00000002   PAD
    0x0200a29c   0x0200a29c   0x00000020   Code   RO         2029    i.__0printf         mc_w.l(printfa.o)
    0x0200a2bc   0x0200a2bc   0x00000034   Code   RO         2030    i.__0snprintf       mc_w.l(printfa.o)
    0x0200a2f0   0x0200a2f0   0x00000028   Code   RO         2031    i.__0sprintf        mc_w.l(printfa.o)
    0x0200a318   0x0200a318   0x00000030   Code   RO         2142    i.__ARM_fpclassify  m_wv.l(fpclassify.o)
    0x0200a348   0x0200a348   0x000000b0   Code   RO         1981    i.__hardfp_cos      m_wv.l(cos.o)
    0x0200a3f8   0x0200a3f8   0x000000b0   Code   RO         1987    i.__hardfp_sin      m_wv.l(sin.o)
    0x0200a4a8   0x0200a4a8   0x00000308   Code   RO         2077    i.__ieee754_rem_pio2  m_wv.l(rred.o)
    0x0200a7b0   0x0200a7b0   0x000000c4   Code   RO         2060    i.__kernel_cos      m_wv.l(cos_i.o)
    0x0200a874   0x0200a874   0x00000070   Code   RO         2144    i.__kernel_poly     m_wv.l(poly.o)
    0x0200a8e4   0x0200a8e4   0x00000004   PAD
    0x0200a8e8   0x0200a8e8   0x000000a0   Code   RO         2082    i.__kernel_sin      m_wv.l(sin_i.o)
    0x0200a988   0x0200a988   0x00000018   Code   RO         2066    i.__mathlib_dbl_invalid  m_wv.l(dunder.o)
    0x0200a9a0   0x0200a9a0   0x00000018   Code   RO         2069    i.__mathlib_dbl_underflow  m_wv.l(dunder.o)
    0x0200a9b8   0x0200a9b8   0x0000000c   Code   RO         2103    i.__set_errno       mc_w.l(errno.o)
    0x0200a9c4   0x0200a9c4   0x00000184   Code   RO         2036    i._fp_digits        mc_w.l(printfa.o)
    0x0200ab48   0x0200ab48   0x0000000e   Code   RO         2117    i._is_digit         mc_w.l(scanf_fp.o)
    0x0200ab56   0x0200ab56   0x00000002   PAD
    0x0200ab58   0x0200ab58   0x000006dc   Code   RO         2037    i._printf_core      mc_w.l(printfa.o)
    0x0200b234   0x0200b234   0x00000024   Code   RO         2038    i._printf_post_padding  mc_w.l(printfa.o)
    0x0200b258   0x0200b258   0x0000002e   Code   RO         2039    i._printf_pre_padding  mc_w.l(printfa.o)
    0x0200b286   0x0200b286   0x00000016   Code   RO         2040    i._snputc           mc_w.l(printfa.o)
    0x0200b29c   0x0200b29c   0x0000000a   Code   RO         2041    i._sputc            mc_w.l(printfa.o)
    0x0200b2a6   0x0200b2a6   0x00000018   Code   RO         2138    i.fabs              m_wv.l(fabs.o)
    0x0200b2be   0x0200b2be   0x00000002   PAD
    0x0200b2c0   0x0200b2c0   0x00000030   Data   RO         2061    .constdata          m_wv.l(cos_i.o)
    0x0200b2f0   0x0200b2f0   0x000000cc   Data   RO         2079    .constdata          m_wv.l(rred.o)
    0x0200b3bc   0x0200b3bc   0x00000004   PAD
    0x0200b3c0   0x0200b3c0   0x00000028   Data   RO         2083    .constdata          m_wv.l(sin_i.o)
    0x0200b3e8   0x0200b3e8   0x00000081   Data   RO         2151    .constdata          mc_w.l(ctype_o.o)
    0x0200b469   0x0200b469   0x00000003   PAD
    0x0200b46c   0x0200b46c   0x00000004   Data   RO         2152    .constdata          mc_w.l(ctype_o.o)
    0x0200b470   0x0200b470   0x0000000d   Data   RO         1587    .rodata.g_async_baud  r_sci_b_uart.o
    0x0200b47d   0x0200b47d   0x00000003   PAD
    0x0200b480   0x0200b480   0x0000000c   Data   RO         1932    .rodata.g_bsp_pin_cfg  pin_data.o
    0x0200b48c   0x0200b48c   0x00000388   Data   RO         1931    .rodata.g_bsp_pin_cfg_data  pin_data.o
    0x0200b814   0x0200b814   0x0000001a   Data   RO         1588    .rodata.g_div_coefficient  r_sci_b_uart.o
    0x0200b82e   0x0200b82e   0x000000c0   Data   RO         1939    .rodata.g_interrupt_event_link_select  vector_data.o
    0x0200b8ee   0x0200b8ee   0x00000002   PAD
    0x0200b8f0   0x0200b8f0   0x0000000c   Data   RO         1795    .rodata.g_ioport    common_data.o
    0x0200b8fc   0x0200b8fc   0x00000034   Data   RO         1446    .rodata.g_ioport_on_ioport  r_ioport.o
    0x0200b930   0x0200b930   0x00000008   Data   RO          970    .rodata.g_prcr_masks  bsp_register_protection.o
    0x0200b938   0x0200b938   0x0000000c   Data   RO         1824    .rodata.g_timer0    hal_data.o
    0x0200b944   0x0200b944   0x00000020   Data   RO         1822    .rodata.g_timer0_cfg  hal_data.o
    0x0200b964   0x0200b964   0x00000008   Data   RO         1821    .rodata.g_timer0_extend  hal_data.o
    0x0200b96c   0x0200b96c   0x0000000c   Data   RO         1807    .rodata.g_timer1    hal_data.o
    0x0200b978   0x0200b978   0x00000020   Data   RO         1805    .rodata.g_timer1_cfg  hal_data.o
    0x0200b998   0x0200b998   0x00000008   Data   RO         1804    .rodata.g_timer1_extend  hal_data.o
    0x0200b9a0   0x0200b9a0   0x00000034   Data   RO         1184    .rodata.g_timer_on_agt  r_agt.o
    0x0200b9d4   0x0200b9d4   0x00000034   Data   RO         1397    .rodata.g_timer_on_gpt  r_gpt.o
    0x0200ba08   0x0200ba08   0x0000000c   Data   RO         1820    .rodata.g_uart3     hal_data.o
    0x0200ba14   0x0200ba14   0x00000020   Data   RO         1818    .rodata.g_uart3_cfg  hal_data.o
    0x0200ba34   0x0200ba34   0x00000014   Data   RO         1817    .rodata.g_uart3_cfg_extend  hal_data.o
    0x0200ba48   0x0200ba48   0x0000000c   Data   RO         1915    .rodata.g_uart9     hal_data.o
    0x0200ba54   0x0200ba54   0x00000020   Data   RO         1913    .rodata.g_uart9_cfg  hal_data.o
    0x0200ba74   0x0200ba74   0x00000014   Data   RO         1912    .rodata.g_uart9_cfg_extend  hal_data.o
    0x0200ba88   0x0200ba88   0x00000024   Data   RO         1586    .rodata.g_uart_on_sci_b  r_sci_b_uart.o
    0x0200baac   0x0200baac   0x00000006   Data   RO         1447    .rodata.g_vbatt_pins_input  r_ioport.o
    0x0200bab2   0x0200bab2   0x00000002   PAD
    0x0200bab4   0x0200bab4   0x00000004   Data   RO         1028    .rodata.gp_start_of_nonsecure_callable_flash  bsp_security.o
    0x0200bab8   0x0200bab8   0x00000004   Data   RO         1031    .rodata.gp_start_of_nonsecure_callable_ram  bsp_security.o
    0x0200babc   0x0200babc   0x00000004   Data   RO         1033    .rodata.gp_start_of_nonsecure_data_flash  bsp_security.o
    0x0200bac0   0x0200bac0   0x00000004   Data   RO         1025    .rodata.gp_start_of_nonsecure_dtcm  bsp_security.o
    0x0200bac4   0x0200bac4   0x00000004   Data   RO         1027    .rodata.gp_start_of_nonsecure_flash  bsp_security.o
    0x0200bac8   0x0200bac8   0x00000004   Data   RO         1023    .rodata.gp_start_of_nonsecure_itcm  bsp_security.o
    0x0200bacc   0x0200bacc   0x00000004   Data   RO         1030    .rodata.gp_start_of_nonsecure_ram  bsp_security.o
    0x0200bad0   0x0200bad0   0x00000004   Data   RO         1034    .rodata.gp_start_of_secure_data_flash  bsp_security.o
    0x0200bad4   0x0200bad4   0x00000004   Data   RO         1026    .rodata.gp_start_of_secure_dtcm  bsp_security.o
    0x0200bad8   0x0200bad8   0x00000004   Data   RO         1029    .rodata.gp_start_of_secure_flash  bsp_security.o
    0x0200badc   0x0200badc   0x00000004   Data   RO         1024    .rodata.gp_start_of_secure_itcm  bsp_security.o
    0x0200bae0   0x0200bae0   0x00000004   Data   RO         1032    .rodata.gp_start_of_secure_ram  bsp_security.o
    0x0200bae4   0x0200bae4   0x0000000c   Data   RO         1892    .rodata.motor_timer2  hal_data.o
    0x0200baf0   0x0200baf0   0x00000020   Data   RO         1890    .rodata.motor_timer2_cfg  hal_data.o
    0x0200bb10   0x0200bb10   0x0000003c   Data   RO         1889    .rodata.motor_timer2_extend  hal_data.o
    0x0200bb4c   0x0200bb4c   0x0000000c   Data   RO         1884    .rodata.motor_timer5  hal_data.o
    0x0200bb58   0x0200bb58   0x00000020   Data   RO         1882    .rodata.motor_timer5_cfg  hal_data.o
    0x0200bb78   0x0200bb78   0x0000003c   Data   RO         1881    .rodata.motor_timer5_extend  hal_data.o
    0x0200bbb4   0x0200bbb4   0x0000122f   Data   RO          106    .rodata.str1.1      hal_entry_1.o
    0x0200cde3   0x0200cde3   0x000004c1   Data   RO          182    .rodata.str1.1      tcp_uart_1.o
    0x0200d2a4   0x0200d2a4   0x0000010d   Data   RO          662    .rodata.str1.1      zf_device_wifi_uart.o
    0x0200d3b1   0x0200d3b1   0x00000003   PAD
    0x0200d3b4   0x0200d3b4   0x0000000c   Data   RO         1851    .rodata.wifi_uart4  hal_data.o
    0x0200d3c0   0x0200d3c0   0x00000020   Data   RO         1849    .rodata.wifi_uart4_cfg  hal_data.o
    0x0200d3e0   0x0200d3e0   0x00000014   Data   RO         1848    .rodata.wifi_uart4_cfg_extend  hal_data.o
    0x0200d3f4   0x0200d3f4   0x00000004   Data   RO          912    .version            bsp_common.o
    0x0200d3f8   0x0200d3f8   0x00000006   Data   RO          913    .version            bsp_common.o
    0x0200d3fe   0x0200d3fe   0x00000044   Data   RO          914    .version            bsp_common.o


    Execution Region __tz_DTCM_S (Exec base: 0x20000000, Load base: 0x0200dd80, Size: 0x00000000, Max: 0x00000000, ABSOLUTE)

    Exec Addr    Load Addr    Size         Type   Attr      Idx    E Section Name        Object

    0x20000000        -       0x00000000   Zero   RW           12    __tz_DTCM_S.bss     anon$$obj.o


    Execution Region DTCM_DATA (Exec base: 0x20000000, Load base: 0x0200dd80, Size: 0x00000000, Max: 0x00010000, ABSOLUTE)

    **** No section assigned to this execution region ****


    Execution Region DTCM_PAD (Exec base: 0x20000000, Load base: 0x0200dd80, Size: 0x00000000, Max: 0x00000000, ABSOLUTE)

    Exec Addr    Load Addr    Size         Type   Attr      Idx    E Section Name        Object

    0x20000000        -       0x00000000   Zero   RW           13    DTCM_PAD.bss        anon$$obj.o


    Execution Region DTCM_BSS (Exec base: 0x20000000, Load base: 0x0200dd80, Size: 0x00000000, Max: 0x00010000, ABSOLUTE, UNINIT)

    **** No section assigned to this execution region ****


    Execution Region DTCM_BSS_PAD (Exec base: 0x20000000, Load base: 0x0200dd80, Size: 0x00000000, Max: 0x00000000, ABSOLUTE)

    Exec Addr    Load Addr    Size         Type   Attr      Idx    E Section Name        Object

    0x20000000        -       0x00000000   Zero   RW           14    DTCM_BSS_PAD.bss    anon$$obj.o


    Execution Region __tz_DTCM_N (Exec base: 0x20000000, Load base: 0x0200dd80, Size: 0x00000000, Max: 0x00000000, ABSOLUTE)

    Exec Addr    Load Addr    Size         Type   Attr      Idx    E Section Name        Object

    0x20000000        -       0x00000000   Zero   RW           15    __tz_DTCM_N.bss     anon$$obj.o


    Execution Region __tz_RAM_S (Exec base: 0x22000000, Load base: 0x0200d444, Size: 0x00000000, Max: 0x00000000, ABSOLUTE)

    Exec Addr    Load Addr    Size         Type   Attr      Idx    E Section Name        Object

    0x22000000        -       0x00000000   Zero   RW            2    __tz_RAM_S.bss      anon$$obj.o


    Execution Region DTC_VECTOR_TABLE (Exec base: 0x22000000, Load base: 0x0200d444, Size: 0x00000000, Max: 0x000e0000, ABSOLUTE, UNINIT)

    **** No section assigned to this execution region ****


    Execution Region DATA (Exec base: 0x22000000, Load base: 0x0200d800, Size: 0x00000580, Max: 0xffffffff, ABSOLUTE)

    Exec Addr    Load Addr    Size         Type   Attr      Idx    E Section Name        Object

    0x22000000   0x0200d800   0x00000004   Data   RW         2085    .data               mc_w.l(stdout.o)
    0x22000004   0x0200d804   0x00000004   Data   RW         2104    .data               mc_w.l(errno.o)
    0x22000008   0x0200d808   0x00000004   Data   RW          113    .data.CMD_FORWARD   hal_entry_1.o
    0x2200000c   0x0200d80c   0x00000004   Data   RW          114    .data.CMD_MOVE_STEPS  hal_entry_1.o
    0x22000010   0x0200d810   0x00000004   Data   RW          112    .data.CMD_TURN_BACK  hal_entry_1.o
    0x22000014   0x0200d814   0x00000004   Data   RW          110    .data.CMD_TURN_LEFT  hal_entry_1.o
    0x22000018   0x0200d818   0x00000004   Data   RW          111    .data.CMD_TURN_RIGHT  hal_entry_1.o
    0x2200001c   0x0200d81c   0x00000004   Data   RW          123    .data.angle_correction  hal_entry_1.o
    0x22000020   0x0200d820   0x00000004   Data   RW          124    .data.angle_correction2  hal_entry_1.o
    0x22000024   0x0200d824   0x00000010   Data   RW          107    .data.direction_names  hal_entry_1.o
    0x22000034   0x0200d834   0x00000004   Data   RW         1816    .data.g_uart3_baud_setting  hal_data.o
    0x22000038   0x0200d838   0x00000004   Data   RW         1911    .data.g_uart9_baud_setting  hal_data.o
    0x2200003c   0x0200d83c   0x00000001   Data   RW          118    .data.motor1_state  hal_entry_1.o
    0x2200003d   0x0200d83d   0x00000001   Data   RW          119    .data.motor2_state  hal_entry_1.o
    0x2200003e   0x0200d83e   0x00000001   Data   RW          115    .data.stepper1_dir  hal_entry_1.o
    0x2200003f   0x0200d83f   0x00000001   Data   RW          116    .data.stepper2_dir  hal_entry_1.o
    0x22000040   0x0200d840   0x00000004   Data   RW          117    .data.stepper_speed  hal_entry_1.o
    0x22000044   0x0200d844   0x00000004   Data   RW         1847    .data.wifi_uart4_baud_setting  hal_data.o
    0x22000048   0x0200d848   0x000003b8   PAD
    0x22000400   0x0200dc00   0x00000180   Data   RW         1294    .fsp_dtc_vector_table  r_dtc.o


    Execution Region BSS (Exec base: 0x22000580, Load base: 0x0200dd80, Size: 0x0000222c, Max: 0xffffffff, ABSOLUTE)

    Exec Addr    Load Addr    Size         Type   Attr      Idx    E Section Name        Object

    0x22000580        -       0x00000004   Zero   RW          848    .bss.SystemCoreClock  system.o
    0x22000584        -       0x00000020   Zero   RW          134    .bss.anchor1_data   hal_entry_1.o
    0x220005a4        -       0x00000020   Zero   RW          135    .bss.anchor2_data   hal_entry_1.o
    0x220005c4        -       0x00000001   Zero   RW          131    .bss.anchor_count   hal_entry_1.o
    0x220005c5   0x0200dd80   0x00000003   PAD
    0x220005c8        -       0x00000020   Zero   RW          151    .bss.anchor_ids     hal_entry_1.o
    0x220005e8        -       0x00000001   Zero   RW          120    .bss.car_control_busy  hal_entry_1.o
    0x220005e9   0x0200dd80   0x00000003   PAD
    0x220005ec        -       0x0000000c   Zero   RW          108    .bss.car_state      hal_entry_1.o
    0x220005f8        -       0x00000001   Zero   RW          109    .bss.car_state_dir  hal_entry_1.o
    0x220005f9   0x0200dd80   0x00000001   PAD
    0x220005fa        -       0x00000002   Zero   RW          144    .bss.car_x_pos      hal_entry_1.o
    0x220005fc        -       0x00000002   Zero   RW          138    .bss.car_x_pos_filtered  hal_entry_1.o
    0x220005fe        -       0x00000002   Zero   RW          145    .bss.car_y_pos      hal_entry_1.o
    0x22000600        -       0x00000002   Zero   RW          139    .bss.car_y_pos_filtered  hal_entry_1.o
    0x22000602        -       0x00000001   Zero   RW          136    .bss.dual_anchor_print_ready  hal_entry_1.o
    0x22000603        -       0x00000001   Zero   RW          141    .bss.ff_count       hal_entry_1.o
    0x22000604        -       0x00000001   Zero   RW          130    .bss.frame_in_progress  hal_entry_1.o
    0x22000605   0x0200dd80   0x00000003   PAD
    0x22000608        -       0x00000040   Zero   RW          939    .bss.g_bsp_group_irq_sources  bsp_group_irq.o
    0x22000648        -       0x00000008   Zero   RW         1794    .bss.g_ioport_ctrl  common_data.o
    0x22000650        -       0x00000008   Zero   RW          969    .bss.g_protect_counters  bsp_register_protection.o
    0x22000658        -       0x00000004   Zero   RW          948    .bss.g_protect_pfswe_counter  bsp_io.o
    0x2200065c        -       0x00000020   Zero   RW         1823    .bss.g_timer0_ctrl  hal_data.o
    0x2200067c        -       0x00000020   Zero   RW         1806    .bss.g_timer1_ctrl  hal_data.o
    0x2200069c        -       0x00000030   Zero   RW         1819    .bss.g_uart3_ctrl   hal_data.o
    0x220006cc        -       0x00000030   Zero   RW         1914    .bss.g_uart9_ctrl   hal_data.o
    0x220006fc        -       0x00000008   Zero   RW         1185    .bss.gp_prv_agt_periods  r_agt.o
    0x22000704        -       0x00000180   Zero   RW          957    .bss.gp_renesas_isr_context  bsp_irq.o
    0x22000884        -       0x00000004   Zero   RW          152    .bss.hal_entry.last_check_time  hal_entry_1.o
    0x22000888        -       0x00000004   Zero   RW          154    .bss.hal_entry.uwb_frame_count  hal_entry_1.o
    0x2200088c        -       0x00000004   Zero   RW          153    .bss.hal_entry.uwb_recv_count  hal_entry_1.o
    0x22000890        -       0x00000001   Zero   RW          133    .bss.is_multi_anchor  hal_entry_1.o
    0x22000891   0x0200dd80   0x00000003   PAD
    0x22000894        -       0x00000004   Zero   RW          132    .bss.last_anchor_id  hal_entry_1.o
    0x22000898        -       0x00000004   Zero   RW          137    .bss.last_dual_print_time  hal_entry_1.o
    0x2200089c        -       0x00000004   Zero   RW          184    .bss.last_heartbeat_time  tcp_uart_1.o
    0x220008a0        -       0x00000004   Zero   RW          125    .bss.last_position_report_time  hal_entry_1.o
    0x220008a4        -       0x00000004   Zero   RW          187    .bss.last_print_time  tcp_uart_1.o
    0x220008a8        -       0x00000004   Zero   RW          143    .bss.last_uwb_print_time  hal_entry_1.o
    0x220008ac        -       0x00000400   Zero   RW          186    .bss.message_buffer  tcp_uart_1.o
    0x22000cac        -       0x00000020   Zero   RW         1891    .bss.motor_timer2_ctrl  hal_data.o
    0x22000ccc        -       0x00000020   Zero   RW         1883    .bss.motor_timer5_ctrl  hal_data.o
    0x22000cec        -       0x00000001   Zero   RW          185    .bss.new_message_flag  tcp_uart_1.o
    0x22000ced        -       0x00000001   Zero   RW          149    .bss.pos_filter_initialized  hal_entry_1.o
    0x22000cee        -       0x00000001   Zero   RW          148    .bss.pos_history_index  hal_entry_1.o
    0x22000cef   0x0200dd80   0x00000001   PAD
    0x22000cf0        -       0x0000000a   Zero   RW          146    .bss.pos_x_history  hal_entry_1.o
    0x22000cfa        -       0x0000000a   Zero   RW          147    .bss.pos_y_history  hal_entry_1.o
    0x22000d04        -       0x00000001   Zero   RW          126    .bss.position_update_counter  hal_entry_1.o
    0x22000d05   0x0200dd80   0x00000003   PAD
    0x22000d08        -       0x00000004   Zero   RW          122    .bss.pulse_period   hal_entry_1.o
    0x22000d0c        -       0x00000400   Zero   RW          183    .bss.receive_buffer  tcp_uart_1.o
    0x2200110c        -       0x00000004   Zero   RW          128    .bss.system_time    hal_entry_1.o
    0x22001110        -       0x00000001   Zero   RW          181    .bss.tcp_connected  tcp_uart_1.o
    0x22001111        -       0x00000400   Zero   RW          155    .bss.tcp_message_buffer  hal_entry_1.o
    0x22001511        -       0x00000400   Zero   RW          157    .bss.uart3_frame_buf  hal_entry_1.o
    0x22001911   0x0200dd80   0x00000001   PAD
    0x22001912        -       0x00000002   Zero   RW          140    .bss.uart3_frame_len  hal_entry_1.o
    0x22001914        -       0x00000100   Zero   RW          514    .bss.uart3_rx_buf   zf_driver_uart.o
    0x22001a14        -       0x00000002   Zero   RW          512    .bss.uart3_rx_head  zf_driver_uart.o
    0x22001a16        -       0x00000002   Zero   RW          513    .bss.uart3_rx_tail  zf_driver_uart.o
    0x22001a18        -       0x00000001   Zero   RW          515    .bss.uart3_send_complete_flag  zf_driver_uart.o
    0x22001a19        -       0x00000400   Zero   RW          156    .bss.uart9_frame_buf  hal_entry_1.o
    0x22001e19   0x0200dd80   0x00000001   PAD
    0x22001e1a        -       0x00000002   Zero   RW          129    .bss.uart9_frame_len  hal_entry_1.o
    0x22001e1c        -       0x00000080   Zero   RW          299    .bss.uart9_rx_buf   zf_common_debug.o
    0x22001e9c        -       0x00000002   Zero   RW          297    .bss.uart9_rx_head  zf_common_debug.o
    0x22001e9e        -       0x00000002   Zero   RW          298    .bss.uart9_rx_tail  zf_common_debug.o
    0x22001ea0        -       0x00000001   Zero   RW          300    .bss.uart_send_complete_flag  zf_common_debug.o
    0x22001ea1        -       0x00000001   Zero   RW          661    .bss.uart_send_complete_flag  zf_device_wifi_uart.o
    0x22001ea2   0x0200dd80   0x00000002   PAD
    0x22001ea4        -       0x00000028   Zero   RW          150    .bss.uwb_frame      hal_entry_1.o
    0x22001ecc        -       0x00000001   Zero   RW          142    .bss.uwb_frame_started  hal_entry_1.o
    0x22001ecd        -       0x00000001   Zero   RW          127    .bss.waiting_for_position_update  hal_entry_1.o
    0x22001ece   0x0200dd80   0x00000002   PAD
    0x22001ed0        -       0x00000030   Zero   RW         1850    .bss.wifi_uart4_ctrl  hal_data.o
    0x22001f00        -       0x00000800   Zero   RW          664    .bss.wifi_uart_buffer  zf_device_wifi_uart.o
    0x22002700        -       0x00000018   Zero   RW          660    .bss.wifi_uart_fifo  zf_device_wifi_uart.o
    0x22002718        -       0x00000094   Zero   RW          663    .bss.wifi_uart_information  zf_device_wifi_uart.o


    Execution Region NOINIT (Exec base: 0x220027ac, Load base: 0x0200dd80, Size: 0x0000002c, Max: 0xffffffff, ABSOLUTE, UNINIT)

    Exec Addr    Load Addr    Size         Type   Attr      Idx    E Section Name        Object

    0x220027ac        -       0x0000002c   Zero   RW          898    .bss.noinit         bsp_clocks.o


    Execution Region NOCACHE (Exec base: 0x220027e0, Load base: 0x0200dd80, Size: 0x00000000, Max: 0xffffffff, ABSOLUTE, UNINIT)

    **** No section assigned to this execution region ****


    Execution Region NOCACHE_PAD (Exec base: 0x220027e0, Load base: 0x0200dd80, Size: 0x00000000, Max: 0x00000000, ABSOLUTE)

    Exec Addr    Load Addr    Size         Type   Attr      Idx    E Section Name        Object

    0x220027e0        -       0x00000000   Zero   RW            3    NOCACHE_PAD.bss     anon$$obj.o


    Execution Region ARM_LIB_HEAP (Exec base: 0x220027e0, Load base: 0x0200dd80, Size: 0x00002000, Max: 0xffffffff, ABSOLUTE, UNINIT)

    Exec Addr    Load Addr    Size         Type   Attr      Idx    E Section Name        Object

    0x220027e0        -       0x00002000   Zero   RW          828    .bss.heap           startup.o


    Execution Region ARM_LIB_STACK (Exec base: 0x220047e0, Load base: 0x0200dd80, Size: 0x00000000, Max: 0x00000000, ABSOLUTE, UNINIT)

    Exec Addr    Load Addr    Size         Type   Attr      Idx    E Section Name        Object

    0x220047e0        -       0x00000000   Zero   RW            4    ARM_LIB_STACK.bss   anon$$obj.o


    Execution Region STACK (Exec base: 0x220047e0, Load base: 0x0200dd80, Size: 0x00010000, Max: 0xffffffff, ABSOLUTE, UNINIT)

    Exec Addr    Load Addr    Size         Type   Attr      Idx    E Section Name        Object

    0x220047e0        -       0x00010000   Zero   RW          826    .bss.stack          startup.o


    Execution Region RAM_END (Exec base: 0x220147e0, Load base: 0x0200dd80, Size: 0x00000004, Max: 0x00000004, ABSOLUTE)

    Exec Addr    Load Addr    Size         Type   Attr      Idx    E Section Name        Object

    0x220147e0        -       0x00000004   Zero   RW            5    RAM_END.bss         anon$$obj.o


    Execution Region __RAM_NSC_START (Exec base: 0x220e0000, Load base: 0x0200dd80, Size: 0x00000000, Max: 0x00000000, ABSOLUTE)

    Exec Addr    Load Addr    Size         Type   Attr      Idx    E Section Name        Object

    0x220e0000        -       0x00000000   Zero   RW            6    __RAM_NSC_START.bss  anon$$obj.o


    Execution Region __tz_RAM_N (Exec base: 0x220e0000, Load base: 0x0200dd80, Size: 0x00000000, Max: 0x00000000, ABSOLUTE)

    Exec Addr    Load Addr    Size         Type   Attr      Idx    E Section Name        Object

    0x220e0000        -       0x00000000   Zero   RW            7    __tz_RAM_N.bss      anon$$obj.o


    Execution Region RAM_LIMIT (Exec base: 0x220e0000, Load base: 0x0200dd80, Size: 0x00000004, Max: 0x00000004, ABSOLUTE)

    Exec Addr    Load Addr    Size         Type   Attr      Idx    E Section Name        Object

    0x220e0000        -       0x00000004   Zero   RW            8    RAM_LIMIT.bss       anon$$obj.o


    Execution Region OSPI_DEVICE_0_NO_LOAD (Exec base: 0x80000000, Load base: 0x0200dd80, Size: 0x00000000, Max: 0xffffffff, ABSOLUTE, UNINIT)

    **** No section assigned to this execution region ****


    Execution Region OSPI_DEVICE_1_NO_LOAD (Exec base: 0x90000000, Load base: 0x0200dd80, Size: 0x00000000, Max: 0xffffffff, ABSOLUTE, UNINIT)

    **** No section assigned to this execution region ****



  Load Region LOAD_REGION_NSC_FLASH (Base: 0x02022000, Size: 0x00000000, Max: 0xffffffff, ABSOLUTE)

    Execution Region __FLASH_NSC_START (Exec base: 0x02022000, Load base: 0x02022000, Size: 0x00000000, Max: 0x00000000, ABSOLUTE)

    Exec Addr    Load Addr    Size         Type   Attr      Idx    E Section Name        Object

    0x02022000        -       0x00000000   Zero   RW           16    __FLASH_NSC_START.bss  anon$$obj.o


    Execution Region EXEC_NSCR (Exec base: 0x02022000, Load base: 0x02022000, Size: 0x00000000, Max: 0xffffffff, ABSOLUTE, FIXED)

    **** No section assigned to this execution region ****


    Execution Region __tz_FLASH_N (Exec base: 0x02028000, Load base: 0x02022000, Size: 0x00000000, Max: 0x00000000, ABSOLUTE)

    Exec Addr    Load Addr    Size         Type   Attr      Idx    E Section Name        Object

    0x02028000        -       0x00000000   Zero   RW           17    __tz_FLASH_N.bss    anon$$obj.o



  Load Region LOAD_REGION_ID_CODE (Base: 0x00000000, Size: 0x00000000, Max: 0x00000004, ABSOLUTE)

    Execution Region __tz_ID_CODE_S (Exec base: 0x00000000, Load base: 0x00000000, Size: 0x00000000, Max: 0x00000000, ABSOLUTE)

    Exec Addr    Load Addr    Size         Type   Attr      Idx    E Section Name        Object

    0x00000000        -       0x00000000   Zero   RW           18    __tz_ID_CODE_S.bss  anon$$obj.o


    Execution Region __tz_ID_CODE_N (Exec base: 0x00000000, Load base: 0x00000000, Size: 0x00000000, Max: 0x00000000, ABSOLUTE)

    Exec Addr    Load Addr    Size         Type   Attr      Idx    E Section Name        Object

    0x00000000        -       0x00000000   Zero   RW           19    __tz_ID_CODE_N.bss  anon$$obj.o



  Load Region LOAD_REGION_OPTION_SETTING (Base: 0x0300a100, Size: 0x00000080, Max: 0x00000100, ABSOLUTE)

    Execution Region __tz_OPTION_SETTING_S (Exec base: 0x0300a100, Load base: 0x0300a100, Size: 0x00000000, Max: 0x00000000, ABSOLUTE)

    Exec Addr    Load Addr    Size         Type   Attr      Idx    E Section Name        Object

    0x0300a100        -       0x00000000   Zero   RW           20    __tz_OPTION_SETTING_S.bss  anon$$obj.o


    Execution Region OFS0 (Exec base: 0x0300a100, Load base: 0x0300a100, Size: 0x00000004, Max: 0xffffffff, ABSOLUTE, FIXED)

    Exec Addr    Load Addr    Size         Type   Attr      Idx    E Section Name        Object

    0x0300a100   0x0300a100   0x00000004   Data   RO          978    .option_setting_ofs0  bsp_rom_registers.o


    Execution Region UNUSED_0 (Exec base: 0x0300a104, Load base: 0x0300a104, Size: 0x00000000, Max: 0x00000000, ABSOLUTE, FIXED)

    Exec Addr    Load Addr    Size         Type   Attr      Idx    E Section Name        Object

    0x0300a104        -       0x00000000   Zero   RW           21    UNUSED_0.bss        anon$$obj.o


    Execution Region OFS2 (Exec base: 0x0300a104, Load base: 0x0300a104, Size: 0x00000004, Max: 0xffffffff, ABSOLUTE, FIXED)

    Exec Addr    Load Addr    Size         Type   Attr      Idx    E Section Name        Object

    0x0300a104   0x0300a104   0x00000004   Data   RO          979    .option_setting_ofs2  bsp_rom_registers.o


    Execution Region UNUSED_1 (Exec base: 0x0300a108, Load base: 0x0300a108, Size: 0x00000008, Max: 0x00000008, ABSOLUTE, FIXED)

    Exec Addr    Load Addr    Size         Type   Attr      Idx    E Section Name        Object

    0x0300a108        -       0x00000008   Zero   RW           22    UNUSED_1.bss        anon$$obj.o


    Execution Region DUALSEL (Exec base: 0x0300a110, Load base: 0x0300a110, Size: 0x00000004, Max: 0xffffffff, ABSOLUTE, FIXED)

    Exec Addr    Load Addr    Size         Type   Attr      Idx    E Section Name        Object

    0x0300a110   0x0300a110   0x00000004   Data   RO          980    .option_setting_dualsel  bsp_rom_registers.o


    Execution Region UNUSED_2 (Exec base: 0x0300a114, Load base: 0x0300a114, Size: 0x00000020, Max: 0x00000020, ABSOLUTE, FIXED)

    Exec Addr    Load Addr    Size         Type   Attr      Idx    E Section Name        Object

    0x0300a114        -       0x00000020   Zero   RW           23    UNUSED_2.bss        anon$$obj.o


    Execution Region SAS (Exec base: 0x0300a134, Load base: 0x0300a134, Size: 0x00000004, Max: 0xffffffff, ABSOLUTE, FIXED)

    Exec Addr    Load Addr    Size         Type   Attr      Idx    E Section Name        Object

    0x0300a134   0x0300a134   0x00000004   Data   RO          981    .option_setting_sas  bsp_rom_registers.o


    Execution Region UNUSED_3 (Exec base: 0x0300a138, Load base: 0x0300a138, Size: 0x00000048, Max: 0x00000048, ABSOLUTE, FIXED)

    Exec Addr    Load Addr    Size         Type   Attr      Idx    E Section Name        Object

    0x0300a138        -       0x00000048   Zero   RW           24    UNUSED_3.bss        anon$$obj.o


    Execution Region __tz_OPTION_SETTING_N (Exec base: 0x0300a180, Load base: 0x0300a180, Size: 0x00000000, Max: 0x00000000, ABSOLUTE)

    Exec Addr    Load Addr    Size         Type   Attr      Idx    E Section Name        Object

    0x0300a180        -       0x00000000   Zero   RW           25    __tz_OPTION_SETTING_N.bss  anon$$obj.o



  Load Region LOAD_REGION_OPTION_SETTING_S (Base: 0x0300a200, Size: 0x00000100, Max: 0x00000100, ABSOLUTE)

    Execution Region __tz_OPTION_SETTING_S_S (Exec base: 0x0300a200, Load base: 0x0300a200, Size: 0x00000000, Max: 0x00000000, ABSOLUTE)

    Exec Addr    Load Addr    Size         Type   Attr      Idx    E Section Name        Object

    0x0300a200        -       0x00000000   Zero   RW           26    __tz_OPTION_SETTING_S_S.bss  anon$$obj.o


    Execution Region OFS1_SEC (Exec base: 0x0300a200, Load base: 0x0300a200, Size: 0x00000004, Max: 0xffffffff, ABSOLUTE, FIXED)

    Exec Addr    Load Addr    Size         Type   Attr      Idx    E Section Name        Object

    0x0300a200   0x0300a200   0x00000004   Data   RO          982    .option_setting_ofs1_sec  bsp_rom_registers.o


    Execution Region UNUSED_7 (Exec base: 0x0300a204, Load base: 0x0300a204, Size: 0x00000000, Max: 0x00000000, ABSOLUTE, FIXED)

    Exec Addr    Load Addr    Size         Type   Attr      Idx    E Section Name        Object

    0x0300a204        -       0x00000000   Zero   RW           27    UNUSED_7.bss        anon$$obj.o


    Execution Region OFS3_SEC (Exec base: 0x0300a204, Load base: 0x0300a204, Size: 0x00000000, Max: 0xffffffff, ABSOLUTE, FIXED)

    **** No section assigned to this execution region ****


    Execution Region UNUSED_8 (Exec base: 0x0300a204, Load base: 0x0300a204, Size: 0x0000000c, Max: 0x0000000c, ABSOLUTE, FIXED)

    Exec Addr    Load Addr    Size         Type   Attr      Idx    E Section Name        Object

    0x0300a204        -       0x0000000c   Zero   RW           28    UNUSED_8.bss        anon$$obj.o


    Execution Region BANKSEL_SEC (Exec base: 0x0300a210, Load base: 0x0300a210, Size: 0x00000004, Max: 0xffffffff, ABSOLUTE, FIXED)

    Exec Addr    Load Addr    Size         Type   Attr      Idx    E Section Name        Object

    0x0300a210   0x0300a210   0x00000004   Data   RO          983    .option_setting_banksel_sec  bsp_rom_registers.o


    Execution Region UNUSED_9 (Exec base: 0x0300a214, Load base: 0x0300a214, Size: 0x0000002c, Max: 0x0000002c, ABSOLUTE, FIXED)

    Exec Addr    Load Addr    Size         Type   Attr      Idx    E Section Name        Object

    0x0300a214        -       0x0000002c   Zero   RW           29    UNUSED_9.bss        anon$$obj.o


    Execution Region BPS_SEC (Exec base: 0x0300a240, Load base: 0x0300a240, Size: 0x00000010, Max: 0xffffffff, ABSOLUTE, FIXED)

    Exec Addr    Load Addr    Size         Type   Attr      Idx    E Section Name        Object

    0x0300a240   0x0300a240   0x00000004   Data   RO          984    .option_setting_bps_sec0  bsp_rom_registers.o
    0x0300a244   0x0300a244   0x00000004   Data   RO          985    .option_setting_bps_sec1  bsp_rom_registers.o
    0x0300a248   0x0300a248   0x00000004   Data   RO          986    .option_setting_bps_sec2  bsp_rom_registers.o
    0x0300a24c   0x0300a24c   0x00000004   Data   RO          987    .option_setting_bps_sec3  bsp_rom_registers.o


    Execution Region UNUSED_10 (Exec base: 0x0300a250, Load base: 0x0300a250, Size: 0x00000010, Max: 0x00000010, ABSOLUTE, FIXED)

    Exec Addr    Load Addr    Size         Type   Attr      Idx    E Section Name        Object

    0x0300a250        -       0x00000010   Zero   RW           30    UNUSED_10.bss       anon$$obj.o


    Execution Region PBPS_SEC (Exec base: 0x0300a260, Load base: 0x0300a260, Size: 0x00000010, Max: 0xffffffff, ABSOLUTE, FIXED)

    Exec Addr    Load Addr    Size         Type   Attr      Idx    E Section Name        Object

    0x0300a260   0x0300a260   0x00000004   Data   RO          988    .option_setting_pbps_sec0  bsp_rom_registers.o
    0x0300a264   0x0300a264   0x00000004   Data   RO          989    .option_setting_pbps_sec1  bsp_rom_registers.o
    0x0300a268   0x0300a268   0x00000004   Data   RO          990    .option_setting_pbps_sec2  bsp_rom_registers.o
    0x0300a26c   0x0300a26c   0x00000004   Data   RO          991    .option_setting_pbps_sec3  bsp_rom_registers.o


    Execution Region UNUSED_11 (Exec base: 0x0300a270, Load base: 0x0300a270, Size: 0x00000010, Max: 0x00000010, ABSOLUTE, FIXED)

    Exec Addr    Load Addr    Size         Type   Attr      Idx    E Section Name        Object

    0x0300a270        -       0x00000010   Zero   RW           31    UNUSED_11.bss       anon$$obj.o


    Execution Region OFS1_SEL (Exec base: 0x0300a280, Load base: 0x0300a280, Size: 0x00000004, Max: 0xffffffff, ABSOLUTE, FIXED)

    Exec Addr    Load Addr    Size         Type   Attr      Idx    E Section Name        Object

    0x0300a280   0x0300a280   0x00000004   Data   RO          992    .option_setting_ofs1_sel  bsp_rom_registers.o


    Execution Region UNUSED_12 (Exec base: 0x0300a284, Load base: 0x0300a284, Size: 0x00000000, Max: 0x00000000, ABSOLUTE, FIXED)

    Exec Addr    Load Addr    Size         Type   Attr      Idx    E Section Name        Object

    0x0300a284        -       0x00000000   Zero   RW           32    UNUSED_12.bss       anon$$obj.o


    Execution Region OFS3_SEL (Exec base: 0x0300a284, Load base: 0x0300a284, Size: 0x00000000, Max: 0xffffffff, ABSOLUTE, FIXED)

    **** No section assigned to this execution region ****


    Execution Region UNUSED_13 (Exec base: 0x0300a284, Load base: 0x0300a284, Size: 0x0000000c, Max: 0x0000000c, ABSOLUTE, FIXED)

    Exec Addr    Load Addr    Size         Type   Attr      Idx    E Section Name        Object

    0x0300a284        -       0x0000000c   Zero   RW           33    UNUSED_13.bss       anon$$obj.o


    Execution Region BANKSEL_SEL (Exec base: 0x0300a290, Load base: 0x0300a290, Size: 0x00000004, Max: 0xffffffff, ABSOLUTE, FIXED)

    Exec Addr    Load Addr    Size         Type   Attr      Idx    E Section Name        Object

    0x0300a290   0x0300a290   0x00000004   Data   RO          993    .option_setting_banksel_sel  bsp_rom_registers.o


    Execution Region UNUSED_14 (Exec base: 0x0300a294, Load base: 0x0300a294, Size: 0x0000002c, Max: 0x0000002c, ABSOLUTE, FIXED)

    Exec Addr    Load Addr    Size         Type   Attr      Idx    E Section Name        Object

    0x0300a294        -       0x0000002c   Zero   RW           34    UNUSED_14.bss       anon$$obj.o


    Execution Region BPS_SEL (Exec base: 0x0300a2c0, Load base: 0x0300a2c0, Size: 0x00000010, Max: 0xffffffff, ABSOLUTE, FIXED)

    Exec Addr    Load Addr    Size         Type   Attr      Idx    E Section Name        Object

    0x0300a2c0   0x0300a2c0   0x00000004   Data   RO          994    .option_setting_bps_sel0  bsp_rom_registers.o
    0x0300a2c4   0x0300a2c4   0x00000004   Data   RO          995    .option_setting_bps_sel1  bsp_rom_registers.o
    0x0300a2c8   0x0300a2c8   0x00000004   Data   RO          996    .option_setting_bps_sel2  bsp_rom_registers.o
    0x0300a2cc   0x0300a2cc   0x00000004   Data   RO          997    .option_setting_bps_sel3  bsp_rom_registers.o


    Execution Region UNUSED_15 (Exec base: 0x0300a2d0, Load base: 0x0300a2d0, Size: 0x00000030, Max: 0x00000030, ABSOLUTE, FIXED)

    Exec Addr    Load Addr    Size         Type   Attr      Idx    E Section Name        Object

    0x0300a2d0        -       0x00000030   Zero   RW           35    UNUSED_15.bss       anon$$obj.o


    Execution Region __tz_OPTION_SETTING_S_N (Exec base: 0x0300a300, Load base: 0x0300a300, Size: 0x00000000, Max: 0x00000000, ABSOLUTE)

    Exec Addr    Load Addr    Size         Type   Attr      Idx    E Section Name        Object

    0x0300a300        -       0x00000000   Zero   RW           36    __tz_OPTION_SETTING_S_N.bss  anon$$obj.o



  Load Region LOAD_REGION_OPTION_SETTING_DATA_FLASH_S (Base: 0x27030080, Size: 0x00000300, Max: 0x00000800, ABSOLUTE)

    Execution Region __tz_OPTION_SETTING_DATA_FLASH_S_S (Exec base: 0x27030080, Load base: 0x27030080, Size: 0x00000000, Max: 0x00000000, ABSOLUTE)

    Exec Addr    Load Addr    Size         Type   Attr      Idx    E Section Name        Object

    0x27030080        -       0x00000000   Zero   RW           37    __tz_OPTION_SETTING_DATA_FLASH_S_S.bss  anon$$obj.o


    Execution Region FSBLCTRL0 (Exec base: 0x27030080, Load base: 0x27030080, Size: 0x00000004, Max: 0xffffffff, ABSOLUTE, FIXED)

    Exec Addr    Load Addr    Size         Type   Attr      Idx    E Section Name        Object

    0x27030080   0x27030080   0x00000004   Data   RO          998    .option_setting_data_flash_fsblctrl0  bsp_rom_registers.o


    Execution Region UNUSED_16 (Exec base: 0x27030084, Load base: 0x27030084, Size: 0x00000000, Max: 0x00000000, ABSOLUTE, FIXED)

    Exec Addr    Load Addr    Size         Type   Attr      Idx    E Section Name        Object

    0x27030084        -       0x00000000   Zero   RW           38    UNUSED_16.bss       anon$$obj.o


    Execution Region FSBLCTRL1 (Exec base: 0x27030084, Load base: 0x27030084, Size: 0x00000004, Max: 0xffffffff, ABSOLUTE, FIXED)

    Exec Addr    Load Addr    Size         Type   Attr      Idx    E Section Name        Object

    0x27030084   0x27030084   0x00000004   Data   RO          999    .option_setting_data_flash_fsblctrl1  bsp_rom_registers.o


    Execution Region UNUSED_17 (Exec base: 0x27030088, Load base: 0x27030088, Size: 0x00000000, Max: 0x00000000, ABSOLUTE, FIXED)

    Exec Addr    Load Addr    Size         Type   Attr      Idx    E Section Name        Object

    0x27030088        -       0x00000000   Zero   RW           39    UNUSED_17.bss       anon$$obj.o


    Execution Region FSBLCTRL2 (Exec base: 0x27030088, Load base: 0x27030088, Size: 0x00000004, Max: 0xffffffff, ABSOLUTE, FIXED)

    Exec Addr    Load Addr    Size         Type   Attr      Idx    E Section Name        Object

    0x27030088   0x27030088   0x00000004   Data   RO         1000    .option_setting_data_flash_fsblctrl2  bsp_rom_registers.o


    Execution Region UNUSED_18 (Exec base: 0x2703008c, Load base: 0x2703008c, Size: 0x00000000, Max: 0x00000000, ABSOLUTE, FIXED)

    Exec Addr    Load Addr    Size         Type   Attr      Idx    E Section Name        Object

    0x2703008c        -       0x00000000   Zero   RW           40    UNUSED_18.bss       anon$$obj.o


    Execution Region SACC0 (Exec base: 0x2703008c, Load base: 0x2703008c, Size: 0x00000004, Max: 0xffffffff, ABSOLUTE, FIXED)

    Exec Addr    Load Addr    Size         Type   Attr      Idx    E Section Name        Object

    0x2703008c   0x2703008c   0x00000004   Data   RO         1001    .option_setting_data_flash_sacc0  bsp_rom_registers.o


    Execution Region UNUSED_19 (Exec base: 0x27030090, Load base: 0x27030090, Size: 0x00000000, Max: 0x00000000, ABSOLUTE, FIXED)

    Exec Addr    Load Addr    Size         Type   Attr      Idx    E Section Name        Object

    0x27030090        -       0x00000000   Zero   RW           41    UNUSED_19.bss       anon$$obj.o


    Execution Region SACC1 (Exec base: 0x27030090, Load base: 0x27030090, Size: 0x00000004, Max: 0xffffffff, ABSOLUTE, FIXED)

    Exec Addr    Load Addr    Size         Type   Attr      Idx    E Section Name        Object

    0x27030090   0x27030090   0x00000004   Data   RO         1002    .option_setting_data_flash_sacc1  bsp_rom_registers.o


    Execution Region UNUSED_20 (Exec base: 0x27030094, Load base: 0x27030094, Size: 0x00000000, Max: 0x00000000, ABSOLUTE, FIXED)

    Exec Addr    Load Addr    Size         Type   Attr      Idx    E Section Name        Object

    0x27030094        -       0x00000000   Zero   RW           42    UNUSED_20.bss       anon$$obj.o


    Execution Region SAMR (Exec base: 0x27030094, Load base: 0x27030094, Size: 0x00000004, Max: 0xffffffff, ABSOLUTE, FIXED)

    Exec Addr    Load Addr    Size         Type   Attr      Idx    E Section Name        Object

    0x27030094   0x27030094   0x00000004   Data   RO         1003    .option_setting_data_flash_samr  bsp_rom_registers.o


    Execution Region UNUSED_21 (Exec base: 0x27030098, Load base: 0x27030098, Size: 0x000002c8, Max: 0x000002c8, ABSOLUTE, FIXED)

    Exec Addr    Load Addr    Size         Type   Attr      Idx    E Section Name        Object

    0x27030098        -       0x000002c8   Zero   RW           43    UNUSED_21.bss       anon$$obj.o


    Execution Region HOEMRTPK (Exec base: 0x27030360, Load base: 0x27030360, Size: 0x00000000, Max: 0xffffffff, ABSOLUTE, FIXED)

    **** No section assigned to this execution region ****


    Execution Region UNUSED_22 (Exec base: 0x27030360, Load base: 0x27030360, Size: 0x00000020, Max: 0x00000020, ABSOLUTE, FIXED)

    Exec Addr    Load Addr    Size         Type   Attr      Idx    E Section Name        Object

    0x27030360        -       0x00000020   Zero   RW           44    UNUSED_22.bss       anon$$obj.o


    Execution Region __tz_OPTION_SETTING_DATA_FLASH_S_N (Exec base: 0x27030380, Load base: 0x27030380, Size: 0x00000000, Max: 0x00000000, ABSOLUTE)

    Exec Addr    Load Addr    Size         Type   Attr      Idx    E Section Name        Object

    0x27030380        -       0x00000000   Zero   RW           45    __tz_OPTION_SETTING_DATA_FLASH_S_N.bss  anon$$obj.o



  Load Region LOAD_REGION_DATA_FLASH (Base: 0x27000000, Size: 0x00000000, Max: 0x00003000, ABSOLUTE)

    Execution Region __tz_DATA_FLASH_S (Exec base: 0x27000000, Load base: 0x27000000, Size: 0x00000000, Max: 0x00000000, ABSOLUTE)

    Exec Addr    Load Addr    Size         Type   Attr      Idx    E Section Name        Object

    0x27000000        -       0x00000000   Zero   RW           46    __tz_DATA_FLASH_S.bss  anon$$obj.o


    Execution Region DATA_FLASH (Exec base: 0x27000000, Load base: 0x27000000, Size: 0x00000000, Max: 0xffffffff, ABSOLUTE)

    **** No section assigned to this execution region ****


    Execution Region __tz_DATA_FLASH_N (Exec base: 0x27000000, Load base: 0x27000000, Size: 0x00000000, Max: 0x00000000, ABSOLUTE)

    Exec Addr    Load Addr    Size         Type   Attr      Idx    E Section Name        Object

    0x27000000        -       0x00000000   Zero   RW           47    __tz_DATA_FLASH_N.bss  anon$$obj.o



  Load Region LOAD_REGION_QSPI_FLASH (Base: 0x60000000, Size: 0x00000000, Max: 0x00000000, ABSOLUTE)

    Execution Region __tz_QSPI_FLASH_S (Exec base: 0x60000000, Load base: 0x60000000, Size: 0x00000000, Max: 0x00000000, ABSOLUTE)

    Exec Addr    Load Addr    Size         Type   Attr      Idx    E Section Name        Object

    0x60000000        -       0x00000000   Zero   RW           48    __tz_QSPI_FLASH_S.bss  anon$$obj.o


    Execution Region QSPI_FLASH (Exec base: 0x60000000, Load base: 0x60000000, Size: 0x00000000, Max: 0xffffffff, ABSOLUTE, FIXED)

    **** No section assigned to this execution region ****


    Execution Region __tz_QSPI_FLASH_N (Exec base: 0x60000000, Load base: 0x60000000, Size: 0x00000000, Max: 0x00000000, ABSOLUTE)

    Exec Addr    Load Addr    Size         Type   Attr      Idx    E Section Name        Object

    0x60000000        -       0x00000000   Zero   RW           49    __tz_QSPI_FLASH_N.bss  anon$$obj.o



  Load Region LOAD_REGION_OSPI_DEVICE_0 (Base: 0x80000000, Size: 0x00000000, Max: 0x10000000, ABSOLUTE)

    Execution Region __tz_OSPI_DEVICE_0_S (Exec base: 0x80000000, Load base: 0x80000000, Size: 0x00000000, Max: 0x00000000, ABSOLUTE)

    Exec Addr    Load Addr    Size         Type   Attr      Idx    E Section Name        Object

    0x80000000        -       0x00000000   Zero   RW           50    __tz_OSPI_DEVICE_0_S.bss  anon$$obj.o


    Execution Region OSPI_DEVICE_0 (Exec base: 0x80000000, Load base: 0x80000000, Size: 0x00000000, Max: 0xffffffff, ABSOLUTE, FIXED)

    **** No section assigned to this execution region ****


    Execution Region __tz_OSPI_DEVICE_0_N (Exec base: 0x80000000, Load base: 0x80000000, Size: 0x00000000, Max: 0x00000000, ABSOLUTE)

    Exec Addr    Load Addr    Size         Type   Attr      Idx    E Section Name        Object

    0x80000000        -       0x00000000   Zero   RW           51    __tz_OSPI_DEVICE_0_N.bss  anon$$obj.o



  Load Region LOAD_REGION_OSPI_DEVICE_1 (Base: 0x90000000, Size: 0x00000000, Max: 0x10000000, ABSOLUTE)

    Execution Region __tz_OSPI_DEVICE_1_S (Exec base: 0x90000000, Load base: 0x90000000, Size: 0x00000000, Max: 0x00000000, ABSOLUTE)

    Exec Addr    Load Addr    Size         Type   Attr      Idx    E Section Name        Object

    0x90000000        -       0x00000000   Zero   RW           52    __tz_OSPI_DEVICE_1_S.bss  anon$$obj.o


    Execution Region OSPI_DEVICE_1 (Exec base: 0x90000000, Load base: 0x90000000, Size: 0x00000000, Max: 0xffffffff, ABSOLUTE, FIXED)

    **** No section assigned to this execution region ****


    Execution Region __tz_OSPI_DEVICE_1_N (Exec base: 0x90000000, Load base: 0x90000000, Size: 0x00000000, Max: 0x00000000, ABSOLUTE)

    Exec Addr    Load Addr    Size         Type   Attr      Idx    E Section Name        Object

    0x90000000        -       0x00000000   Zero   RW           53    __tz_OSPI_DEVICE_1_N.bss  anon$$obj.o



  Load Region LOAD_REGION_SDRAM (Base: 0x68000000, Size: 0x00000000, Max: 0x08000000, ABSOLUTE)

    Execution Region __tz_SDRAM_S (Exec base: 0x68000000, Load base: 0x68000000, Size: 0x00000000, Max: 0x00000000, ABSOLUTE)

    Exec Addr    Load Addr    Size         Type   Attr      Idx    E Section Name        Object

    0x68000000        -       0x00000000   Zero   RW           54    __tz_SDRAM_S.bss    anon$$obj.o


    Execution Region SDRAM (Exec base: 0x68000000, Load base: 0x68000000, Size: 0x00000000, Max: 0xffffffff, ABSOLUTE, FIXED)

    **** No section assigned to this execution region ****


    Execution Region NOCACHE_SDRAM (Exec base: 0x68000000, Load base: 0x68000000, Size: 0x00000000, Max: 0xffffffff, ABSOLUTE, UNINIT)

    **** No section assigned to this execution region ****


    Execution Region NOCACHE_SDRAM_PAD (Exec base: 0x68000000, Load base: 0x68000000, Size: 0x00000000, Max: 0x00000000, ABSOLUTE)

    Exec Addr    Load Addr    Size         Type   Attr      Idx    E Section Name        Object

    0x68000000        -       0x00000000   Zero   RW           55    NOCACHE_SDRAM_PAD.bss  anon$$obj.o


    Execution Region __tz_SDRAM_N (Exec base: 0x68000000, Load base: 0x68000000, Size: 0x00000000, Max: 0x00000000, ABSOLUTE)

    Exec Addr    Load Addr    Size         Type   Attr      Idx    E Section Name        Object

    0x68000000        -       0x00000000   Zero   RW           56    __tz_SDRAM_N.bss    anon$$obj.o


==============================================================================

Image component sizes


      Code (inc. data)   RO Data    RW Data    ZI Data      Debug   Object Name

      1386          0          0          0         44      47878   bsp_clocks.o
         8          0         78          0          0       9843   bsp_common.o
       226          0          0          0          0       1522   bsp_delay.o
       192          0          0          0         64      13533   bsp_group_irq.o
         0          0          0          0          4        556   bsp_io.o
        76          0          0          0        384      14771   bsp_irq.o
       266          0          8          0          8      34701   bsp_register_protection.o
         0          0        104          0          0       1460   bsp_rom_registers.o
         0          0         48          0          0       1087   bsp_security.o
         0          0         12          0          8      17714   common_data.o
         0          0        504         12        272     117218   hal_data.o
      9800         32       4655         52       3300      24004   hal_entry_1.o
        20          0          0          0          0        484   main.o
         0          0        916          0          0       8109   pin_data.o
       368          0          0          0          0      95393   r_adc.o
      2736          0         52          0          8      65399   r_agt.o
       280          0          0          0          0      34117   r_ceu.o
         0          0          0        384          0      24809   r_dtc.o
      2914          0         52          0          0      88395   r_gpt.o
      1744          0         58          0          0      68130   r_ioport.o
       624          0          0          0          0      71910   r_sci_b_spi.o
      3400          0         75          0          0      80459   r_sci_b_uart.o
      1060          0          0          0          0      81694   r_sdhi.o
      1040          0          0          0          0      72610   r_spi_b.o
       412          0          0          0          0      18621   ra_driver_sdram.o
        18          0         64          0      73728       1036   startup.o
       846          0          0          0          4      46486   system.o
      2060          0       1217          0       2058       4244   tcp_uart_1.o
         0          0        576          0          0      11040   vector_data.o
       208          0          0          0        133       2334   zf_common_debug.o
      1784          0          0          0          0       5299   zf_common_fifo.o
       218          0          0          0          0       7855   zf_common_function.o
      3534          0        269          0       2221      33496   zf_device_wifi_uart.o
        38          0          0          0          0        888   zf_driver_delay.o
       120          0          0          0          0       8096   zf_driver_gpio.o
        86          0          0          0          0      12838   zf_driver_pit.o
       116          0          0          0          0      12977   zf_driver_pwm.o
       148          0          0          0        261       2740   zf_driver_uart.o

    ----------------------------------------------------------------------
     36524         32       8700       1400      83576    1143746   Object Totals
         0          0          0          0       1056          0   (incl. Generated)
       796          0         12        952         23          0   (incl. Padding)

    ----------------------------------------------------------------------

      Code (inc. data)   RO Data    RW Data    ZI Data      Debug   Library Member Name

       176         18          0          0          0        156   cos.o
       196         14         48          0          0        176   cos_i.o
        48         28          0          0          0        232   dunder.o
        24          0          0          0          0        124   fabs.o
        48          0          0          0          0        124   fpclassify.o
       112          0          0          0          0        116   poly.o
       776        130        204          0          0        172   rred.o
       176         18          0          0          0        160   sin.o
       160         16         40          0          0        196   sin_i.o
        28          0          0          0          0         68   _chval.o
       812          4          0          0          0        112   _scanf.o
       332          0          0          0          0         96   _scanf_int.o
       342          0          0          0          0        100   _scanf_longlong.o
       224          0          0          0          0         96   _scanf_str.o
        64          0          0          0          0         84   _sgetc.o
         8          4        133          0          0         68   ctype_o.o
        12          6          0          4          0         68   errno.o
        18          0          0          0          0         76   isspace_o.o
         0          0          0          0          0          0   iusefp.o
        98          0          0          0          0         84   ldiv.o
        30          0          0          0          0         68   llshl.o
        36          0          0          0          0         68   llsshr.o
        32          0          0          0          0         68   llushr.o
        36          0          0          0          0         68   memcpya.o
        36          0          0          0          0        108   memseta.o
      2382        100          0          0          0        760   printfa.o
        40          8          0          0          0         84   scanf_char.o
       878         12          0          0          0        216   scanf_fp.o
         8          0          0          0          0         68   siabs.o
        56          8          0          0          0         84   sscanf.o
         0          0          0          4          0          0   stdout.o
        20          0          0          0          0         68   strchr.o
        28          0          0          0          0         76   strcmp.o
        14          0          0          0          0         68   strlen.o
        30          0          0          0          0         80   strncmp.o
        24          0          0          0          0         76   strncpy.o
        22          0          0          0          0         68   strrchr.o
        36          0          0          0          0         80   strstr.o
        12          0          0          0          0         68   tolower.o
        44          0          0          0          0         80   uidiv.o
        98          0          0          0          0         92   uldiv.o
        48          0          0          0          0         68   cdrcmple.o
        56          0          0          0          0         88   d2f.o
       334          0          0          0          0        148   dadd.o
       222          0          0          0          0        100   ddiv.o
       186          0          0          0          0        176   depilogue.o
        48          0          0          0          0         68   dfixul.o
        24          0          0          0          0         76   dfltul.o
       228          0          0          0          0         96   dmul.o
       110          0          0          0          0        168   fepilogue.o

    ----------------------------------------------------------------------
      8788        366        432          8          0       5644   Library Totals
        16          0          7          0          0          0   (incl. Padding)

    ----------------------------------------------------------------------

      Code (inc. data)   RO Data    RW Data    ZI Data      Debug   Library Name

      1716        224        292          0          0       1456   m_wv.l
      5800        142        133          8          0       3200   mc_w.l
      1256          0          0          0          0        988   mf_w.l

    ----------------------------------------------------------------------
      8788        366        432          8          0       5644   Library Totals

    ----------------------------------------------------------------------

==============================================================================


      Code (inc. data)   RO Data    RW Data    ZI Data      Debug   

     45312        398       9132       1408      83576    1145622   Grand Totals
     45312        398       9132       1408      83576    1145622   ELF Image Totals
     45312        398       9132       1408          0          0   ROM Totals

==============================================================================

    Total RO  Size (Code + RO Data)                54444 (  53.17kB)
    Total RW  Size (RW Data + ZI Data)             84984 (  82.99kB)
    Total ROM Size (Code + RO Data + RW Data)      55852 (  54.54kB)

==============================================================================

